03-21 17:44:05.843  6398  6398 W KeyguardUpdateMonitor: invalid subId in handleServiceStateChange()
03-21 17:44:05.843  6398  6398 W KeyguardUpdateMonitor: invalid subId in handleSimStateChange()
03-21 17:44:05.843  6398  6398 W KeyguardUpdateMonitor: invalid subId in handleServiceStateChange()
03-21 17:44:05.843  6398  6398 W KeyguardUpdateMonitor: invalid subId in handleSimStateChange()
03-21 17:44:05.871  6682  6997 V AlarmClock: AlarmInitReceiver finished
03-21 17:44:05.889  7005  7005 W art     : Unexpected CPU variant for X86 using defaults: x86_64
03-21 17:44:05.891  6322  6333 I ActivityManager: Start proc 7005:android.process.media/u0a10 for broadcast com.android.providers.downloads/.DownloadReceiver
03-21 17:44:05.922  6398  6398 I Choreographer: Skipped 53 frames!  The application may be doing too much work on its main thread.
03-21 17:44:05.977  6322  6516 D AlarmManagerService: Setting time of day to sec=1490118246
03-21 17:44:06.012  6322  6516 W AlarmManagerService: Unable to set rtc to 1490118246: No such device
03-21 17:44:06.018  6322  6322 D ConditionProviders.SCP: onReceive android.intent.action.TIME_SET
03-21 17:44:06.018  6322  6322 D ConditionProviders.SCP: notifyCondition condition://android/schedule?days=6.7&start=23.30&end=10.0&exitAtAlarm=false STATE_FALSE reason=!meetsSchedule
03-21 17:44:06.019  6322  6322 D ConditionProviders.SCP: notifyCondition condition://android/schedule?days=1.2.3.4.5&start=22.0&end=7.0&exitAtAlarm=false STATE_FALSE reason=!meetsSchedule
03-21 17:44:06.019  6322  6322 D ConditionProviders.SCP: Scheduling evaluate for Tue Mar 21 22:00:00 GMT+00:00 2017 (1490133600000), in +4h15m53s982ms, now=Tue Mar 21 17:44:06 GMT+00:00 2017 (1490118246018)
03-21 17:44:06.033  6322  6381 I ActivityManager: Start proc 7021:com.android.providers.calendar/u0a2 for content provider com.android.providers.calendar/.CalendarProvider2
03-21 17:44:06.033  7021  7021 W art     : Unexpected CPU variant for X86 using defaults: x86_64
03-21 17:44:06.055  7021  7021 W System  : ClassLoader referenced unknown path: /system/priv-app/CalendarProvider/lib/x86_64
03-21 17:44:06.062  6536  6536 I art     : Explicit concurrent mark sweep GC freed 700(34KB) AllocSpace objects, 0(0B) LOS objects, 26% free, 1451KB/1963KB, paused 169us total 568.862ms
03-21 17:44:06.068  7005  7005 W System  : ClassLoader referenced unknown path: /system/priv-app/DownloadProvider/lib/x86_64
03-21 17:44:06.085  6398  6398 D PhoneStatusBar: disable: < expand* icons alerts system_info back* home* recent* clock search* quick_settings >
03-21 17:44:06.217  6322  6494 I WindowManager: Destroying surface Surface(name=com.android.settings/com.android.settings.FallbackHome) called by com.android.server.wm.WindowStateAnimator.destroySurface:2014 com.android.server.wm.WindowStateAnimator.destroySurfaceLocked:881 com.android.server.wm.WindowState.removeLocked:1449 com.android.server.wm.WindowManagerService.removeWindowInnerLocked:2478 com.android.server.wm.WindowManagerService.removeWindowLocked:2436 com.android.server.wm.WindowManagerService.removeWindowLocked:2305 com.android.server.wm.WindowManagerService.removeWindow:2300 com.android.server.wm.Session.remove:193 
03-21 17:44:06.256  7021  7021 I CalendarProvider2: Created com.android.providers.calendar.CalendarAlarmManager@aaabaf(com.android.providers.calendar.CalendarProvider2@1549bbc)
03-21 17:44:06.297  6398  6398 E SignalClusterView: Unexpected subscription 1
03-21 17:44:06.297  6398  6398 E SignalClusterView: Unexpected subscription 1
03-21 17:44:06.346  7005  7005 W System  : ClassLoader referenced unknown path: /system/priv-app/MediaProvider/lib/x86_64
03-21 17:44:06.485  6398  6423 I art     : Background partial concurrent mark sweep GC freed 5314(374KB) AllocSpace objects, 1(4MB) LOS objects, 29% free, 9MB/13MB, paused 690us total 166.029ms
03-21 17:44:06.649  6843  6887 I GrammarCompilationSvcCt: Grammar compilation alarm set for interval 604800000
03-21 17:44:06.811  7005  7005 D MediaScannerReceiver: action: android.intent.action.MEDIA_MOUNTED path: /storage/emulated/0
03-21 17:44:06.845  7044  7044 W art     : Unexpected CPU variant for X86 using defaults: x86_64
03-21 17:44:06.847  6322  6494 I ActivityManager: Start proc 7044:com.google.android.music:main/u0a57 for broadcast com.google.android.music/.store.MediaStoreImportService$Receiver
03-21 17:44:06.887  7044  7044 W System  : ClassLoader referenced unknown path: /system/app/Music2/lib/x86_64
03-21 17:44:06.924  7044  7044 I MultiDex: VM with version 2.1.0 has multidex support
03-21 17:44:06.924  7044  7044 I MultiDex: install
03-21 17:44:06.924  7044  7044 I MultiDex: VM has multidex support, MultiDex support library is disabled.
03-21 17:44:06.937  6664  6707 I ContactLocale: AddressBook Labels [[en_US]]: [, A, B, C, D, E, F, G, H, I, J, K, L, M, N, O, P, Q, R, S, T, U, V, W, X, Y, Z, , , , , , , , , , , , , , , , , , , , , , , , , , , , , , , , , , , , , , , , , , , , , , , , , , , , , , , , , , , , , , , , , , , , , , , , , , , , , , , , , , , , , , , , , , , , , , , , , , , , , , , , , , , , , , , , , , , , , , , , , , , , , , , , , , , , , , , , , , , , , , , , , , , , , , , , , , , , , , , , , , , , , , , , , , , , , , , , , , , , , , , , , , , #, ]
03-21 17:44:06.984  7044  7044 I BaseStore: ConfigStore database version: 1
03-21 17:44:07.187  7044  7044 I BaseStore: Store database version: 135
03-21 17:44:07.412  7044  7044 I GoogleURLConnFactory: Using platform SSLCertificateSocketFactory
03-21 17:44:07.413  7044  7044 I GoogleHttpClient: Using GMS GoogleHttpClient
03-21 17:44:07.417  7005  7059 V MediaScanner: pruneDeadThumbnailFiles... android.content.ContentProviderClient$CursorWrapperInner@4e0d6f2
03-21 17:44:07.417  7044  7044 D NetworkSecurityConfig: No Network Security Config specified, using platform default
03-21 17:44:07.417  7005  7059 V MediaScanner: /pruneDeadThumbnailFiles... android.content.ContentProviderClient$CursorWrapperInner@4e0d6f2
03-21 17:44:07.420  7044  7044 I GHttpClientFactory: Using our fixed implementation of GMSCore's GoogleHttpClient
03-21 17:44:07.421  7044  7044 I GoogleURLConnFactory: Using platform SSLCertificateSocketFactory
03-21 17:44:07.465  7044  7044 D MusicLifecycle: com.google.android.music.MusicApplication generated event: Application created
03-21 17:44:07.484  7044  7044 W System  : ClassLoader referenced unknown path: /system/priv-app/PrebuiltGmsCore/lib/x86_64
03-21 17:44:07.501  7044  7044 W System  : ClassLoader referenced unknown path: /system/priv-app/PrebuiltGmsCore/lib/x86_64
03-21 17:44:07.502  7044  7044 W System  : ClassLoader referenced unknown path: /system/priv-app/PrebuiltGmsCore/lib/x86_64
03-21 17:44:07.506  7044  7044 W System  : ClassLoader referenced unknown path: /system/priv-app/PrebuiltGmsCore/lib/x86_64
03-21 17:44:07.506  7044  7044 W System  : ClassLoader referenced unknown path: /system/priv-app/PrebuiltGmsCore/lib/x86_64
03-21 17:44:07.516  7044  7044 V JNIHelp : Registering com/google/android/gms/org/conscrypt/NativeCrypto's 242 native methods...
03-21 17:44:07.533  7044  7044 I ProviderInstaller: Installed default security provider GmsCore_OpenSSL
03-21 17:44:07.533  7044  7044 D AndroidMusic: GMSCore installation verified
03-21 17:44:07.600  7044  7044 V MediaRouter: Adding route: RouteInfo{ name=Phone, description=null, status=null, category=RouteCategory{ name=null types=ROUTE_TYPE_LIVE_AUDIO ROUTE_TYPE_LIVE_VIDEO  groupable=false }, supportedTypes=ROUTE_TYPE_LIVE_AUDIO ROUTE_TYPE_LIVE_VIDEO , presentationDisplay=null }
03-21 17:44:07.602  7044  7044 V MediaRouter: Updating audio routes: AudioRoutesInfo{ type=SPEAKER }
03-21 17:44:07.603  7044  7044 V MediaRouter: Selecting route: RouteInfo{ name=Phone, description=null, status=null, category=RouteCategory{ name=null types=ROUTE_TYPE_LIVE_AUDIO ROUTE_TYPE_LIVE_VIDEO  groupable=false }, supportedTypes=ROUTE_TYPE_LIVE_AUDIO ROUTE_TYPE_LIVE_VIDEO , presentationDisplay=null }
03-21 17:44:07.606  7044  7044 I MediaRouter: Found default route: MediaRouter.RouteInfo{ uniqueId=android/.support.v7.media.SystemMediaRouteProvider:DEFAULT_ROUTE, name=Phone, description=null, iconUri=null, enabled=true, connecting=false, connectionState=0, canDisconnect=false, playbackType=0, playbackStream=3, deviceType=0, volumeHandling=1, volume=11, volumeMax=15, presentationDisplayId=-1, extras=null, settingsIntent=null, providerPackageName=android }
03-21 17:44:07.632  7044  7044 D MusicLifecycle: com.google.android.music.store.MediaStoreImportService$Receiver generated event: Broadcast received with context android.app.ReceiverRestrictedContext@ad6ed3c and intent Intent { act=android.intent.action.MEDIA_MOUNTED dat=file:///storage/emulated/0 flg=0x4000010 cmp=com.google.android.music/.store.MediaStoreImportService$Receiver (has extras) }
03-21 17:44:07.638  7044  7044 D MusicLifecycle: com.google.android.music.net.NetworkMonitor generated event: Service created
03-21 17:44:07.640  7044  7044 I NetworkMonitor: type=MOBILE subType=LTE reason=connected isConnected=true
03-21 17:44:07.663  6322  6797 I ActivityManager: Start proc 7071:com.google.android.gms/u0a13 for broadcast com.google.android.gms/.checkin.CheckinServiceTriggerReceiver
03-21 17:44:07.666  7071  7071 I chatty  : uid=10013(com.google.android.gms) expire 12 lines
03-21 17:44:07.686  7021  7021 I CalendarProvider2: Sending notification intent: Intent { act=android.intent.action.PROVIDER_CHANGED dat=content://com.android.calendar flg=0x20000000 }
03-21 17:44:07.686  7021  7021 W ContentResolver: Failed to get type for: content://com.android.calendar (Unknown URL content://com.android.calendar)
03-21 17:44:07.697  7044  7044 D MusicLifecycle: com.google.android.music.preferences.MusicPreferenceService$MusicPreferenceServiceBinder generated event: Service created
03-21 17:44:07.707  7044  7044 D MusicLifecycle: com.google.android.music.preferences.MusicPreferenceService$MusicPreferenceServiceBinder generated event: Service destroyed
03-21 17:44:07.708  7044  7044 D MusicLifecycle: com.google.android.music.preferences.MusicPreferenceService$MusicPreferenceServiceBinder generated event: Service created
03-21 17:44:07.711  7044  7044 D MusicLifecycle: com.google.android.music.preferences.MusicPreferenceService$MusicPreferenceServiceBinder generated event: Service destroyed
03-21 17:44:07.712  7044  7044 D MusicLifecycle: com.google.android.music.download.cache.StorageMigrationService generated event: Service created
03-21 17:44:07.715  6322  6336 V ActivityManager: Attempted to start a foreground service (ComponentInfo{com.google.android.music/com.google.android.music.download.cache.StorageMigrationService}) with a broken notification (no icon: Notification(pri=0 contentView=null vibrate=null sound=null defaults=0x0 flags=0x40 color=0x00000000 vis=PRIVATE))
03-21 17:44:07.720  7044  7044 D MusicLifecycle: com.google.android.music.download.artwork.ArtDownloadService generated event: Service created
03-21 17:44:07.752  7044  7044 V MediaRouter: Selecting route: RouteInfo{ name=Phone, description=null, status=null, category=RouteCategory{ name=null types=ROUTE_TYPE_LIVE_AUDIO ROUTE_TYPE_LIVE_VIDEO  groupable=false }, supportedTypes=ROUTE_TYPE_LIVE_AUDIO ROUTE_TYPE_LIVE_VIDEO , presentationDisplay=null }
03-21 17:44:07.758  7044  7044 D MusicLifecycle: com.google.android.music.store.MediaStoreImportService generated event: Service created
03-21 17:44:07.758  7044  7044 D MusicLifecycle: com.google.android.music.preferences.MusicPreferenceService$MusicPreferenceServiceBinder generated event: Service created
03-21 17:44:07.761  7044  7044 D MusicLifecycle: com.google.android.music.net.NetworkMonitor$2 generated event: Broadcast received with context com.google.android.music.net.NetworkMonitor@c45a7d4 and intent Intent { act=android.net.conn.CONNECTIVITY_CHANGE flg=0x4000010 (has extras) }
03-21 17:44:07.762  7044  7044 I NetworkMonitor: type=MOBILE subType=LTE reason=connected isConnected=true
03-21 17:44:07.776  7044  7044 D MusicLifecycle: com.google.android.music.store.MediaStoreImportService generated event: Service destroyed
03-21 17:44:07.777  7044  7044 D MusicLifecycle: com.google.android.music.download.cache.StorageMigrationService generated event: Service destroyed
03-21 17:44:07.909  6322  6380 D NotificationSQLiteLog: Pruned event entries: 0
03-21 17:44:08.101  6322  7104 I RecoverySystem: No recovery log file
03-21 17:44:08.178  6322  7104 I BootReceiver: Copying /data/tombstones/tombstone_07 to DropBox (SYSTEM_TOMBSTONE)
03-21 17:44:08.179  7105  7105 W art     : Unexpected CPU variant for X86 using defaults: x86_64
03-21 17:44:08.185  6322  6567 W ActivityManager: Slow operation: 94ms so far, now at startProcess: returned from zygote!
03-21 17:44:08.185  6322  6567 W ActivityManager: Slow operation: 94ms so far, now at startProcess: done updating battery stats
03-21 17:44:08.185  6322  6567 W ActivityManager: Slow operation: 94ms so far, now at startProcess: building log message
03-21 17:44:08.185  6322  6567 I ActivityManager: Start proc 7105:com.android.dialer/u0a8 for broadcast com.android.dialer/.calllog.CallLogReceiver
03-21 17:44:08.185  6322  6567 W ActivityManager: Slow operation: 94ms so far, now at startProcess: starting to update pids map
03-21 17:44:08.185  6322  6567 W ActivityManager: Slow operation: 94ms so far, now at startProcess: done updating pids map
03-21 17:44:08.185  6322  6567 W ActivityManager: Slow operation: 94ms so far, now at startProcess: done starting proc!
03-21 17:44:08.227  7105  7105 W System  : ClassLoader referenced unknown path: /system/priv-app/Dialer/lib/x86_64
03-21 17:44:08.294  7105  7105 D ExtensionsFactory: No custom extensions.
03-21 17:44:08.297  7105  7105 D BlockedNumbersAuto: Not attempting auto-migrate: already checked once.
03-21 17:44:08.314  6322  6371 D WIFI    : Registering NetworkFactory
03-21 17:44:08.314  6322  6371 D WIFI_UT : Registering NetworkFactory
03-21 17:44:08.314  6322  6375 D ConnectivityService: Got NetworkFactory Messenger for WIFI
03-21 17:44:08.314  6322  6375 D ConnectivityService: Got NetworkFactory Messenger for WIFI_UT
03-21 17:44:08.315  6524  6524 V OtaStartupReceiver: onOtaspChanged: mOtaspMode=3
03-21 17:44:08.315  6322  6371 D WIFI    : got request NetworkRequest [ id=1, legacyType=-1, [ Capabilities: INTERNET&NOT_RESTRICTED&TRUSTED&NOT_VPN] ] with score 50
03-21 17:44:08.315  6322  6371 D WIFI_UT : got request NetworkRequest [ id=1, legacyType=-1, [ Capabilities: INTERNET&NOT_RESTRICTED&TRUSTED&NOT_VPN] ] with score 50
03-21 17:44:08.316  7105  7122 W CountryDetector: No location permissions, not registering for location updates.
03-21 17:44:08.316  6524  6524 D CarrierConfigLoader: mHandler: 13 phoneId: 0
03-21 17:44:08.316  6524  6524 D CarrierConfigLoader: mHandler: 7 phoneId: 0
03-21 17:44:08.320  6682  6682 I AlarmClock: AlarmInitReceiver android.intent.action.BOOT_COMPLETED
03-21 17:44:08.321  6524  6524 D CarrierConfigLoader: Loaded config from XML. package=com.android.carrierconfig phoneId=0
03-21 17:44:08.321  6524  6524 D CarrierConfigLoader: mHandler: 5 phoneId: 0
03-21 17:44:08.330  6322  6322 I Telecom : PhoneAccountRegistrar: SimCallManager queried, returning: null: TSI.gSCMFU@ADU
03-21 17:44:08.347  6682  6997 V AlarmClock: AlarmInitReceiver finished
03-21 17:44:08.348  6391  6391 I SystemBroadcastReceiver: Boot has been completed
03-21 17:44:08.348  6391  6391 I SystemBroadcastReceiver: toggleAppIcon() : FLAG_SYSTEM = true
03-21 17:44:08.373  6322  6384 I ActivityManager: Start proc 7124:com.android.managedprovisioning/u0a20 for broadcast com.android.managedprovisioning/.BootReminder
03-21 17:44:08.375  7124  7124 W art     : Unexpected CPU variant for X86 using defaults: x86_64
03-21 17:44:08.396  7124  7124 W System  : ClassLoader referenced unknown path: /system/priv-app/ManagedProvisioning/lib/x86_64
03-21 17:44:08.423  6524  6524 V OmtpBootCompletedRcvr: processing deferred subId list
03-21 17:44:08.600  6322  6882 I ActivityManager: Start proc 7140:com.google.android.apps.maps/u0a56 for broadcast com.google.android.apps.maps/com.google.android.apps.gmm.navigation.service.detection.StartDetectionReceiver
03-21 17:44:08.604  7140  7140 W art     : Unexpected CPU variant for X86 using defaults: x86_64
03-21 17:44:08.632  7140  7140 W System  : ClassLoader referenced unknown path: /system/app/Maps/lib/x86_64
03-21 17:44:08.806  7005  7139 W MediaScanner: Error opening directory '/oem/media/', skipping: No such file or directory.
03-21 17:44:08.886  7005  7139 V MediaScanner: pruneDeadThumbnailFiles... android.content.ContentProviderClient$CursorWrapperInner@4b9e1fa
03-21 17:44:08.887  7005  7139 V MediaScanner: /pruneDeadThumbnailFiles... android.content.ContentProviderClient$CursorWrapperInner@4b9e1fa
03-21 17:44:09.125  6322  6384 I ActivityManager: Start proc 7164:com.google.android.apps.messaging/u0a63 for broadcast com.google.android.apps.messaging/.shared.receiver.BootAndPackageReplacedReceiver
03-21 17:44:09.126  7164  7164 W art     : Unexpected CPU variant for X86 using defaults: x86
03-21 17:44:09.158  7164  7164 W System  : ClassLoader referenced unknown path: /system/app/PrebuiltBugle/lib/x86
03-21 17:44:09.164  7140  7154 W com.google.a.a.b.d.a: Application name is not set. Call Builder#setApplicationName.
03-21 17:44:09.395  7185  7185 W art     : Unexpected CPU variant for X86 using defaults: x86
03-21 17:44:09.396  6322  6334 I ActivityManager: Start proc 7185:com.google.android.apps.photos/u0a62 for broadcast com.google.android.apps.photos/.camerashortcut.CameraShortcutBroadcastReceiver
03-21 17:44:09.411  7164  7164 I Bugle   : Carrier config changed. Reloading MMS config.
03-21 17:44:09.441  7185  7185 W System  : ClassLoader referenced unknown path: /system/app/Photos/lib/x86
03-21 17:44:09.442  7164  7200 I BugleDataModel: Fixup: Send failed - 0 Download failed - 0
03-21 17:44:09.541  7071  7084 I chatty  : uid=10013(com.google.android.gms) expire 4 lines
03-21 17:44:09.638  7164  7180 W Bugle   : canonicalizeMccMnc: invalid mccmnc:null ,null
03-21 17:44:09.645  6322  6567 D MmsServiceBroker: getCarrierConfigValues() by com.google.android.apps.messaging
03-21 17:44:09.645  6322  6567 W MmsServiceBroker: MmsService not connected. Try connecting...
03-21 17:44:09.645  6322  6322 I MmsServiceBroker: Connecting to MmsService
03-21 17:44:09.645  6322  6322 W ContextImpl: Calling a method in the system process without a qualified user: android.app.ContextImpl.bindService:1449 com.android.server.MmsServiceBroker.tryConnecting:240 com.android.server.MmsServiceBroker.-wrap3:-1 com.android.server.MmsServiceBroker$1.handleMessage:82 android.os.Handler.dispatchMessage:102 
03-21 17:44:09.649  6524  6524 W System  : ClassLoader referenced unknown path: /system/priv-app/MmsService/lib/x86_64
03-21 17:44:09.678  7185  7185 W TrustedPartners: no provider found for com.motorola.camera.provider.bestshotprovider.BestShotProvider; do not trust
03-21 17:44:09.678  7185  7185 W TrustedPartners: no provider found for com.google.android.apps.photos.api.SpecialTypesProvider; do not trust
03-21 17:44:09.679  7185  7185 W TrustedPartners: no provider found for com.lge.photos.specialtypeprovider; do not trust
03-21 17:44:09.703  6322  6681 I ActivityManager: Start proc 7230:com.google.android.apps.photos:CameraShortcut/u0a62 for service com.google.android.apps.photos/.camerashortcut.CameraShortcutServiceImpl
03-21 17:44:09.704  7230  7230 W art     : Unexpected CPU variant for X86 using defaults: x86
03-21 17:44:09.752  7071  7218 I chatty  : uid=10013(com.google.android.gms) expire 12 lines
03-21 17:44:09.753  7230  7230 W System  : ClassLoader referenced unknown path: /system/app/Photos/lib/x86
03-21 17:44:09.754  7071  7205 I chatty  : uid=10013(com.google.android.gms) expire 8 lines
03-21 17:44:09.777  7164  7184 I Bugle   : ApnsOta: OTA version -1
03-21 17:44:09.790  7247  7247 W art     : Unexpected CPU variant for X86 using defaults: x86_64
03-21 17:44:09.794  6322  6809 I ActivityManager: Start proc 7247:com.google.android.calendar/u0a32 for broadcast com.google.android.calendar/com.android.calendar.alerts.AlertReceiver
03-21 17:44:09.819  7164  7262 I BugleDataModel: ExpireWapPushSiMessageAction
03-21 17:44:09.830  7247  7247 W System  : ClassLoader referenced unknown path: /system/app/CalendarGooglePrebuilt/lib/x86_64
03-21 17:44:09.866  6524  6524 D MmsService: onCreate
03-21 17:44:09.869  6322  6322 I MmsServiceBroker: MmsService connected
03-21 17:44:09.870  6524  6524 I MmsService: MmsConfigManager receiver action: android.intent.action.SIM_STATE_CHANGED
03-21 17:44:09.870  6524  6524 I MmsService: MmsConfigManager receiver action: android.telephony.action.CARRIER_CONFIG_CHANGED
03-21 17:44:09.871  6524  7265 I MmsService: MmsConfigManager loads in background mcc/mnc: 310/260
03-21 17:44:09.871  6524  7267 I MmsService: MmsConfigManager loads in background mcc/mnc: 310/260
03-21 17:44:09.871  6524  7266 I MmsService: MmsConfigManager loads in background mcc/mnc: 310/260
03-21 17:44:09.872  7164  7262 V BugleDataModel: getOrCreateThreadId uri: content://mms-sms/threadID?recipient=%CA%BCWAP_PUSH_SI!%CA%BC
03-21 17:44:09.875  6524  6545 D MmsService: getCarrierConfigValues
03-21 17:44:09.875  6524  6545 I MmsService: mms config for sub 1: null
03-21 17:44:09.879  7164  7180 I Bugle   : Carrier configs loaded: Bundle[{spamForwardingNumber=7726, maxImageHeight=1944, maxMessageSize=1048576, maxImageWidth=2592}] from resources+system for subId=1
03-21 17:44:09.935  7164  7184 W Bugle   : canonicalizeMccMnc: invalid mccmnc:null ,null
03-21 17:44:09.949  7164  7262 W BugleDataModel: ExpireWapPushSiMessageAction: no WAP Push SI messages
03-21 17:44:09.961  6322  6567 D MmsServiceBroker: getCarrierConfigValues() by com.google.android.apps.messaging
03-21 17:44:09.961  6524  6549 D MmsService: getCarrierConfigValues
03-21 17:44:09.961  6524  6549 I MmsService: mms config for sub 1: Bundle[{httpSocketTimeout=60000, aliasMinChars=2, smsToMmsTextThreshold=-1, enableSMSDeliveryReports=true, maxMessageTextSize=-1, supportMmsContentDisposition=true, enabledTransID=false, aliasEnabled=false, supportHttpCharsetHeader=false, allowAttachAudio=true, smsToMmsTextLengthThreshold=-1, recipientLimit=2147483647, uaProfTagName=x-wap-profile, aliasMaxChars=48, maxImageHeight=1944, enableMMSDeliveryReports=false, userAgent=, config_cellBroadcastAppLinks=true, maxSubjectLength=40, httpParams=, enableGroupMms=true, emailGatewayNumber=, maxMessageSize=1048576, naiSuffix=, enableMMSReadReports=false, maxImageWidth=2592, uaProfUrl=, enabledMMS=false, enabledNotifyWapMMSC=false, sendMultipartSmsAsSeparateMessages=false, enableMultipartSMS=true}]
03-21 17:44:09.963  7164  7184 I Bugle   : Carrier configs loaded: Bundle[{httpSocketTimeout=60000, aliasMinChars=2, smsToMmsTextThreshold=-1, enableSMSDeliveryReports=true, maxMessageTextSize=-1, supportMmsContentDisposition=true, enabledTransID=false, aliasEnabled=false, supportHttpCharsetHeader=false, allowAttachAudio=true, spamForwardingNumber=7726, smsToMmsTextLengthThreshold=-1, recipientLimit=2147483647, uaProfTagName=x-wap-profile, aliasMaxChars=48, maxImageHeight=1944, enableMMSDeliveryReports=false, userAgent=, config_cellBroadcastAppLinks=true, maxSubjectLength=40, httpParams=, enableGroupMms=true, emailGatewayNumber=, maxMessageSize=1048576, naiSuffix=, enableMMSReadReports=false, maxImageWidth=2592, uaProfUrl=, enabledMMS=false, enabledNotifyWapMMSC=false, sendMultipartSmsAsSeparateMessages=false, enableMultipartSMS=true}] from resources+system for subId=1
03-21 17:44:10.080  7230  7230 W TrustedPartners: no provider found for com.motorola.camera.provider.bestshotprovider.BestShotProvider; do not trust
03-21 17:44:10.081  7230  7230 W TrustedPartners: no provider found for com.google.android.apps.photos.api.SpecialTypesProvider; do not trust
03-21 17:44:10.081  7230  7230 W TrustedPartners: no provider found for com.lge.photos.specialtypeprovider; do not trust
03-21 17:44:10.151  6322  6797 W ActivityManager: Unable to start service Intent { act=com.google.android.gms.playlog.service.START pkg=com.google.android.gms } U=0: not found
03-21 17:44:10.151  6322  6384 W ActivityManager: Unbind failed: could not find connection for android.os.BinderProxy@faf977f
03-21 17:44:10.151  7247  7247 E GmsClient: unable to connect to service: com.google.android.gms.playlog.service.START
03-21 17:44:10.183  7247  7247 E TimelyPrefService: Primary account is null
03-21 17:44:10.267  7247  7247 W AnalyticsLogBase: PlayLogger.onLoggerFailedConnection
03-21 17:44:10.294  6322  6494 I ActivityManager: Start proc 7295:com.google.android.configupdater/u0a4 for broadcast com.google.android.configupdater/.CertPin.CertPinUpdateRequestReceiver
03-21 17:44:10.298  7295  7295 W art     : Unexpected CPU variant for X86 using defaults: x86_64
03-21 17:44:10.326  7295  7295 W System  : ClassLoader referenced unknown path: /system/priv-app/ConfigUpdater/lib/x86_64
03-21 17:44:10.412  7295  7295 E ConfigUpdater: ignoring update request
03-21 17:44:10.420  7295  7295 E ConfigUpdater: ignoring update request
03-21 17:44:10.425  7295  7295 E ConfigUpdater: ignoring update request
03-21 17:44:10.430  7295  7295 E ConfigUpdater: ignoring update request
03-21 17:44:10.433  7295  7295 E ConfigUpdater: ignoring update request
03-21 17:44:10.437  7295  7295 E ConfigUpdater: ignoring update request
03-21 17:44:10.444  7295  7295 E ConfigUpdater: ignoring update request
03-21 17:44:10.459  7326  7326 W art     : Unexpected CPU variant for X86 using defaults: x86_64
03-21 17:44:10.460  6322  6384 I ActivityManager: Start proc 7326:com.google.android.gm/u0a64 for broadcast com.google.android.gm/.GoogleMailDeviceStartupReceiver
03-21 17:44:10.490  7326  7326 W System  : ClassLoader referenced unknown path: /system/app/PrebuiltGmail/lib/x86_64
03-21 17:44:10.578  7326  7326 W EasBundling: in EasBundling.init, isBundlingEnabled=true
03-21 17:44:10.594  6322  6567 D CountryDetector: The first listener is added
03-21 17:44:10.612  7326  7342 I Gmail   : getAccountsCursor
03-21 17:44:10.613  7326  7343 D ActivityThread: Loading provider com.google.android.gmail.provider;com.android.mail.notifier;com.google.android.gm.email.provider;com.google.android.gm.email.notifier: com.android.email.provider.EmailProvider
03-21 17:44:10.750  7164  7180 W Bugle   : canonicalizeMccMnc: invalid mccmnc:null ,null
03-21 17:44:10.755  6322  6384 D MmsServiceBroker: getCarrierConfigValues() by com.google.android.apps.messaging
03-21 17:44:10.755  6524  7268 D MmsService: getCarrierConfigValues
03-21 17:44:10.756  6524  7268 I MmsService: mms config for sub 1: Bundle[{httpSocketTimeout=60000, aliasMinChars=2, smsToMmsTextThreshold=-1, enableSMSDeliveryReports=true, maxMessageTextSize=-1, supportMmsContentDisposition=true, enabledTransID=false, aliasEnabled=false, supportHttpCharsetHeader=false, allowAttachAudio=true, smsToMmsTextLengthThreshold=-1, recipientLimit=2147483647, uaProfTagName=x-wap-profile, aliasMaxChars=48, maxImageHeight=1944, enableMMSDeliveryReports=false, userAgent=, config_cellBroadcastAppLinks=true, maxSubjectLength=40, httpParams=, enableGroupMms=true, emailGatewayNumber=, maxMessageSize=1048576, naiSuffix=, enableMMSReadReports=false, maxImageWidth=2592, uaProfUrl=, enabledMMS=false, enabledNotifyWapMMSC=false, sendMultipartSmsAsSeparateMessages=false, enableMultipartSMS=true}]
03-21 17:44:10.756  7164  7180 I Bugle   : Carrier configs loaded: Bundle[{httpSocketTimeout=60000, aliasMinChars=2, smsToMmsTextThreshold=-1, enableSMSDeliveryReports=true, maxMessageTextSize=-1, supportMmsContentDisposition=true, enabledTransID=false, aliasEnabled=false, supportHttpCharsetHeader=false, allowAttachAudio=true, spamForwardingNumber=7726, smsToMmsTextLengthThreshold=-1, recipientLimit=2147483647, uaProfTagName=x-wap-profile, aliasMaxChars=48, maxImageHeight=1944, enableMMSDeliveryReports=false, userAgent=, config_cellBroadcastAppLinks=true, maxSubjectLength=40, httpParams=, enableGroupMms=true, emailGatewayNumber=, maxMessageSize=1048576, naiSuffix=, enableMMSReadReports=false, maxImageWidth=2592, uaProfUrl=, enabledMMS=false, enabledNotifyWapMMSC=false, sendMultipartSmsAsSeparateMessages=false, enableMultipartSMS=true}] from resources+system for subId=1
03-21 17:44:10.767  7326  7326 W GAV2    : Thread[main,5,main]: Need to call initialize() and be in fallback mode to start dispatch.
03-21 17:44:10.824  7326  7326 I Gmail   : Account list changed
03-21 17:44:10.824  7326  7342 I Gmail   : Initiated Service map for: [gPop3, gLegacyImap, gEas, gmail]
03-21 17:44:10.842  7326  7356 I Gmail   : No Email application installed
03-21 17:44:10.842  7326  7356 I EmailMigration: No data to migrate
03-21 17:44:10.842  7326  7356 W EmailMigration: No Exchange migration, not the right Email provider version
03-21 17:44:10.849  7326  7326 I Exchange: EasService.onCreate
03-21 17:44:10.855  6322  6784 W ActivityManager: Unable to start service Intent { cmp=com.google.android.gm.exchange/com.android.exchange.service.EasService } U=0: not found
03-21 17:44:10.855  7326  7326 I Exchange: EasService.onCreate stoppedOldService=false
03-21 17:44:10.858  7326  7342 I Exchange: RestartPingTask
03-21 17:44:10.862  6322  6384 W ActivityManager: Unable to start service Intent { cmp=com.google.android.gm/com.android.email.service.AttachmentService } U=0: not found
03-21 17:44:10.870  7326  7342 I Gmail   : getAccountsCursor
03-21 17:44:10.881  7326  7358 I Gmail   : Observing account changes for notifications
03-21 17:44:10.885  7326  7326 I Exchange: RestartPingsTask did not start any pings.
03-21 17:44:10.885  7326  7326 I Exchange: PSS stopIfIdle
03-21 17:44:10.885  7326  7326 I Exchange: PSS has no active accounts; stopping service.
03-21 17:44:10.894  7326  7326 W EasBundling: Gmail: isExchangeLegacy=false action=android.intent.action.BOOT_COMPLETED data=null
03-21 17:44:10.896  7326  7326 I Gmail   : Account list changed
03-21 17:44:10.950  7326  7343 I Gmail   : getAccountsCursor
03-21 17:44:10.962  7326  7326 I Gmail   : Account list changed
03-21 17:44:10.964  7326  7342 I Gmail   : getAccountsCursor
03-21 17:44:10.970  7326  7326 I Gmail   : Account list changed
03-21 17:44:11.067  7071  7082 I chatty  : uid=10013(com.google.android.gms) expire 6 lines
03-21 17:44:11.085  6322  6494 I ActivityManager: Start proc 7369:com.google.android.onetimeinitializer/u0a16 for broadcast com.google.android.onetimeinitializer/.OneTimeInitializerReceiver
03-21 17:44:11.117  7369  7369 W art     : Unexpected CPU variant for X86 using defaults: x86_64
03-21 17:44:11.188  6718  7388 I chatty  : uid=10013 com.google.android.gms.persistent expire 1 line
03-21 17:44:11.206  6718  6718 I chatty  : uid=10013 com.google.android.gms.persistent expire 5 lines
03-21 17:44:11.212  7071  7365 I chatty  : uid=10013(com.google.android.gms) expire 4 lines
03-21 17:44:11.222  7071  7367 I chatty  : uid=10013(com.google.android.gms) expire 5 lines
03-21 17:44:11.317  7071  7390 I chatty  : uid=10013(com.google.android.gms) expire 4 lines
03-21 17:44:11.340  6718  7395 I chatty  : uid=10013 com.google.android.gms.persistent expire 2 lines
03-21 17:44:11.365  6322  6333 I ActivityManager: Start proc 7407:com.google.android.gms.unstable/u0a13 for service com.google.android.gms/.droidguard.DroidGuardService
03-21 17:44:11.365  7407  7407 I chatty  : uid=10013 com.google.android.gms.unstable expire 10 lines
03-21 17:44:11.372  7071  7398 I chatty  : uid=10013(com.google.android.gms) expire 1 line
03-21 17:44:11.606  7369  7369 W System  : ClassLoader referenced unknown path: /system/priv-app/GoogleOneTimeInitializer/lib/x86_64
03-21 17:44:11.672  7071  7393 I chatty  : uid=10013(com.google.android.gms) expire 1 line
03-21 17:44:11.840  7448  7448 I chatty  : uid=10013 com.google.android.gms.ui expire 10 lines
03-21 17:44:11.842  6322  6809 I ActivityManager: Start proc 7448:com.google.android.gms.ui/u0a13 for service com.google.android.gms/.chimera.UiIntentOperationService
03-21 17:44:12.027  7071  7465 I chatty  : uid=10013(com.google.android.gms) expire 1 line
03-21 17:44:12.245  7071  7435 I chatty  : uid=10013(com.google.android.gms) expire 1 line
03-21 17:44:12.400  7071  7423 I chatty  : uid=10013(com.google.android.gms) expire 3 lines
03-21 17:44:12.436  7071  7366 I chatty  : uid=10013(com.google.android.gms) expire 3 lines
03-21 17:44:12.557  7369  7369 V OneTimeInitializerReceiver: OneTimeInitializerReceiver.onReceive
03-21 17:44:12.659  6718  7486 I chatty  : uid=10013 com.google.android.gms.persistent expire 1 line
03-21 17:44:12.710  7369  7503 V OneTimeService: OneTimeService.onHandleIntent
03-21 17:44:12.719  7369  7503 V OneTimeService: Already run, doing nothing.
03-21 17:44:12.731  7071  7488 I chatty  : uid=10013(com.google.android.gms) expire 2 lines
03-21 17:44:12.740  7071  7281 I chatty  : uid=10013(com.google.android.gms) expire 4 lines
03-21 17:44:12.809  6718  7500 I chatty  : uid=10013 com.google.android.gms.persistent expire 1 line
03-21 17:44:12.853  6322  6334 I ActivityManager: Start proc 7521:com.google.process.gapps/u0a46 for broadcast com.google.android.syncadapters.contacts/.ContactsSyncAdapterBroadcastReceiver
03-21 17:44:12.854  7521  7521 W art     : Unexpected CPU variant for X86 using defaults: x86_64
03-21 17:44:12.862  7520  7520 I chatty  : uid=0(root) expire 3 lines
03-21 17:44:12.917  7071  7427 I chatty  : uid=10013(com.google.android.gms) expire 1 line
03-21 17:44:12.988  7071  7405 I chatty  : uid=10013(com.google.android.gms) expire 2 lines
03-21 17:44:13.009  6906  7529 I RlzPingService: Setting next ping for 1490266340422
03-21 17:44:13.044  7071  7544 I chatty  : uid=10013(com.google.android.gms) expire 1 line
03-21 17:44:13.059  6718  6877 I chatty  : uid=10013 com.google.android.gms.persistent expire 4 lines
03-21 17:44:13.067  6718  6718 I chatty  : uid=10013 com.google.android.gms.persistent expire 11 lines
03-21 17:44:13.087  7521  7521 W System  : ClassLoader referenced unknown path: /system/app/GoogleContactsSyncAdapter/lib/x86_64
03-21 17:44:13.188  7071  7071 I chatty  : uid=10013(com.google.android.gms) expire 2 lines
03-21 17:44:13.192  6718  7546 I chatty  : uid=10013 com.google.android.gms.persistent expire 2 lines
03-21 17:44:13.203  7071  7510 I chatty  : uid=10013(com.google.android.gms) expire 1 line
03-21 17:44:13.235  7071  7205 I chatty  : uid=10013(com.google.android.gms) expire 8 lines
03-21 17:44:13.238  7071  7550 I chatty  : uid=10013(com.google.android.gms) expire 2 lines
03-21 17:44:13.246  7071  7544 I chatty  : uid=10013(com.google.android.gms) expire 1 line
03-21 17:44:13.288  6718  6740 I chatty  : uid=10013 com.google.android.gms.persistent expire 2 lines
03-21 17:44:13.346  6718  7547 I chatty  : uid=10013 com.google.android.gms.persistent expire 1 line
03-21 17:44:13.358  7521  7521 I GoogleHttpClient: GMS http client unavailable, use old client
03-21 17:44:13.385  7071  7551 I chatty  : uid=10013(com.google.android.gms) expire 2 lines
03-21 17:44:13.397  6718  7508 I chatty  : uid=10013 com.google.android.gms.persistent expire 1 line
03-21 17:44:13.408  7071  7082 I chatty  : uid=10013(com.google.android.gms) expire 2 lines
03-21 17:44:13.550  6322  6494 I ActivityManager: Start proc 7581:com.google.android.talk/u0a51 for broadcast com.google.android.talk/com.google.android.apps.hangouts.service.BootReceiver
03-21 17:44:13.553  7581  7581 W art     : Unexpected CPU variant for X86 using defaults: x86
03-21 17:44:13.609  6718  6985 I chatty  : uid=10013 com.google.android.gms.persistent expire 1 line
03-21 17:44:13.613  7581  7581 W System  : ClassLoader referenced unknown path: /system/app/Hangouts/lib/x86
03-21 17:44:13.646  7521  7586 I GoogleHttpClient: GMS http client unavailable, use old client
03-21 17:44:13.686  6718  6939 I chatty  : uid=10013 com.google.android.gms.persistent expire 9 lines
03-21 17:44:13.700  7071  7311 I chatty  : uid=10013(com.google.android.gms) expire 1 line
03-21 17:44:13.842  7407  7407 I chatty  : uid=10013 com.google.android.gms.unstable expire 1 line
03-21 17:44:13.880  7071  7511 I chatty  : uid=10013(com.google.android.gms) expire 1 line
03-21 17:44:13.899  6718  6941 I chatty  : uid=10013 com.google.android.gms.persistent expire 2 lines
03-21 17:44:13.978  7407  7471 I chatty  : uid=10013 com.google.android.gms.unstable expire 5 lines
03-21 17:44:14.106  7581  7581 I Babel_telephony: TeleModule.onApplicationCreate
03-21 17:44:14.153  7581  7619 I Babel_SMS: MmsConfig: mnc/mcc: 310/260
03-21 17:44:14.154  7581  7619 I Babel_SMS: MmsConfig.loadMmsSettings
03-21 17:44:14.155  7581  7619 I Babel_SMS: MmsConfig.loadDeviceMmsSettings from API: mUserAgent=GoldfishNexus, mUaProfUrl=http://gsm.lge.com/html/gsm/Nexus5-M3.xml
03-21 17:44:14.155  7581  7619 I Babel_SMS: MmsConfig.loadFromDatabase
03-21 17:44:14.193  7581  7619 E SQLiteLog: (1) no such table: mmsconfig
03-21 17:44:14.200  7581  7581 I Babel_Prime: wrapCrashReportingIntoUncaughtExceptionHandler
03-21 17:44:14.207  7581  7619 I Babel_SMS: MmsConfig: no mmsconfig table android.database.sqlite.SQLiteException: no such table: mmsconfig (code 1): , while compiling: SELECT key, value, type FROM mmsconfig WHERE numeric=?
03-21 17:44:14.207  7581  7619 I Babel_SMS: MmsConfig.loadFromResources
03-21 17:44:14.209  7581  7619 E Babel_SMS: canonicalizeMccMnc: invalid mccmnc nullnull
03-21 17:44:14.210  7581  7619 W Babel_SMS: MmsConfig: invalid key=userAgent or type=string
03-21 17:44:14.210  7581  7619 W Babel_SMS: MmsConfig: invalid key=uaProfUrl or type=string
03-21 17:44:14.210  7581  7619 I Babel_SMS: MmsConfig.loadMmsSettings: mUserAgent=GoldfishNexus, mUaProfUrl=http://gsm.lge.com/html/gsm/Nexus5-M3.xml
03-21 17:44:14.212  7581  7581 I Babel_Prime: isMemoryEnabled=false
03-21 17:44:14.213  7581  7581 I Babel_Prime: isTimerEnabled=false
03-21 17:44:14.213  7581  7581 I Babel_Prime: isCrashCounterEnabled=true
03-21 17:44:14.219  6718  7600 I chatty  : uid=10013 com.google.android.gms.persistent expire 1 line
03-21 17:44:14.236  7071  7623 I chatty  : uid=10013(com.google.android.gms) expire 2 lines
03-21 17:44:14.270  7581  7581 I Babel_Crash: Startup - clean
03-21 17:44:14.326  7581  7581 I Babel_Prime: startMemoryMonitor
03-21 17:44:14.366  7581  7581 W Babel   : On boot, found 0 ready accounts
03-21 17:44:14.395  6322  6681 I ActivityManager: Start proc 7630:com.google.android.youtube/u0a69 for broadcast com.google.android.youtube/com.google.android.libraries.youtube.upload.service.UploadService$BootReceiver
03-21 17:44:14.399  7630  7630 W art     : Unexpected CPU variant for X86 using defaults: x86_64
03-21 17:44:14.423  7581  7581 D Babel   : onCreate: Shutdown runnable posted in onCreate with a delay of 5000 ms.
03-21 17:44:14.462  7630  7630 W System  : ClassLoader referenced unknown path: /system/app/YouTube/lib/x86_64
03-21 17:44:14.468  7581  7581 W System  : ClassLoader referenced unknown path: /system/priv-app/PrebuiltGmsCore/lib/x86
03-21 17:44:14.532  7071  7402 I chatty  : uid=10013(com.google.android.gms) expire 1 line
03-21 17:44:14.623  7581  7581 W System  : ClassLoader referenced unknown path: /system/priv-app/PrebuiltGmsCore/lib/x86
03-21 17:44:14.625  7581  7581 W System  : ClassLoader referenced unknown path: /system/priv-app/PrebuiltGmsCore/lib/x86
03-21 17:44:14.634  7581  7581 W linker  : /system/priv-app/PrebuiltGmsCore/PrebuiltGmsCore.apk!/lib/x86/libgmscore.so: unused DT entry: type 0x7ffffffd arg 0x754
03-21 17:44:14.642  7581  7581 W System  : ClassLoader referenced unknown path: /system/priv-app/PrebuiltGmsCore/lib/x86
03-21 17:44:14.643  7581  7581 W System  : ClassLoader referenced unknown path: /system/priv-app/PrebuiltGmsCore/lib/x86
03-21 17:44:14.650  7581  7581 W linker  : /system/priv-app/PrebuiltGmsCore/PrebuiltGmsCore.apk!/lib/x86/libconscrypt_gmscore_jni.so: unused DT entry: type 0x7ffffffd arg 0x174
03-21 17:44:14.651  7581  7581 V JNIHelp : Registering com/google/android/gms/org/conscrypt/NativeCrypto's 242 native methods...
03-21 17:44:14.689  7581  7581 D NetworkSecurityConfig: No Network Security Config specified, using platform default
03-21 17:44:14.697  7581  7581 I ProviderInstaller: Installed default security provider GmsCore_OpenSSL
03-21 17:44:14.723  7581  7652 D Babel   : Idle: Shutdown runnable posted in release with a delay of 5000 ms.
03-21 17:44:14.755  7630  7647 W System  : ClassLoader referenced unknown path: /system/priv-app/PrebuiltGmsCore/lib/x86_64
03-21 17:44:14.787  7630  7647 W System  : ClassLoader referenced unknown path: /system/priv-app/PrebuiltGmsCore/lib/x86_64
03-21 17:44:14.789  7630  7647 W System  : ClassLoader referenced unknown path: /system/priv-app/PrebuiltGmsCore/lib/x86_64
03-21 17:44:14.804  7630  7647 W System  : ClassLoader referenced unknown path: /system/priv-app/PrebuiltGmsCore/lib/x86_64
03-21 17:44:14.806  7630  7647 W System  : ClassLoader referenced unknown path: /system/priv-app/PrebuiltGmsCore/lib/x86_64
03-21 17:44:14.817  7630  7647 V JNIHelp : Registering com/google/android/gms/org/conscrypt/NativeCrypto's 242 native methods...
03-21 17:44:14.846  7630  7647 D NetworkSecurityConfig: No Network Security Config specified, using platform default
03-21 17:44:14.853  7630  7647 I ProviderInstaller: Installed default security provider GmsCore_OpenSSL
03-21 17:44:14.948  7630  7668 W System  : ClassLoader referenced unknown path: 
03-21 17:44:14.948  7630  7668 W System  : ClassLoader referenced unknown path: /system/priv-app/PrebuiltGmsCore/lib/x86_64
03-21 17:44:14.994  7630  7668 D DynamitePackage: Instantiated singleton DynamitePackage.
03-21 17:44:14.994  7630  7668 D DynamitePackage: Instantiating com.google.android.gms.ads.adshield.ChimeraAdShieldCreatorImpl
03-21 17:44:15.003  7630  7630 V MediaRouter: Adding route: RouteInfo{ name=Phone, description=null, status=null, category=RouteCategory{ name=null types=ROUTE_TYPE_LIVE_AUDIO ROUTE_TYPE_LIVE_VIDEO  groupable=false }, supportedTypes=ROUTE_TYPE_LIVE_AUDIO ROUTE_TYPE_LIVE_VIDEO , presentationDisplay=null }
03-21 17:44:15.008  7630  7630 V MediaRouter: Updating audio routes: AudioRoutesInfo{ type=SPEAKER }
03-21 17:44:15.009  7630  7630 V MediaRouter: Selecting route: RouteInfo{ name=Phone, description=null, status=null, category=RouteCategory{ name=null types=ROUTE_TYPE_LIVE_AUDIO ROUTE_TYPE_LIVE_VIDEO  groupable=false }, supportedTypes=ROUTE_TYPE_LIVE_AUDIO ROUTE_TYPE_LIVE_VIDEO , presentationDisplay=null }
03-21 17:44:15.094  7630  7630 W InstanceID/Rpc: Found 10013
03-21 17:44:15.163  7630  7630 V MediaRouter: Selecting route: RouteInfo{ name=Phone, description=null, status=null, category=RouteCategory{ name=null types=ROUTE_TYPE_LIVE_AUDIO ROUTE_TYPE_LIVE_VIDEO  groupable=false }, supportedTypes=ROUTE_TYPE_LIVE_AUDIO ROUTE_TYPE_LIVE_VIDEO , presentationDisplay=null }
03-21 17:44:15.344  7247  7278 I GAV2    : Thread[GAThread,5,main]: No campaign data found.
03-21 17:44:15.391  7630  7668 W art     : Before Android 4.1, method double java.util.concurrent.ThreadLocalRandom.internalNextDouble(double, double) would have incorrectly overridden the package-private method in java.util.Random
03-21 17:44:15.391  7630  7668 W art     : Before Android 4.1, method int java.util.concurrent.ThreadLocalRandom.internalNextInt(int, int) would have incorrectly overridden the package-private method in java.util.Random
03-21 17:44:15.391  7630  7668 W art     : Before Android 4.1, method long java.util.concurrent.ThreadLocalRandom.internalNextLong(long, long) would have incorrectly overridden the package-private method in java.util.Random
03-21 17:44:15.915  7326  7352 I GAV2    : Thread[GAThread,5,main]: No campaign data found.
03-21 17:44:16.012  7630  7630 W DnsConfigServic: type=1400 audit(0.0:48): avc: denied { read } for name="/" dev="rootfs" ino=1 scontext=u:r:untrusted_app:s0:c512,c768 tcontext=u:object_r:rootfs:s0 tclass=dir permissive=0
03-21 17:44:16.038  6322  6882 W ActivityManager: Permission Denial: Accessing service ComponentInfo{com.google.android.music/com.google.android.music.dial.DialMediaRouteProviderService} from pid=7630, uid=10069 that is not exported from uid 10057
03-21 17:44:16.227  6843  6854 W art     : Suspending all threads took: 7.788ms
03-21 17:44:16.610  7071  7071 I CastSocket: 24 >= 18. Adding new CastClientAuthKeyManager.
03-21 17:44:16.666  7071  7071 I CastMediaRouteProvider: in onDiscoveryRequestChanged: request=DiscoveryRequest{ selector=MediaRouteSelector{ controlCategories=[com.google.android.gms.cast.CATEGORY_CAST/233637DE] }, activeScan=false, isValid=true }
03-21 17:44:16.667  7071  7071 I CastMediaRouteProvider: Logging initial network connection state.
03-21 17:44:16.681  7071  7549 I Icing   : Usage reports 0 indexed 0 rejected 0 imm upload false
03-21 17:44:16.687  7071  7071 I CastMediaRouteProvider: Network connectivity changed
03-21 17:44:16.702  7071  7511 I DeviceScanner: [MDNS] Filter criteria: 233637DE
03-21 17:44:16.702  7071  7511 I DeviceScanner: [MDNS] updateScannerState: No filter criteria was added.
03-21 17:44:16.702  7071  7511 I DeviceScanner: [MDNS] updateScannerState: No filter criteria was removed.
03-21 17:44:16.710  7071  7549 I Icing   : Usage reports 0 indexed 0 rejected 0 imm upload false
03-21 17:44:16.717  6524  6524 I OmtpVvmCarrierCfgHlpr: Requesting VVM activation for subId: 1
03-21 17:44:16.719  7071  7549 I Icing   : Usage reports 0 indexed 0 rejected 0 imm upload false
03-21 17:44:16.737  7071  7757 I CheckinChimeraService: Checking schedule, now: 1490118256737 next: 1490117155107
03-21 17:44:16.737  7071  7757 I CheckinChimeraService: active receiver: enabled
03-21 17:44:16.754  7071  7757 I CheckinChimeraService: Preparing to send checkin request
03-21 17:44:16.755  7071  7757 I EventLogChimeraService: Accumulating logs since 1490118253504
03-21 17:44:16.792  7071  7757 I CheckinTask: Get token from PseudonymousIdApi: 99=BUeoTdoNbzgntumKvoZgTbhTDPW45RS2AJeDAxlvKr3Xj_Ylwmj1LKS7I1X5gXPzhE1PyzrrS5Y9EVdeU_Rn1vvYRRAw2w0NTO2WMztYjJJKpbCCKGjklPAWXGLLh_ZQ
03-21 17:44:16.806  6664  6709 I art     : Waiting for a blocking GC DisableMovingGc
03-21 17:44:16.807  7071  7511 W MdnsClient_Cast: #acquireLock. Multicast lock not held. Acquiring. Subtypes:"233637DE"
03-21 17:44:16.816  7071  7757 I CheckinRequestBuilder: Checkin reason type: 18 attempt count: 1
03-21 17:44:16.864  6664  7043 I art     : Waiting for a blocking GC DisableMovingGc
03-21 17:44:16.871  6664  6677 I art     : HomogeneousSpaceCompact marksweep + semispace GC freed 23277(1656KB) AllocSpace objects, 2(40KB) LOS objects, 40% free, 2MB/3MB, paused 57.053ms total 57.053ms
03-21 17:44:16.871  6664  6709 I art     : WaitForGcToComplete blocked for 65.334ms for cause DisableMovingGc
03-21 17:44:16.871  6664  6709 I art     : Starting a blocking GC DisableMovingGc
03-21 17:44:16.871  6664  7043 I art     : WaitForGcToComplete blocked for 6.992ms for cause DisableMovingGc
03-21 17:44:16.871  6664  7043 I art     : Starting a blocking GC DisableMovingGc
03-21 17:44:16.890  7071  7757 E ActivityThread: Failed to find provider info for com.google.android.wearable.settings
03-21 17:44:16.913  6524  6524 V VvmPhoneStateListener: Signal returned: reattempting activation for 89014103211118510720
03-21 17:44:16.916  6524  6524 I OmtpVvmCarrierCfgHlpr: Requesting VVM activation for subId: 1
03-21 17:44:16.926  7071  7393 I Authzen : [DeviceStateSyncManager] The server is in sync with current state. Nothing to do
03-21 17:44:16.970  7071  7071 I DeviceCache: Unable to convert the the network interface's MAC Address to string. MAC address cannot be null.
03-21 17:44:16.971  7071  7071 I DeviceCache: Unable to convert the the network interface's MAC Address to string. MAC address cannot be null.
03-21 17:44:16.983  7071  7511 I DeviceScanner: [CastNearby] Filter criteria: 233637DE
03-21 17:44:16.984  7071  7511 I DeviceScanner: [CastNearby] updateScannerState: No filter criteria was added.
03-21 17:44:16.984  7071  7511 I DeviceScanner: [CastNearby] updateScannerState: No filter criteria was removed.
03-21 17:44:17.093  7071  7770 I iu.SyncManager: SYNC; picasa accounts
03-21 17:44:17.143  7071  7071 I iu.Environment: update connectivity state; isNetworkMetered? true*, isRoaming? false, isBackgroundDataAllowed? true*
03-21 17:44:17.156  7071  7770 I iu.UploadsManager: num queued entries: 0
03-21 17:44:17.156  7071  7770 I iu.UploadsManager: num updated entries: 0
03-21 17:44:17.157  7071  7770 I iu.SyncManager: NEXT; no task
03-21 17:44:17.171  6682  6682 I AlarmClock: AlarmInitReceiver android.intent.action.TIME_SET
03-21 17:44:17.212  1359  1359 D WVCdm   : Instantiating CDM.
03-21 17:44:17.216  1359  3070 I WVCdm   : CdmEngine::OpenSession
03-21 17:44:17.216  1359  3070 I WVCdm   : Level3 Library 4464 Mar 30 2016 13:26:29
03-21 17:44:17.254  1359  3070 W WVCdm   : Could not load liboemcrypto.so. Falling back to L3.  dlopen failed: library "liboemcrypto.so" not found
03-21 17:44:17.255  6682  6997 V AlarmClock: AlarmInitReceiver finished
03-21 17:44:17.276  1359  3070 I WVCdm   : CdmEngine::QueryKeyControlInfo
03-21 17:44:17.278  1359  1384 I WVCdm   : CdmEngine::GenerateKeyRequest
03-21 17:44:17.278  1359  1384 D WVCdm   : PrepareKeyRequest: nonce=987642983
03-21 17:44:17.455  7044  7044 D MusicLifecycle: com.google.android.music.store.MediaStoreImportService$Receiver generated event: Broadcast received with context android.app.ReceiverRestrictedContext@ad6ed3c and intent Intent { act=android.intent.action.MEDIA_SCANNER_STARTED dat=file:///storage/emulated/0 flg=0x10 cmp=com.google.android.music/.store.MediaStoreImportService$Receiver }
03-21 17:44:17.472  7407  7407 W Binder:7407_2: type=1400 audit(0.0:49): avc: denied { read } for name="/" dev="tmpfs" ino=3111 scontext=u:r:priv_app:s0:c512,c768 tcontext=u:object_r:device:s0 tclass=dir permissive=0
