03-21 17:44:17.481  6322  6332 I art     : Background partial concurrent mark sweep GC freed 15680(1275KB) AllocSpace objects, 12(664KB) LOS objects, 28% free, 10MB/14MB, paused 808us total 118.009ms
03-21 17:44:17.514  7044  7044 D MusicLifecycle: com.google.android.music.store.MediaStoreImportService generated event: Service created
03-21 17:44:17.516  7044  7044 D MusicLifecycle: com.google.android.music.store.MediaStoreImportService$Receiver generated event: Broadcast received with context android.app.ReceiverRestrictedContext@ad6ed3c and intent Intent { act=android.intent.action.MEDIA_SCANNER_FINISHED dat=file:///storage/emulated/0 flg=0x10 cmp=com.google.android.music/.store.MediaStoreImportService$Receiver }
03-21 17:44:17.534  7044  7044 D MusicLifecycle: com.google.android.music.store.MediaStoreImportService generated event: Service destroyed
03-21 17:44:17.539  7044  7044 D MusicLifecycle: com.google.android.music.store.MediaStoreImportService generated event: Service created
03-21 17:44:17.562  1359  3070 I WVCdm   : CdmEngine::OpenSession
03-21 17:44:17.567  1359  3070 I WVCdm   : CdmEngine::QueryKeyControlInfo
03-21 17:44:17.568  1359  1359 I WVCdm   : CdmEngine::CloseSession
03-21 17:44:17.569  6524  6524 I OmtpVvmCarrierCfgHlpr: Requesting VVM activation for subId: 1
03-21 17:44:17.570  1359  3070 I WVCdm   : CdmEngine::GenerateKeyRequest
03-21 17:44:17.570  1359  3070 D WVCdm   : PrepareKeyRequest: nonce=1139633491
03-21 17:44:17.605  7044  7044 D MusicLifecycle: com.google.android.music.store.MediaStoreImportService$Receiver generated event: Broadcast received with context android.app.ReceiverRestrictedContext@ad6ed3c and intent Intent { act=android.intent.action.MEDIA_SCANNER_STARTED dat=file:///system/media flg=0x10 cmp=com.google.android.music/.store.MediaStoreImportService$Receiver }
03-21 17:44:17.608  7044  7044 D MusicLifecycle: com.google.android.music.store.MediaStoreImportService$Receiver generated event: Broadcast received with context android.app.ReceiverRestrictedContext@ad6ed3c and intent Intent { act=android.intent.action.MEDIA_SCANNER_FINISHED dat=file:///system/media flg=0x10 cmp=com.google.android.music/.store.MediaStoreImportService$Receiver }
03-21 17:44:17.610  7044  7044 D MusicLifecycle: com.google.android.music.store.MediaStoreImportService$Receiver generated event: Broadcast received with context android.app.ReceiverRestrictedContext@ad6ed3c and intent Intent { act=android.intent.action.MEDIA_SCANNER_STARTED dat=file:///storage/emulated/0 flg=0x10 cmp=com.google.android.music/.store.MediaStoreImportService$Receiver }
03-21 17:44:17.617  7044  7044 D MusicLifecycle: com.google.android.music.store.MediaStoreImportService$Receiver generated event: Broadcast received with context android.app.ReceiverRestrictedContext@ad6ed3c and intent Intent { act=android.intent.action.MEDIA_SCANNER_FINISHED dat=file:///storage/emulated/0 flg=0x10 cmp=com.google.android.music/.store.MediaStoreImportService$Receiver }
03-21 17:44:17.750  1359  3057 I WVCdm   : CdmEngine::CloseSession
03-21 17:44:17.926  7044  7044 D MusicLifecycle: com.google.android.music.autocache.AutoCacheSchedulingService$EnablingReceiver generated event: Broadcast received with context android.app.ReceiverRestrictedContext@ad6ed3c and intent Intent { act=com.google.android.music.START_DOWNLOAD_SCHEDULING flg=0x10 cmp=com.google.android.music/.autocache.AutoCacheSchedulingService$EnablingReceiver }
03-21 17:44:18.079  7044  7044 D MusicLifecycle: com.google.android.music.autocache.AutoCacheSchedulingService generated event: Service created
03-21 17:44:18.099  7787  7787 W dex2oat : Unexpected CPU variant for X86 using defaults: x86_64
03-21 17:44:18.100  7787  7787 I dex2oat : /system/bin/dex2oat --dex-file=/data/user/0/com.google.android.gms/app_fb/f.apk --oat-fd=55 --oat-location=/data/user/0/com.google.android.gms/app_fb/f.dex --compiler-filter=speed
03-21 17:44:18.202  7044  7044 D MusicLifecycle: com.google.android.music.autocache.AutoCacheSchedulingService generated event: Service started with intent Intent { act=com.google.android.music.leanback.APP_IN_USE cmp=com.google.android.music/.autocache.AutoCacheSchedulingService (has extras) }
03-21 17:44:18.223  7044  7044 D MusicLifecycle: com.google.android.music.wear.WearBroadcastReceiver generated event: Broadcast received with context android.app.ReceiverRestrictedContext@ad6ed3c and intent Intent { act=com.google.android.music.START_DOWNLOAD_SCHEDULING flg=0x10 cmp=com.google.android.music/.wear.WearBroadcastReceiver }
03-21 17:44:18.554  6718  6718 I WearableService: Wear is not allowed to run on this device. Not starting Wear service.
03-21 17:44:18.555  6718  6718 D WearableService: callingUid 10013, callindPid: 6718
03-21 17:44:18.615  6718  6985 W art     : Long monitor contention with owner netscheduler-queue-handler (7472) at void rou.a(rpn, int)(:com.google.android.gms:344) waiters=0 in void rou.a(rpa, boolean) for 166ms
03-21 17:44:18.777  7044  7795 E GmsUtils: Failed to connect to Google API client: ConnectionResult{statusCode=API_UNAVAILABLE, resolution=null, message=null}
03-21 17:44:18.835  6322  6333 I ActivityManager: Start proc 7799:com.google.android.talk:matchstick/u0a51 for broadcast com.google.android.talk/com.google.android.libraries.matchstick.net.MatchstickInProcessReceiver
03-21 17:44:18.842  7799  7799 W art     : Unexpected CPU variant for X86 using defaults: x86
03-21 17:44:18.849  7044  7790 I MusicLeanback: Conditions not met for autocaching. okToAttempt=false
03-21 17:44:18.850  7044  7790 I MusicLeanback: Stop autocaching.
03-21 17:44:18.853  7044  7782 I MediaStoreImporter: Update: incremental Added music: 0 Updated music: 0 Deleted music: 0 Created playlists: 0 Updated playlists: 0 Deleted playlists: 0 Inserted playlist items: 0 Deleted playlist items: 0 Removed orphaned playlist items: 0
03-21 17:44:18.923  7044  7782 I MediaStoreImporter: Update: incremental Added music: 0 Updated music: 0 Deleted music: 0 Created playlists: 0 Updated playlists: 0 Deleted playlists: 0 Inserted playlist items: 0 Deleted playlist items: 0 Removed orphaned playlist items: 0
03-21 17:44:18.925  7044  7044 D MusicLifecycle: com.google.android.music.store.MediaStoreImportService generated event: Service destroyed
03-21 17:44:19.080  7799  7799 W System  : ClassLoader referenced unknown path: /system/app/Hangouts/lib/x86
03-21 17:44:19.120  7787  7787 I dex2oat : dex2oat took 1.021s (threads: 2) arena alloc=196KB (201152B) java alloc=55KB (56672B) native alloc=991KB (1015600B) free=1568KB (1605840B)
03-21 17:44:19.132  7407  7422 W System  : ClassLoader referenced unknown path: 
03-21 17:44:19.142  7407  7407 W Binder:7407_2: type=1400 audit(0.0:50): avc: denied { search } for name="graphics" dev="tmpfs" ino=4244 scontext=u:r:priv_app:s0:c512,c768 tcontext=u:object_r:graphics_device:s0 tclass=dir permissive=0
03-21 17:44:19.493  7044  7044 D MusicLifecycle: com.google.android.music.wear.WearBroadcastReceiver generated event: Broadcast received with context android.app.ReceiverRestrictedContext@ad6ed3c and intent Intent { act=com.google.android.music.IMPORT_COMPLETE flg=0x10 cmp=com.google.android.music/.wear.WearBroadcastReceiver }
03-21 17:44:19.505  7044  7044 D MusicLifecycle: com.google.android.music.wear.WearBroadcastReceiver generated event: Broadcast received with context android.app.ReceiverRestrictedContext@ad6ed3c and intent Intent { act=com.google.android.music.IMPORT_COMPLETE flg=0x10 cmp=com.google.android.music/.wear.WearBroadcastReceiver }
03-21 17:44:19.530  7044  7820 E GmsUtils: Failed to connect to Google API client: ConnectionResult{statusCode=API_UNAVAILABLE, resolution=null, message=null}
03-21 17:44:19.530  7044  7821 E GmsUtils: Failed to connect to Google API client: ConnectionResult{statusCode=API_UNAVAILABLE, resolution=null, message=null}
03-21 17:44:19.650  7799  7818 I MS_RegisterService: RegisterService intent:Intent { act=register_intent_action flg=0x10 cmp=com.google.android.talk/com.google.android.libraries.matchstick.net.SilentRegisterService } isPeriodic:false
03-21 17:44:19.709  7799  7818 W System  : ClassLoader referenced unknown path: /system/priv-app/PrebuiltGmsCore/lib/x86
03-21 17:44:19.734  7799  7818 W System  : ClassLoader referenced unknown path: /system/priv-app/PrebuiltGmsCore/lib/x86
03-21 17:44:19.735  7799  7818 W System  : ClassLoader referenced unknown path: /system/priv-app/PrebuiltGmsCore/lib/x86
03-21 17:44:19.757  7799  7818 W linker  : /system/priv-app/PrebuiltGmsCore/PrebuiltGmsCore.apk!/lib/x86/libgmscore.so: unused DT entry: type 0x7ffffffd arg 0x754
03-21 17:44:19.763  6718  6985 W art     : Long monitor contention with owner netscheduler-queue-handler (7472) at void rou.a(rpn, int)(:com.google.android.gms:344) waiters=0 in void rou.a(rpa, boolean) for 147ms
03-21 17:44:19.765  7799  7818 W System  : ClassLoader referenced unknown path: /system/priv-app/PrebuiltGmsCore/lib/x86
03-21 17:44:19.766  7799  7818 W System  : ClassLoader referenced unknown path: /system/priv-app/PrebuiltGmsCore/lib/x86
03-21 17:44:19.770  7799  7818 W linker  : /system/priv-app/PrebuiltGmsCore/PrebuiltGmsCore.apk!/lib/x86/libconscrypt_gmscore_jni.so: unused DT entry: type 0x7ffffffd arg 0x174
03-21 17:44:19.771  7799  7818 V JNIHelp : Registering com/google/android/gms/org/conscrypt/NativeCrypto's 242 native methods...
03-21 17:44:19.818  7799  7818 D NetworkSecurityConfig: No Network Security Config specified, using platform default
03-21 17:44:19.849  7799  7818 I ProviderInstaller: Installed default security provider GmsCore_OpenSSL
03-21 17:44:19.860  7581  7581 D Babel   : RefCountedService(com.google.android.apps.hangouts.requestwriter.RequestWriter) onDestroy (count=0, startId=1 stopped=true)
03-21 17:44:19.876  7799  7818 I MS_RegisterService: Not registered and not enabled. Doing nothing.
03-21 17:44:19.888  6322  6809 I ActivityManager: Killing 6900:com.android.keychain/1000 (adj 906): empty #17
03-21 17:44:19.967  6322  6882 D ActivityManager: cleanUpApplicationRecord -- 6900
03-21 17:44:20.186  7071  7757 I CheckinUtil: Classify the device as Phone.
03-21 17:44:20.236  7071  7757 I CheckinTask: set cookie as: NID=99=BUeoTdoNbzgntumKvoZgTbhTDPW45RS2AJeDAxlvKr3Xj_Ylwmj1LKS7I1X5gXPzhE1PyzrrS5Y9EVdeU_Rn1vvYRRAw2w0NTO2WMztYjJJKpbCCKGjklPAWXGLLh_ZQ
03-21 17:44:20.291  7071  7757 W Conscrypt: Could not set socket write timeout: null
03-21 17:44:20.310  7071  7757 W Conscrypt: Could not set socket write timeout: null
03-21 17:44:20.366  7071  7757 I CheckinTask: Sending checkin request (13711 bytes)
03-21 17:44:20.543  7071  7757 I CheckinRequestBuilder: Checkin reason type: 18 attempt count: 1
03-21 17:44:20.546  7071  7757 E ActivityThread: Failed to find provider info for com.google.android.wearable.settings
03-21 17:44:20.622  7071  7757 I CheckinUtil: Classify the device as Phone.
03-21 17:44:20.651  7071  7757 I CheckinTask: Checkin success: https://android.clients.google.com/checkin (1 requests sent)
03-21 17:44:20.666  7071  7757 I CheckinChimeraService: Checking schedule, now: 1490118260666 next: 1490647371651
03-21 17:44:20.666  7071  7757 I CheckinChimeraService: active receiver: disabled
03-21 17:44:21.002  7071  7741 W PlatformStatsUtil: Could not retrieve Usage & Diagnostics setting. Giving up.
03-21 17:44:22.216  6322  6882 W ActivityManager: Permission Denial: Accessing service ComponentInfo{com.google.android.music/com.google.android.music.dial.DialMediaRouteProviderService} from pid=7630, uid=10069 that is not exported from uid 10057
03-21 17:44:22.245  6322  6361 I InputReader: Reconfiguring input devices.  changes=0x00000010
03-21 17:44:22.368  6524  6524 D CarrierSvcBindHelper: No carrier app for: 0
03-21 17:44:22.593  6718  6718 I GCoreNlp: shouldConfirmNlp, NLP off. Ensuring opt-in disabled
03-21 17:44:25.186  6322  6797 I ActivityManager: Killing 7105:com.android.dialer/u0a8 (adj 906): empty #17
03-21 17:44:25.248  6322  6809 D ActivityManager: cleanUpApplicationRecord -- 7105
03-21 17:44:25.300  6322  6336 I ActivityManager: Waited long enough for: ServiceRecord{e89a011 u0 com.google.android.calendar/com.android.calendar.alerts.InitAlarmsService}
03-21 17:44:26.026  7071  7741 W PlatformStatsUtil: Could not retrieve Usage & Diagnostics setting. Giving up.
03-21 17:44:27.592  6322  6567 I ActivityManager: Killing 7140:com.google.android.apps.maps/u0a56 (adj 906): empty #17
03-21 17:44:27.592  6322  6567 I ActivityManager: Killing 7124:com.android.managedprovisioning/u0a20 (adj 906): empty #18
03-21 17:44:27.656  6322  6334 D ActivityManager: cleanUpApplicationRecord -- 7124
03-21 17:44:27.697  6322  6681 D ActivityManager: cleanUpApplicationRecord -- 7140
03-21 17:44:29.114  7581  7615 W Babel   : bcq TOOK TOO LONG! (15004ms > 10000ms)
03-21 17:44:29.115  7581  7613 W Babel   : bcq TOOK TOO LONG! (15041ms > 10000ms)
03-21 17:44:29.129  6322  6882 I Telecom : PhoneAccountRegistrar: SimCallManager queried, returning: null: TSI.gSCM@AEg
03-21 17:44:29.159  7581  7581 I Babel_telephony: TeleModule.updateConnectionManagerRegistration, registration preference changed from false to false
03-21 17:44:29.159  7581  7581 W Babel   : BAM#gBA: invalid account id: -1
03-21 17:44:29.159  7581  7581 W Babel   : BAM#gBA: invalid account id: -1
03-21 17:44:29.159  7581  7581 I Babel_telephony: TeleModule.updateIncomingCallRegistration, preferred account for incoming calls changed from: null to null
03-21 17:44:29.164  6322  6681 I Telecom : PhoneAccountRegistrar: SimCallManager queried, returning: null: TSI.gSCM@AEo
03-21 17:44:29.176  7799  7840 I MS_RegisterService: RegisterService intent:Intent { act=register_intent_action flg=0x10 cmp=com.google.android.talk/com.google.android.libraries.matchstick.net.SilentRegisterService } isPeriodic:false
03-21 17:44:29.179  7799  7840 I MS_RegisterService: Not registered and not enabled. Doing nothing.
03-21 17:44:30.142  6322  6336 I ActivityManager: Waited long enough for: ServiceRecord{b705d35 u0 com.google.android.youtube/com.google.android.libraries.youtube.upload.service.UploadService}
03-21 17:44:31.074  7071  7741 W PlatformStatsUtil: Could not retrieve Usage & Diagnostics setting. Giving up.
03-21 17:44:31.437  7071  7398 I CheckinService: Done disabling old GoogleServicesFramework version
03-21 17:44:36.125  7071  7741 W PlatformStatsUtil: Could not retrieve Usage & Diagnostics setting. Giving up.
03-21 17:44:38.991  6322  6809 I ActivityManager: Killing 7185:com.google.android.apps.photos/u0a62 (adj 906): empty #17
03-21 17:44:38.991  6322  6809 I ActivityManager: Killing 7230:com.google.android.apps.photos:CameraShortcut/u0a62 (adj 906): empty #18
03-21 17:44:39.046  6322  6784 D ActivityManager: cleanUpApplicationRecord -- 7185
03-21 17:44:39.065  6322  6334 D ActivityManager: cleanUpApplicationRecord -- 7230
03-21 17:44:40.366  6322  6681 I ActivityManager: Killing 7295:com.google.android.configupdater/u0a4 (adj 906): empty #17
03-21 17:44:40.436  6322  6334 D ActivityManager: cleanUpApplicationRecord -- 7295
03-21 17:44:41.185  7071  7741 W PlatformStatsUtil: Could not retrieve Usage & Diagnostics setting. Giving up.
03-21 17:44:42.876  6322  6384 E RecoverySystemService: Timed out connecting to uncrypt socket
03-21 17:44:42.876  6322  6384 E RecoverySystemService: Failed to connect to uncrypt socket
03-21 17:44:42.878  7071  7488 E SystemUpdateService: Failed to call RecoverySystem.cancelScheduledUpdate
03-21 17:44:42.878  7071  7488 E SystemUpdateService: java.lang.reflect.InvocationTargetException
03-21 17:44:42.878  7071  7488 E SystemUpdateService: 	at java.lang.reflect.Method.invoke(Native Method)
03-21 17:44:42.878  7071  7488 E SystemUpdateService: 	at xae.c(:com.google.android.gms:134)
03-21 17:44:42.878  7071  7488 E SystemUpdateService: 	at afuw.d(:com.google.android.gms:195)
03-21 17:44:42.878  7071  7488 E SystemUpdateService: 	at afuw.p(:com.google.android.gms:2178)
03-21 17:44:42.878  7071  7488 E SystemUpdateService: 	at afuw.a(:com.google.android.gms:448)
03-21 17:44:42.878  7071  7488 E SystemUpdateService: 	at afuw.doInBackground(:com.google.android.gms:50475)
03-21 17:44:42.878  7071  7488 E SystemUpdateService: 	at android.os.AsyncTask$2.call(AsyncTask.java:304)
03-21 17:44:42.878  7071  7488 E SystemUpdateService: 	at java.util.concurrent.FutureTask.run(FutureTask.java:237)
03-21 17:44:42.878  7071  7488 E SystemUpdateService: 	at java.lang.Thread.run(Thread.java:761)
03-21 17:44:42.878  7071  7488 E SystemUpdateService: Caused by: java.io.IOException: cancel scheduled update failed
03-21 17:44:42.878  7071  7488 E SystemUpdateService: 	at android.os.RecoverySystem.cancelScheduledUpdate(RecoverySystem.java:555)
03-21 17:44:42.878  7071  7488 E SystemUpdateService: 	... 9 more
03-21 17:44:42.879  7071  7488 E SystemUpdateTask: exception trying to cancel scheduled update
03-21 17:44:42.879  7071  7488 E SystemUpdateTask: java.io.IOException: Failed to invoke RecoverySystem.cancelScheduledUpdate
03-21 17:44:42.879  7071  7488 E SystemUpdateTask: 	at xae.c(:com.google.android.gms:140)
03-21 17:44:42.879  7071  7488 E SystemUpdateTask: 	at afuw.d(:com.google.android.gms:195)
03-21 17:44:42.879  7071  7488 E SystemUpdateTask: 	at afuw.p(:com.google.android.gms:2178)
03-21 17:44:42.879  7071  7488 E SystemUpdateTask: 	at afuw.a(:com.google.android.gms:448)
03-21 17:44:42.879  7071  7488 E SystemUpdateTask: 	at afuw.doInBackground(:com.google.android.gms:50475)
03-21 17:44:42.879  7071  7488 E SystemUpdateTask: 	at android.os.AsyncTask$2.call(AsyncTask.java:304)
03-21 17:44:42.879  7071  7488 E SystemUpdateTask: 	at java.util.concurrent.FutureTask.run(FutureTask.java:237)
03-21 17:44:42.879  7071  7488 E SystemUpdateTask: 	at java.lang.Thread.run(Thread.java:761)
03-21 17:44:42.888  7071  7845 I SystemUpdateTask: cancelUpdate (empty URL)
03-21 17:44:42.888  7071  7845 I CmaSystemUpdateService: active receiver: disabled
03-21 17:44:42.892  7846  7846 I chatty  : uid=0(root) expire 3 lines
03-21 17:44:44.155  7581  7615 W Babel   : bcq TOOK TOO LONG! (15039ms > 10000ms)
03-21 17:44:45.364  6322  6336 I ActivityManager: Killing 7448:com.google.android.gms.ui/u0a13 (adj 906): empty #17
03-21 17:44:45.426  6322  6797 D ActivityManager: cleanUpApplicationRecord -- 7448
03-21 17:44:46.252  7071  7741 W PlatformStatsUtil: Could not retrieve Usage & Diagnostics setting. Giving up.
03-21 17:44:48.952  7071  7511 I Icing   : Usage reports 0 indexed 0 rejected 0 imm upload false
03-21 17:44:49.004  7071  7511 I Icing   : Usage reports 0 indexed 0 rejected 0 imm upload false
03-21 17:44:49.023  7071  7511 I Icing   : Usage reports 0 indexed 0 rejected 0 imm upload false
03-21 17:44:49.053  7071  7549 I Icing   : Usage reports 0 indexed 0 rejected 0 imm upload false
03-21 17:44:51.321  7071  7741 W PlatformStatsUtil: Could not retrieve Usage & Diagnostics setting. Giving up.
03-21 17:44:56.384  7071  7741 W PlatformStatsUtil: Could not retrieve Usage & Diagnostics setting. Giving up.
03-21 17:45:01.011  6322  6567 I ActivityManager: Killing 7369:com.google.android.onetimeinitializer/u0a16 (adj 906): empty #17
03-21 17:45:01.086  6322  6384 D ActivityManager: cleanUpApplicationRecord -- 7369
03-21 17:45:01.447  7071  7741 W PlatformStatsUtil: Could not retrieve Usage & Diagnostics setting. Giving up.
03-21 17:45:04.666  7581  7581 D Babel   : onCreate: Shutdown runnable posted in onCreate with a delay of 5000 ms.
03-21 17:45:04.683  7581  7857 D Babel   : Idle: Shutdown runnable posted in release with a delay of 5000 ms.
03-21 17:45:04.687  7581  7857 D Babel   : Idle: Shutdown runnable posted in release with a delay of 5000 ms.
03-21 17:45:04.768  7581  7581 D Babel   : Idle: Shutdown runnable posted in release with a delay of 5000 ms.
03-21 17:45:04.859  6718  7860 I VacuumService: Vacuum at: now=1490118304859 tag=VacuumService
03-21 17:45:04.957  1359  3070 D WVCdm   : Instantiating CDM.
03-21 17:45:04.957  1359  1359 I WVCdm   : CdmEngine::OpenSession
03-21 17:45:04.957  1359  1359 I WVCdm   : Level3 Library 4464 Mar 30 2016 13:26:29
03-21 17:45:04.960  1359  1359 W WVCdm   : Could not load liboemcrypto.so. Falling back to L3.  dlopen failed: library "liboemcrypto.so" not found
03-21 17:45:04.962  1359  1359 I WVCdm   : CdmEngine::QueryKeyControlInfo
03-21 17:45:04.963  1359  3057 I WVCdm   : CdmEngine::GenerateKeyRequest
03-21 17:45:04.963  1359  3057 D WVCdm   : PrepareKeyRequest: nonce=3245241261
03-21 17:45:05.120  1359  1384 I WVCdm   : CdmEngine::CloseSession
03-21 17:45:05.222  7407  7407 W Binder:7407_2: type=1400 audit(0.0:53): avc: denied { read } for name="/" dev="tmpfs" ino=3111 scontext=u:r:priv_app:s0:c512,c768 tcontext=u:object_r:device:s0 tclass=dir permissive=0
03-21 17:45:06.512  7071  7741 W PlatformStatsUtil: Could not retrieve Usage & Diagnostics setting. Giving up.
03-21 17:45:09.796  7581  7581 D Babel   : RefCountedService(com.google.android.apps.hangouts.requestwriter.RequestWriter) onDestroy (count=0, startId=1 stopped=true)
03-21 17:45:11.596  7071  7741 W PlatformStatsUtil: Could not retrieve Usage & Diagnostics setting. Giving up.
03-21 17:45:12.912  6322  6681 E RecoverySystemService: Timed out connecting to uncrypt socket
03-21 17:45:12.912  6322  6681 E RecoverySystemService: Failed to connect to uncrypt socket
03-21 17:45:12.913  7071  7845 E SystemUpdateService: Failed to call RecoverySystem.cancelScheduledUpdate
03-21 17:45:12.913  7071  7845 E SystemUpdateService: java.lang.reflect.InvocationTargetException
03-21 17:45:12.913  7071  7845 E SystemUpdateService: 	at java.lang.reflect.Method.invoke(Native Method)
03-21 17:45:12.913  7071  7845 E SystemUpdateService: 	at xae.c(:com.google.android.gms:134)
03-21 17:45:12.913  7071  7845 E SystemUpdateService: 	at afuw.d(:com.google.android.gms:195)
03-21 17:45:12.913  7071  7845 E SystemUpdateService: 	at afuw.p(:com.google.android.gms:2178)
03-21 17:45:12.913  7071  7845 E SystemUpdateService: 	at afuw.a(:com.google.android.gms:448)
03-21 17:45:12.913  7071  7845 E SystemUpdateService: 	at afuw.doInBackground(:com.google.android.gms:50475)
03-21 17:45:12.913  7071  7845 E SystemUpdateService: 	at android.os.AsyncTask$2.call(AsyncTask.java:304)
03-21 17:45:12.913  7071  7845 E SystemUpdateService: 	at java.util.concurrent.FutureTask.run(FutureTask.java:237)
03-21 17:45:12.913  7071  7845 E SystemUpdateService: 	at java.lang.Thread.run(Thread.java:761)
03-21 17:45:12.913  7071  7845 E SystemUpdateService: Caused by: java.io.IOException: cancel scheduled update failed
03-21 17:45:12.913  7071  7845 E SystemUpdateService: 	at android.os.RecoverySystem.cancelScheduledUpdate(RecoverySystem.java:555)
03-21 17:45:12.913  7071  7845 E SystemUpdateService: 	... 9 more
03-21 17:45:12.913  7071  7845 E SystemUpdateTask: exception trying to cancel scheduled update
03-21 17:45:12.913  7071  7845 E SystemUpdateTask: java.io.IOException: Failed to invoke RecoverySystem.cancelScheduledUpdate
03-21 17:45:12.913  7071  7845 E SystemUpdateTask: 	at xae.c(:com.google.android.gms:140)
03-21 17:45:12.913  7071  7845 E SystemUpdateTask: 	at afuw.d(:com.google.android.gms:195)
03-21 17:45:12.913  7071  7845 E SystemUpdateTask: 	at afuw.p(:com.google.android.gms:2178)
03-21 17:45:12.913  7071  7845 E SystemUpdateTask: 	at afuw.a(:com.google.android.gms:448)
03-21 17:45:12.913  7071  7845 E SystemUpdateTask: 	at afuw.doInBackground(:com.google.android.gms:50475)
03-21 17:45:12.913  7071  7845 E SystemUpdateTask: 	at android.os.AsyncTask$2.call(AsyncTask.java:304)
03-21 17:45:12.913  7071  7845 E SystemUpdateTask: 	at java.util.concurrent.FutureTask.run(FutureTask.java:237)
03-21 17:45:12.913  7071  7845 E SystemUpdateTask: 	at java.lang.Thread.run(Thread.java:761)
03-21 17:45:16.650  7071  7741 W PlatformStatsUtil: Could not retrieve Usage & Diagnostics setting. Giving up.
03-21 17:45:21.707  7071  7741 W PlatformStatsUtil: Could not retrieve Usage & Diagnostics setting. Giving up.
03-21 17:45:26.769  7071  7741 W PlatformStatsUtil: Could not retrieve Usage & Diagnostics setting. Giving up.
03-21 17:45:31.843  7071  7741 W PlatformStatsUtil: Could not retrieve Usage & Diagnostics setting. Giving up.
03-21 17:45:36.899  7071  7741 W PlatformStatsUtil: Could not retrieve Usage & Diagnostics setting. Giving up.
03-21 17:45:41.911  7071  7741 W PlatformStatsUtil: Could not retrieve Usage & Diagnostics setting. Giving up.
03-21 17:53:24.016  7979  7979 D AndroidRuntime: >>>>>> START com.android.internal.os.RuntimeInit uid 2000 <<<<<<
03-21 17:53:24.020  7979  7979 D AndroidRuntime: CheckJNI is ON
03-21 17:53:24.060  7979  7979 W art     : Unexpected CPU variant for X86 using defaults: x86_64
03-21 17:53:24.070  7979  7979 D ICU     : No timezone override file found: /data/misc/zoneinfo/current/icu/icu_tzdata.dat
03-21 17:53:24.109  7979  7979 E memtrack: Couldn't load memtrack module (No such file or directory)
03-21 17:53:24.109  7979  7979 E android.os.Debug: failed to load memtrack module: -2
03-21 17:53:24.111  7979  7979 I Radio-JNI: register_android_hardware_Radio DONE
03-21 17:53:24.127  7979  7979 D AndroidRuntime: Calling main entry com.android.commands.pm.Pm
03-21 17:53:24.300  6322  6348 I ActivityManager: Start proc 7990:com.android.defcontainer/u0a7 for service com.android.defcontainer/.DefaultContainerService
03-21 17:53:24.302  7990  7990 W art     : Unexpected CPU variant for X86 using defaults: x86_64
03-21 17:53:24.364  6322  6348 I PackageManager.DexOptimizer: Running dexopt (dex2oat) on: /data/app/vmdl764703662.tmp/base.apk pkg=com.wire.reader isa=x86_64 vmSafeMode=false debuggable=true target-filter=interpret-only oatDir = /data/app/vmdl764703662.tmp/oat sharedLibraries=null
03-21 17:53:24.387  8005  8005 W dex2oat : Unexpected CPU variant for X86 using defaults: x86_64
03-21 17:53:24.388  8005  8005 I dex2oat : /system/bin/dex2oat --compiler-filter=interpret-only --debuggable
03-21 17:53:24.754  8005  8005 I dex2oat : dex2oat took 367.579ms (threads: 2) arena alloc=3KB (3656B) java alloc=2MB (2809216B) native alloc=3MB (3316984B) free=1880KB (1925896B)
03-21 17:53:24.767  6322  6336 I ActivityManager: Force stopping com.wire.reader appid=10082 user=-1: installPackageLI
03-21 17:53:24.816  6322  6348 I PackageManager: Package com.wire.reader codePath changed from /data/app/com.wire.reader-2 to /data/app/com.wire.reader-1; Retaining data and using new
03-21 17:53:24.816  6322  6348 W PackageManager: Code path for com.wire.reader changing from /data/app/com.wire.reader-2 to /data/app/com.wire.reader-1
03-21 17:53:24.816  6322  6348 W PackageManager: Resource path for com.wire.reader changing from /data/app/com.wire.reader-2 to /data/app/com.wire.reader-1
03-21 17:53:24.880  6322  6348 I art     : Starting a blocking GC Explicit
03-21 17:53:24.920  6322  6348 I art     : Explicit concurrent mark sweep GC freed 30044(1707KB) AllocSpace objects, 9(180KB) LOS objects, 28% free, 10MB/14MB, paused 523us total 38.757ms
03-21 17:53:24.928  6322  6348 I ActivityManager: Force stopping com.wire.reader appid=10082 user=0: pkg removed
03-21 17:53:24.932  7979  7979 I art     : System.exit called, status: 0
03-21 17:53:24.932  7979  7979 I AndroidRuntime: VM exiting with result code 0.
03-21 17:53:24.959  6322  6361 I InputReader: Reconfiguring input devices.  changes=0x00000010
03-21 17:53:24.974  6322  6336 I ActivityManager: Start proc 8010:com.android.gallery3d/u0a45 for broadcast com.android.gallery3d/.app.PackagesMonitor
03-21 17:53:24.978  6322  6361 I InputReader: Reconfiguring input devices.  changes=0x00000010
03-21 17:53:24.982  8010  8010 W art     : Unexpected CPU variant for X86 using defaults: x86_64
03-21 17:53:24.998  6322  6361 I InputReader: Reconfiguring input devices.  changes=0x00000010
03-21 17:53:25.048  6524  6524 D CarrierSvcBindHelper: No carrier app for: 0
03-21 17:53:25.049  6524  6524 D CarrierSvcBindHelper: No carrier app for: 0
03-21 17:53:25.051  6524  6524 D CarrierConfigLoader: mHandler: 9 phoneId: 0
03-21 17:53:25.066  6322  6333 W ActivityManager: Permission Denial: Accessing service ComponentInfo{com.google.android.music/com.google.android.music.dial.DialMediaRouteProviderService} from pid=7630, uid=10069 that is not exported from uid 10057
03-21 17:53:25.072  6322  6384 W ActivityManager: Permission Denial: Accessing service ComponentInfo{com.google.android.music/com.google.android.music.dial.DialMediaRouteProviderService} from pid=7630, uid=10069 that is not exported from uid 10057
03-21 17:53:25.073  6322  6809 W ActivityManager: Permission Denial: Accessing service ComponentInfo{com.google.android.music/com.google.android.music.dial.DialMediaRouteProviderService} from pid=7630, uid=10069 that is not exported from uid 10057
03-21 17:53:25.108  6322  6322 V KeyValueBackupJob: Scheduling k/v pass in 247 minutes
03-21 17:53:25.258  6322  6333 I ActivityManager: Start proc 8030:com.android.keychain/1000 for broadcast com.android.keychain/.KeyChainBroadcastReceiver
03-21 17:53:25.262  8030  8030 W art     : Unexpected CPU variant for X86 using defaults: x86_64
03-21 17:53:25.284  8030  8030 W System  : ClassLoader referenced unknown path: /system/app/KeyChain/lib/x86_64
03-21 17:53:25.299  8030  8030 W ContextImpl: Calling a method in the system process without a qualified user: android.app.ContextImpl.startService:1385 android.content.ContextWrapper.startService:613 android.content.ContextWrapper.startService:613 com.android.keychain.KeyChainBroadcastReceiver.onReceive:12 android.app.ActivityThread.handleReceiver:3011 
03-21 17:53:25.320  6322  6334 I ActivityManager: Start proc 8046:com.google.android.apps.docs/u0a40 for broadcast com.google.android.apps.docs/.receivers.AppPackageAddRemoveReceiver
03-21 17:53:25.327  8046  8046 W art     : Unexpected CPU variant for X86 using defaults: x86_64
03-21 17:53:25.358  6322  6784 I ActivityManager: Killing 6906:com.google.android.partnersetup/u0a18 (adj 906): empty #17
03-21 17:53:25.376  8046  8046 W System  : ClassLoader referenced unknown path: /system/app/Drive/lib/x86_64
03-21 17:53:25.397  6322  6567 D ActivityManager: cleanUpApplicationRecord -- 6906
03-21 17:53:25.522  8027  8027 D AndroidRuntime: >>>>>> START com.android.internal.os.RuntimeInit uid 2000 <<<<<<
03-21 17:53:25.525  8027  8027 D AndroidRuntime: CheckJNI is ON
03-21 17:53:25.559  8027  8027 W art     : Unexpected CPU variant for X86 using defaults: x86_64
03-21 17:53:25.567  8027  8027 D ICU     : No timezone override file found: /data/misc/zoneinfo/current/icu/icu_tzdata.dat
03-21 17:53:25.602  8027  8027 E memtrack: Couldn't load memtrack module (No such file or directory)
03-21 17:53:25.602  8027  8027 E android.os.Debug: failed to load memtrack module: -2
03-21 17:53:25.603  8027  8027 I Radio-JNI: register_android_hardware_Radio DONE
03-21 17:53:25.617  8027  8027 D AndroidRuntime: Calling main entry com.android.commands.am.Am
03-21 17:53:25.634  6322  6882 I ActivityManager: START u0 {flg=0x10000000 cmp=com.wire.reader/.MainActivity} from uid 2000 on display 0
03-21 17:53:25.727  8027  8027 D AndroidRuntime: Shutting down VM
03-21 17:53:25.818  8069  8069 I art     : Not late-enabling -Xcheck:jni (already on)
03-21 17:53:25.819  8069  8069 W art     : Unexpected CPU variant for X86 using defaults: x86_64
03-21 17:53:25.829  6322  6797 W ActivityManager: Slow operation: 179ms so far, now at startProcess: returned from zygote!
03-21 17:53:25.829  6322  6797 W ActivityManager: Slow operation: 179ms so far, now at startProcess: done updating battery stats
03-21 17:53:25.829  6322  6797 W ActivityManager: Slow operation: 180ms so far, now at startProcess: building log message
03-21 17:53:25.829  6322  6797 I ActivityManager: Start proc 8069:com.wire.reader/u0a82 for activity com.wire.reader/.MainActivity
03-21 17:53:25.829  6322  6797 W ActivityManager: Slow operation: 180ms so far, now at startProcess: starting to update pids map
03-21 17:53:25.830  6322  6797 W ActivityManager: Slow operation: 180ms so far, now at startProcess: done updating pids map
03-21 17:53:25.830  6322  6797 W ActivityManager: Slow operation: 180ms so far, now at startProcess: done starting proc!
03-21 17:53:26.026  1298  1313 E BufferQueueProducer: [com.android.launcher3/com.android.launcher3.Launcher] cancelBuffer: slot 2 is not owned by the producer (state = ACQUIRED)
03-21 17:53:26.969  1298  1465 E SurfaceFlinger: ro.sf.lcd_density must be defined as a build property
03-21 17:53:27.077  8069  8089 I OpenGLRenderer: Initialized EGL, version 1.4
03-21 17:53:27.077  8069  8089 D OpenGLRenderer: Swap behavior 1
03-21 17:53:27.072  8069  8069 W RenderThread: type=1400 audit(0.0:54): avc: denied { search } for name="graphics" dev="tmpfs" ino=4244 scontext=u:r:untrusted_app:s0:c512,c768 tcontext=u:object_r:graphics_device:s0 tclass=dir permissive=0
03-21 17:53:27.312  8046  8090 I GAv4    : Google Analytics 8.4.87 is starting up. To enable debug logging on a device run:
03-21 17:53:27.312  8046  8090 I GAv4    :   adb shell setprop log.tag.GAv4 DEBUG
03-21 17:53:27.312  8046  8090 I GAv4    :   adb logcat -s GAv4
03-21 17:53:27.345  8046  8090 W GAv4    : AnalyticsReceiver is not registered or is disabled. Register the receiver for reliable dispatching on non-Google Play devices. See http://goo.gl/8Rd3yj for instructions.
03-21 17:53:27.379  8046  8090 W GAv4    : CampaignTrackingReceiver is not registered, not exported or is disabled. Installation campaign tracking is not possible. See http://goo.gl/8Rd3yj for instructions.
03-21 17:53:27.472  8046  8096 W GAv4    : AnalyticsService not registered in the app manifest. Hits might not be delivered reliably. See http://goo.gl/8Rd3yj for instructions.
03-21 17:53:27.591  6322  6797 I ActivityManager: Killing 7521:com.google.process.gapps/u0a46 (adj 906): empty #17
03-21 17:53:27.629  6718  6985 E NetworkScheduler.SR: Invalid parameter app
03-21 17:53:27.629  6718  6985 E NetworkScheduler.SR: Invalid package name : Perhaps you didn't include a PendingIntent in the extras?
03-21 17:53:27.769  6322  6797 D ActivityManager: cleanUpApplicationRecord -- 7521
03-21 17:53:27.808  7071  8108 D Wear_Controller: Received broadcast action=android.intent.action.PACKAGE_REMOVED and uri=com.wire.reader
03-21 17:53:27.865  7071  8106 D Wear_Controller: Received broadcast action=android.intent.action.PACKAGE_ADDED and uri=com.wire.reader
03-21 17:53:27.909  6322  6797 I ActivityManager: Start proc 8116:com.google.android.partnersetup/u0a18 for broadcast com.google.android.partnersetup/.RlzPingBroadcastReceiver
03-21 17:53:27.916  8116  8116 W art     : Unexpected CPU variant for X86 using defaults: x86_64
03-21 17:53:27.949  8116  8116 W System  : ClassLoader referenced unknown path: /system/priv-app/GooglePartnerSetup/lib/x86_64
03-21 17:53:27.954  7071  7082 W art     : Suspending all threads took: 64.985ms
03-21 17:53:27.958  8069  8089 D gralloc_ranchu: Emulator without host-side GPU emulation detected.
03-21 17:53:28.047  8069  8069 I Choreographer: Skipped 45 frames!  The application may be doing too much work on its main thread.
03-21 17:53:28.066  6322  6343 I ActivityManager: Displayed com.wire.reader/.MainActivity: +2s416ms
03-21 17:53:28.340  6322  6333 I ActivityManager: Start proc 8131:com.google.android.apps.photos/u0a62 for broadcast com.google.android.apps.photos/.experiments.phenotype.AppUpgradeBroadcastReceiver
03-21 17:53:28.350  6322  6343 I WindowManager: Destroying surface Surface(name=Starting com.wire.reader) called by com.android.server.wm.WindowStateAnimator.destroySurface:2014 com.android.server.wm.WindowStateAnimator.destroySurfaceLocked:881 com.android.server.wm.WindowState.destroyOrSaveSurface:2073 com.android.server.wm.AppWindowToken.destroySurfaces:363 com.android.server.wm.WindowStateAnimator.finishExit:565 com.android.server.wm.WindowStateAnimator.stepAnimationLocked:491 com.android.server.wm.WindowAnimator.updateWindowsLocked:303 com.android.server.wm.WindowAnimator.animateLocked:704 
03-21 17:53:28.359  8131  8131 W art     : Unexpected CPU variant for X86 using defaults: x86
03-21 17:53:28.567  6843  8115 I UpdateIcingCorporaServi: Updating corpora: APPS=com.wire.reader, CONTACTS=MAYBE
03-21 17:53:28.571  6322  6809 I WindowManager: Destroying surface Surface(name=com.android.launcher3/com.android.launcher3.Launcher) called by com.android.server.wm.WindowStateAnimator.destroySurface:2014 com.android.server.wm.WindowStateAnimator.destroySurfaceLocked:881 com.android.server.wm.WindowState.destroyOrSaveSurface:2073 com.android.server.wm.AppWindowToken.destroySurfaces:363 com.android.server.wm.AppWindowToken.notifyAppStopped:389 com.android.server.wm.WindowManagerService.notifyAppStopped:4456 com.android.server.am.ActivityStack.activityStoppedLocked:1252 com.android.server.am.ActivityManagerService.activityStopped:6902 
03-21 17:53:28.641  8131  8131 W System  : ClassLoader referenced unknown path: /system/app/Photos/lib/x86
03-21 17:53:28.707  7071  7511 E Drive.UninstallOperation: Package still installed com.wire.reader
03-21 17:53:28.853  7071  7511 I Icing   : Usage reports 0 indexed 0 rejected 0 imm upload false
03-21 17:53:28.859  7071  7511 I Icing   : Usage reports 0 indexed 0 rejected 0 imm upload false
03-21 17:53:29.000  7071  7549 I Icing   : Usage reports 0 indexed 0 rejected 0 imm upload true
03-21 17:53:29.085  6843  8115 I UpdateIcingCorporaServi: UpdateCorporaTask done [took 500 ms] updated apps [took 500 ms] 
03-21 17:53:29.238  6718  6985 E NetworkScheduler.SR: Invalid parameter app
03-21 17:53:29.238  6718  6985 E NetworkScheduler.SR: Invalid package name : Perhaps you didn't include a PendingIntent in the extras?
03-21 17:53:29.268  7071  7511 I Icing   : Usage reports 0 indexed 0 rejected 0 imm upload false
03-21 17:53:29.277  7071  7511 I Icing   : Usage reports 0 indexed 0 rejected 0 imm upload false
03-21 17:53:29.291  7071  8113 I PeopleContactsSync: triggerPendingContactsCleanup: no accounts
03-21 17:53:29.298  7071  8104 I PeopleDatabaseHelper: cleanUpNonGplusAccounts done.
03-21 17:53:29.496  1359  3070 D WVCdm   : Instantiating CDM.
03-21 17:53:29.497  1359  3057 I WVCdm   : CdmEngine::OpenSession
03-21 17:53:29.497  1359  3057 I WVCdm   : Level3 Library 4464 Mar 30 2016 13:26:29
03-21 17:53:29.499  1359  3057 W WVCdm   : Could not load liboemcrypto.so. Falling back to L3.  dlopen failed: library "liboemcrypto.so" not found
03-21 17:53:29.503  1359  3057 I WVCdm   : CdmEngine::QueryKeyControlInfo
03-21 17:53:29.504  1359  1384 I WVCdm   : CdmEngine::GenerateKeyRequest
03-21 17:53:29.504  1359  1384 D WVCdm   : PrepareKeyRequest: nonce=2158599579
03-21 17:53:29.624  1359  1359 I WVCdm   : CdmEngine::CloseSession
03-21 17:53:29.762  7407  7407 W Binder:7407_1: type=1400 audit(0.0:55): avc: denied { read } for name="/" dev="tmpfs" ino=3111 scontext=u:r:priv_app:s0:c512,c768 tcontext=u:object_r:device:s0 tclass=dir permissive=0
03-21 17:53:29.900  7071  7549 I Icing   : Indexing 1CB988186B45483AB91DF6045FA2E48D5A7D9BD0 from com.google.android.gms
03-21 17:53:29.947  7071  7549 D Icing   : Loaded CLD2 Version V2.0 - 20141016
03-21 17:53:30.021  7071  7549 I Icing   : Indexing done 1CB988186B45483AB91DF6045FA2E48D5A7D9BD0
03-21 17:53:30.127  7071  7549 I Icing   : Indexing E9D93EA6B745ACBE464147CEA1450510A685896D from com.google.android.googlequicksearchbox
03-21 17:53:30.257  7071  7549 I Icing   : Indexing done E9D93EA6B745ACBE464147CEA1450510A685896D
03-21 17:53:30.346  7071  7549 I Icing   : Indexing 1CB988186B45483AB91DF6045FA2E48D5A7D9BD0 from com.google.android.gms
03-21 17:53:30.348  7071  7549 I Icing   : Indexing done 1CB988186B45483AB91DF6045FA2E48D5A7D9BD0
03-21 17:53:30.542  6718  7602 W Conscrypt: Could not set socket write timeout: null
03-21 17:53:30.595  6718  7602 W Conscrypt: Could not set socket write timeout: null
03-21 17:53:30.666  6718  7602 W GLSUser : [AppCertManager] IOException while requesting key: 
03-21 17:53:30.666  6718  7602 W GLSUser : java.io.IOException: Invalid device key response.
03-21 17:53:30.666  6718  7602 W GLSUser : 	at evk.a(:com.google.android.gms:274)
03-21 17:53:30.666  6718  7602 W GLSUser : 	at evk.a(:com.google.android.gms:4238)
03-21 17:53:30.666  6718  7602 W GLSUser : 	at evj.a(:com.google.android.gms:45)
03-21 17:53:30.666  6718  7602 W GLSUser : 	at evd.a(:com.google.android.gms:50)
03-21 17:53:30.666  6718  7602 W GLSUser : 	at evc.a(:com.google.android.gms:104)
03-21 17:53:30.666  6718  7602 W GLSUser : 	at com.google.android.gms.auth.account.be.legacy.AuthCronChimeraService.b(:com.google.android.gms:4049)
03-21 17:53:30.666  6718  7602 W GLSUser : 	at ecm.call(:com.google.android.gms:2041)
03-21 17:53:30.666  6718  7602 W GLSUser : 	at java.util.concurrent.FutureTask.run(FutureTask.java:237)
03-21 17:53:30.666  6718  7602 W GLSUser : 	at llt.run(:com.google.android.gms:450)
03-21 17:53:30.666  6718  7602 W GLSUser : 	at java.util.concurrent.ThreadPoolExecutor.runWorker(ThreadPoolExecutor.java:1133)
03-21 17:53:30.666  6718  7602 W GLSUser : 	at java.util.concurrent.ThreadPoolExecutor$Worker.run(ThreadPoolExecutor.java:607)
03-21 17:53:30.666  6718  7602 W GLSUser : 	at lqc.run(:com.google.android.gms:17)
03-21 17:53:30.666  6718  7602 W GLSUser : 	at java.lang.Thread.run(Thread.java:761)
03-21 17:53:34.160  6104  6118 W audio_hw_generic: Not supplying enough data to HAL, expected position 60 , only wrote 0
03-21 17:53:34.561  6322  6784 I ActivityManager: Killing 7164:com.google.android.apps.messaging/u0a63 (adj 906): empty #17
03-21 17:53:34.658  6322  6809 D ActivityManager: cleanUpApplicationRecord -- 7164
03-21 17:53:34.912  6104  6118 W audio_hw_generic: Not supplying enough data to HAL, expected position 36082 , only wrote 35280
03-21 17:53:35.155  6104  6118 W audio_hw_generic: Hardware backing HAL too slow, could only write 0 of 720 frames
03-21 17:53:35.164  8069  8189 W Java7Support: Unable to load JDK7 types (annotations, java.nio.file.Path): no Java7 support added
03-21 17:53:35.165  7071  8181 W PlatformStatsUtil: Could not retrieve Usage & Diagnostics setting. Giving up.
03-21 17:53:35.185  6104  6118 W audio_hw_generic: Hardware backing HAL too slow, could only write 0 of 720 frames
03-21 17:53:35.467  6322  6334 I ActivityManager: Killing 6536:com.android.settings/1000 (adj 906): empty #17
03-21 17:53:35.568  6322  6494 D ActivityManager: cleanUpApplicationRecord -- 6536
03-21 17:53:35.592  6322  6681 D GraphicsStats: Buffer count: 3
03-21 17:53:36.160  6104  6118 W audio_hw_generic: Not supplying enough data to HAL, expected position 95175 , only wrote 95040
03-21 17:53:36.160  6104  6118 W audio_hw_generic: Not supplying enough data to HAL, expected position 95050 , only wrote 95040
03-21 17:53:36.656  6104  6118 W audio_hw_generic: Not supplying enough data to HAL, expected position 118856 , only wrote 118800
03-21 17:53:36.657  6104  6118 W audio_hw_generic: Not supplying enough data to HAL, expected position 118810 , only wrote 118800
03-21 17:53:37.227  6104  6118 W audio_hw_generic: Not supplying enough data to HAL, expected position 146197 , only wrote 146160
03-21 17:53:37.229  6104  6118 W audio_hw_generic: Not supplying enough data to HAL, expected position 146219 , only wrote 146160
03-21 17:53:37.383  6104  6118 W audio_hw_generic: Not supplying enough data to HAL, expected position 153549 , only wrote 153360
03-21 17:53:37.383  6104  6118 W audio_hw_generic: Not supplying enough data to HAL, expected position 153384 , only wrote 153360
03-21 17:53:37.400  6104  6119 W audio_hw_generic: Not supplying enough data to HAL, expected position 154179 , only wrote 154080
03-21 17:53:39.525  8046  8097 W System  : ClassLoader referenced unknown path: /system/priv-app/PrebuiltGmsCore/lib/x86_64
03-21 17:53:39.584  8046  8097 W System  : ClassLoader referenced unknown path: /system/priv-app/PrebuiltGmsCore/lib/x86_64
03-21 17:53:39.587  8046  8097 W System  : ClassLoader referenced unknown path: /system/priv-app/PrebuiltGmsCore/lib/x86_64
03-21 17:53:39.600  8046  8097 W System  : ClassLoader referenced unknown path: /system/priv-app/PrebuiltGmsCore/lib/x86_64
03-21 17:53:39.601  8046  8097 W System  : ClassLoader referenced unknown path: /system/priv-app/PrebuiltGmsCore/lib/x86_64
03-21 17:53:39.614  8046  8097 V JNIHelp : Registering com/google/android/gms/org/conscrypt/NativeCrypto's 242 native methods...
03-21 17:53:39.673  8046  8097 D NetworkSecurityConfig: No Network Security Config specified, using platform default
03-21 17:53:39.675  8046  8097 I ProviderInstaller: Installed default security provider GmsCore_OpenSSL
03-21 17:53:42.868  8069  8073 I art     : Do partial code cache collection, code=29KB, data=25KB
03-21 17:53:42.869  8069  8073 I art     : After code cache collection, code=29KB, data=25KB
03-21 17:53:42.869  8069  8073 I art     : Increasing code cache capacity to 128KB
03-21 17:53:46.869  6104  6118 W audio_hw_generic: Not supplying enough data to HAL, expected position 154232 , only wrote 154080
03-21 17:53:46.874  8069  8069 W Settings: Setting airplane_mode_on has moved from android.provider.Settings.System to android.provider.Settings.Global, returning read-only value.
03-21 17:53:46.879  8069  8069 D AndroidRuntime: Shutting down VM
03-21 17:53:46.882  8069  8069 E AndroidRuntime: FATAL EXCEPTION: main
03-21 17:53:46.882  8069  8069 E AndroidRuntime: Process: com.wire.reader, PID: 8069
03-21 17:53:46.882  8069  8069 E AndroidRuntime: java.lang.IllegalArgumentException: Target must not be null.
03-21 17:53:46.882  8069  8069 E AndroidRuntime: 	at com.squareup.picasso.RequestCreator.into(RequestCreator.java:618)
03-21 17:53:46.882  8069  8069 E AndroidRuntime: 	at com.squareup.picasso.RequestCreator.into(RequestCreator.java:601)
03-21 17:53:46.882  8069  8069 E AndroidRuntime: 	at com.wire.reader.MainActivity$$anonfun$16$$anon$6$$anonfun$onItemClick$1.apply(MainActivity.scala:102)
03-21 17:53:46.882  8069  8069 E AndroidRuntime: 	at com.wire.reader.MainActivity$$anonfun$16$$anon$6$$anonfun$onItemClick$1.apply(MainActivity.scala:96)
03-21 17:53:46.882  8069  8069 E AndroidRuntime: 	at com.wire.reader.MainActivity$$anonfun$16$$anon$6.onItemClick(MainActivity.scala:95)
03-21 17:53:46.882  8069  8069 E AndroidRuntime: 	at android.widget.AdapterView.performItemClick(AdapterView.java:310)
03-21 17:53:46.882  8069  8069 E AndroidRuntime: 	at android.widget.AbsListView.performItemClick(AbsListView.java:1155)
03-21 17:53:46.882  8069  8069 E AndroidRuntime: 	at android.widget.AbsListView$PerformClick.run(AbsListView.java:3120)
03-21 17:53:46.882  8069  8069 E AndroidRuntime: 	at android.widget.AbsListView$3.run(AbsListView.java:4035)
03-21 17:53:46.882  8069  8069 E AndroidRuntime: 	at android.os.Handler.handleCallback(Handler.java:751)
03-21 17:53:46.882  8069  8069 E AndroidRuntime: 	at android.os.Handler.dispatchMessage(Handler.java:95)
03-21 17:53:46.882  8069  8069 E AndroidRuntime: 	at android.os.Looper.loop(Looper.java:154)
03-21 17:53:46.882  8069  8069 E AndroidRuntime: 	at android.app.ActivityThread.main(ActivityThread.java:6077)
03-21 17:53:46.882  8069  8069 E AndroidRuntime: 	at java.lang.reflect.Method.invoke(Native Method)
03-21 17:53:46.882  8069  8069 E AndroidRuntime: 	at com.android.internal.os.ZygoteInit$MethodAndArgsCaller.run(ZygoteInit.java:865)
03-21 17:53:46.882  8069  8069 E AndroidRuntime: 	at com.android.internal.os.ZygoteInit.main(ZygoteInit.java:755)
03-21 17:53:46.925  6322  6784 W ActivityManager:   Force finishing activity com.wire.reader/.MainActivity
03-21 17:53:46.963  6104  6119 D AudioFlinger: mixer(0xea483900) throttle end: throttle time(4)
03-21 17:53:47.134  6104  6118 W audio_hw_generic: Hardware backing HAL too slow, could only write 0 of 720 frames
03-21 17:53:47.176  6104  6118 W audio_hw_generic: Not supplying enough data to HAL, expected position 168753 , only wrote 167760
03-21 17:53:47.212  6104  6118 W audio_hw_generic: Not supplying enough data to HAL, expected position 169540 , only wrote 169200
03-21 17:53:47.270  6104  6118 W audio_hw_generic: Hardware backing HAL too slow, could only write 0 of 720 frames
03-21 17:53:47.305  6104  6118 W audio_hw_generic: Not supplying enough data to HAL, expected position 173677 , only wrote 172800
03-21 17:53:47.350  6104  6118 W audio_hw_generic: Hardware backing HAL too slow, could only write 0 of 720 frames
03-21 17:53:47.412  6104  6118 W audio_hw_generic: Not supplying enough data to HAL, expected position 177911 , only wrote 177840
03-21 17:53:47.412  6104  6118 W audio_hw_generic: Not supplying enough data to HAL, expected position 177854 , only wrote 177840
03-21 17:53:47.443  6104  6118 W audio_hw_generic: Not supplying enough data to HAL, expected position 179315 , only wrote 178560
03-21 17:53:47.444  6322  6336 W ActivityManager: Activity pause timeout for ActivityRecord{976cd05 u0 com.wire.reader/.MainActivity t397 f}
03-21 17:53:47.476  6322  6332 I art     : Background sticky concurrent mark sweep GC freed 40480(2MB) AllocSpace objects, 7(180KB) LOS objects, 23% free, 10MB/14MB, paused 1.255ms total 323.898ms
03-21 17:53:47.479  6104  6118 W audio_hw_generic: Not supplying enough data to HAL, expected position 180270 , only wrote 180000
03-21 17:53:47.515  6104  6118 W audio_hw_generic: Not supplying enough data to HAL, expected position 181757 , only wrote 181440
03-21 17:53:47.547  6104  6118 W audio_hw_generic: Not supplying enough data to HAL, expected position 182952 , only wrote 182880
03-21 17:53:47.635  6104  6118 W audio_hw_generic: Hardware backing HAL too slow, could only write 0 of 720 frames
03-21 17:53:47.651  6104  6118 W audio_hw_generic: Hardware backing HAL too slow, could only write 0 of 720 frames
03-21 17:53:47.747  6104  6118 W audio_hw_generic: Hardware backing HAL too slow, could only write 0 of 720 frames
03-21 17:53:47.747  6104  6118 W audio_hw_generic: Not supplying enough data to HAL, expected position 192489 , only wrote 192240
