--------- beginning of system
03-21 17:10:07.941  1254  1254 I vold    : Vold 3.0 (the awakening) firing up
03-21 17:10:07.941  1254  1254 V vold    : Detected support for: ext4 vfat
03-21 17:10:08.214  1254  1289 D vold    : e4crypt_init_user0
03-21 17:10:08.214  1254  1289 D vold    : e4crypt_prepare_user_storage for volume null, user 0, serial 0, flags 1
03-21 17:10:08.214  1254  1289 D vold    : Preparing: /data/system/users/0
03-21 17:10:08.214  1254  1289 D vold    : Preparing: /data/misc/profiles/cur/0
03-21 17:10:08.214  1254  1289 D vold    : Preparing: /data/misc/profiles/cur/0/foreign-dex
03-21 17:10:08.214  1254  1289 D vold    : Preparing: /data/system_de/0
03-21 17:10:08.214  1254  1289 D vold    : Preparing: /data/misc_de/0
03-21 17:10:08.214  1254  1289 D vold    : Preparing: /data/user_de/0
03-21 17:10:08.214  1254  1289 D vold    : e4crypt_unlock_user_key 0 serial=0 token_present=0
03-21 17:10:08.214  1254  1289 E vold    : Failed to chmod /data/system_ce/0: No such file or directory
03-21 17:10:08.214  1254  1289 E vold    : Failed to chmod /data/misc_ce/0: No such file or directory
03-21 17:10:08.214  1254  1289 E vold    : Failed to chmod /data/media/0: No such file or directory
03-21 17:10:08.298  1254  1289 D VoldCryptCmdListener: cryptfs mountdefaultencrypted
03-21 17:10:08.316  1254  1308 I Cryptfs : cryptfs_check_passwd
03-21 17:10:08.316  1254  1308 D Cryptfs : crypt_ftr->fs_size = 1126400
03-21 17:10:08.316  1254  1308 I Cryptfs : Using scrypt for cryptfs KDF
03-21 17:10:08.720  1254  1308 I Cryptfs : Enabling support for allow_discards in dmcrypt.
03-21 17:10:08.723  1254  1258 D vold    : Disk at 252:0 changed
03-21 17:10:09.253  1254  1308 I Cryptfs : Password matches
03-21 17:10:09.257  1254  1308 D Cryptfs : test_mount_encrypted_fs(): Master key saved
03-21 17:10:09.275  1254  1308 I Cryptfs : keymaster module name is Keymaster OpenSSL HAL
03-21 17:10:09.275  1254  1308 I Cryptfs : keymaster version is 2
03-21 17:10:09.275  1254  1308 I Cryptfs : Found keymaster0 module, using keymaster0 API.
03-21 17:10:09.275  1254  1308 D Cryptfs : Password is default - restarting filesystem
03-21 17:10:09.275  1254  1308 D Cryptfs : unmounting /data succeeded
03-21 17:10:09.691  1254  1308 D Cryptfs : Just triggered post_fs_data
03-21 17:10:09.714  1254  1289 D vold    : e4crypt_init_user0
03-21 17:10:09.714  1254  1289 D vold    : e4crypt_prepare_user_storage for volume null, user 0, serial 0, flags 1
03-21 17:10:09.714  1254  1289 D vold    : Preparing: /data/system/users/0
03-21 17:10:09.714  1254  1289 D vold    : Preparing: /data/misc/profiles/cur/0
03-21 17:10:09.715  1254  1289 D vold    : Preparing: /data/misc/profiles/cur/0/foreign-dex
03-21 17:10:09.715  1254  1289 D vold    : Preparing: /data/system_de/0
03-21 17:10:09.715  1254  1289 D vold    : Preparing: /data/misc_de/0
03-21 17:10:09.716  1254  1289 D vold    : Preparing: /data/user_de/0
03-21 17:10:09.716  1254  1289 D vold    : e4crypt_unlock_user_key 0 serial=0 token_present=0
03-21 17:10:09.742  1254  1308 D Cryptfs : post_fs_data done
03-21 17:10:09.742  1254  1308 D Cryptfs : Just triggered restart_framework
03-21 17:10:18.821  1593  1593 I chatty  : uid=1000 system_server expire 291 lines
03-21 17:10:19.204  1593  1607 I chatty  : uid=1000 system_server expire 1 line
03-21 17:10:19.211  1593  1608 I chatty  : uid=1000 system_server expire 1 line
03-21 17:10:19.736  1593  1614 I chatty  : uid=1000 system_server expire 4 lines
03-21 17:10:19.744  1593  1616 I chatty  : uid=1000 system_server expire 1 line
03-21 17:10:24.307  1593  1623 I chatty  : uid=1000 system_server expire 1 line
03-21 17:10:25.791  1593  1606 I chatty  : uid=1000 system_server expire 1 line
03-21 17:10:25.863  1593  1634 I chatty  : uid=1000 system_server expire 52 lines
03-21 17:10:25.929  1593  1636 I chatty  : uid=1000 system_server expire 1 line
03-21 17:10:25.946  1593  1635 I chatty  : uid=1000 system_server expire 2 lines
03-21 17:10:26.207  1593  1638 I chatty  : uid=1000 system_server expire 1 line
03-21 17:10:27.804  1593  1593 I SystemServiceManager: Starting com.android.server.GestureLauncherService
03-21 17:10:27.804  1593  1593 I SystemServiceManager: Starting com.android.server.SensorNotificationService
03-21 17:10:27.805  1593  1593 I SystemServiceManager: Starting com.android.server.ContextHubSystemService
03-21 17:10:27.809  1593  1593 I SystemServer: StartDiskStatsService
03-21 17:10:27.810  1593  1593 I SystemServer: StartSamplingProfilerService
03-21 17:10:27.865  1593  1593 I SystemServer: StartNetworkTimeUpdateService
03-21 17:10:27.868  1593  1593 I SystemServer: StartCommonTimeManagementService
03-21 17:10:27.870  1593  1593 I SystemServer: CertBlacklister
03-21 17:10:27.871  1593  1593 I SystemServiceManager: Starting com.android.server.dreams.DreamManagerService
03-21 17:10:27.875  1593  1593 I SystemServer: StartAssetAtlasService
03-21 17:10:27.879  1593  1593 I SystemServiceManager: Starting com.android.server.print.PrintManagerService
03-21 17:10:27.898  1593  1593 I SystemServiceManager: Starting com.android.server.restrictions.RestrictionsManagerService
03-21 17:10:27.918  1593  1593 I SystemServiceManager: Starting com.android.server.media.MediaSessionService
03-21 17:10:27.923  1593  1593 I SystemServer: StartMediaRouterService
03-21 17:10:27.925  1593  1593 I SystemServiceManager: Starting com.android.server.trust.TrustManagerService
03-21 17:10:27.991  1593  1593 I SystemServiceManager: Starting com.android.server.fingerprint.FingerprintService
03-21 17:10:28.049  1593  1593 V FingerprintService: Fingerprint HAL id: 130046551699456
03-21 17:10:28.051  1593  1593 I SystemServer: StartBackgroundDexOptService
03-21 17:10:28.064  1593  1593 I SystemServiceManager: Starting com.android.server.pm.ShortcutService$Lifecycle
03-21 17:10:28.082  1593  1593 I SystemServiceManager: Starting com.android.server.pm.LauncherAppsService
03-21 17:10:28.086  1593  1593 I SystemServiceManager: Starting com.android.server.media.projection.MediaProjectionManagerService
03-21 17:10:28.137  1593  1593 I SystemServiceManager: Starting com.android.server.MmsServiceBroker
03-21 17:10:28.281  1593  1593 E LockSettingsStorage: Cannot read file java.io.FileNotFoundException: /data/system/gatekeeper.password.key: open failed: ENOENT (No such file or directory)
03-21 17:10:28.281  1593  1593 E LockSettingsStorage: Cannot read file java.io.FileNotFoundException: /data/system/password.key: open failed: ENOENT (No such file or directory)
03-21 17:10:28.293  1593  1593 E LockSettingsStorage: Cannot read file java.io.FileNotFoundException: /data/system/gatekeeper.pattern.key: open failed: ENOENT (No such file or directory)
03-21 17:10:28.294  1593  1593 E LockSettingsStorage: Cannot read file java.io.FileNotFoundException: /data/system/gatekeeper.gesture.key: open failed: ENOENT (No such file or directory)
03-21 17:10:28.311  1593  1593 E LockSettingsStorage: Cannot read file java.io.FileNotFoundException: /data/system/gesture.key: open failed: ENOENT (No such file or directory)
03-21 17:10:28.311  1593  1593 I SystemServiceManager: Starting phase 480
03-21 17:10:28.439  1593  1593 I DevicePolicyManagerService: Set ro.device_owner property to false
03-21 17:10:28.490  1593  1593 I SystemServiceManager: Starting phase 500
03-21 17:10:28.511  1593  1593 I WifiService: WifiService starting up with Wi-Fi disabled
03-21 17:10:28.534  1593  1593 D ZenLog  : config: cleanUpZenRules,ZenModeConfig[user=0,allowCalls=true,allowRepeatCallers=false,allowMessages=false,allowCallsFrom=contacts,allowMessagesFrom=contacts,allowReminders=true,allowEvents=true,allowWhenScreenOff=true,allowWhenScreenOn=true,automaticRules={cd18baa493d1429dbcab88024d69f6d3=ZenRule[enabled=false,snoozing=false,name=Weeknight,zenMode=ZEN_MODE_ALARMS,conditionId=condition://android/schedule?days=1.2.3.4.5&start=22.0&end=7.0&exitAtAlarm=false,condition=Condition[id=condition://android/schedule?days=1.2.3.4.5&start=22.0&end=7.0&exitAtAlarm=false,summary=...,line1=...,line2=...,icon=0,state=STATE_FALSE,flags=2],component=ComponentInfo{android/com.android.server.notification.ScheduleConditionProvider},id=cd18baa493d1429dbcab88024d69f6d3,creationTime=1489518819262], eb372a19285f4a8bb33dcc574cb6a615=ZenRule[enabled=false,snoozing=false,name=Weekend,zenMode=ZEN_MODE_ALARMS,conditionId=condition://android/schedule?days=6.7&start=23.30&end=10.0&exitAtAlarm=false,condition=Condition[id=condition://android/schedule?days=6.7&start=23.30&end=10.0&exitAtAlarm=false,summary=...,line1=...,line2=...,icon=0,state=STATE_FALSE,flags=2],component=ComponentInfo{android/com.android.server.notification.ScheduleConditionProvider},id=eb372a19285f4a8bb33dcc574cb6a615,creationTime=1489518819262], 6628f2f8f0a24775a92fa4715cb24925=ZenRule[enabled=false,snoozing=false,name=Event,zenMode=ZEN_MODE_ALARMS,conditionId=condition://android/event?userId=-10000&calendar=&reply=1,condition=Condition[id=condition://android/event?userId=-10000&calendar=&reply=1,summary=...,line1=...,line2=...,icon=0,state=STATE_FALSE,flags=2],component=ComponentInfo{android/com.android.server.notification.EventConditionProvider},id=6628f2f8f0a24775a92fa4715cb24925,creationTime=1489518819262]},manualRule=null],Diff[]
03-21 17:10:28.534  1593  1593 D ZenLog  : set_zen_mode: off,onSystemReady
03-21 17:10:28.537  1593  1593 W SoundTriggerHelper: listModules status=0, # of modules=0
03-21 17:10:28.595  1593  1616 W KeyguardServiceDelegate: onScreenTurningOn(): no keyguard service!
03-21 17:10:28.610  1593  1593 V UserManagerService: Found /data/user_de/0 with serial number 0
03-21 17:10:28.610  1593  1593 V UserManagerService: Found /data/user/0 with serial number 0
03-21 17:10:28.610  1593  1593 V UserManagerService: Found /data/system_de/0 with serial number 0
03-21 17:10:28.610  1593  1593 V UserManagerService: Found /data/system_ce/0 with serial number 0
03-21 17:10:28.789  1593  1593 I ActivityManager: System now ready
03-21 17:10:28.935  1593  1593 I SystemServer: Making services ready
03-21 17:10:28.935  1593  1593 I SystemServiceManager: Starting phase 550
03-21 17:10:28.968  1593  1593 E InputMethodManagerService: Ignoring updateSystemUiLocked due to an invalid token. uid:1000 token:null
03-21 17:10:29.137  1593  1593 I ActivityManager: Start proc 1663:com.android.inputmethod.latin/u0a52 for service com.android.inputmethod.latin/.LatinIME
03-21 17:10:29.138  1593  1593 V InputMethodManagerService: Adding window token: android.os.Binder@9846cd4
03-21 17:10:29.143  1593  1634 D MountService: Thinking about init, mSystemReady=true, mDaemonConnected=true
03-21 17:10:29.143  1593  1634 D MountService: Setting up emulation state, initlocked=false
03-21 17:10:29.149  1593  1634 D CryptdConnector: SND -> {2 cryptfs unlock_user_key 0 0 ! !}
03-21 17:10:29.150  1254  1289 D vold    : e4crypt_unlock_user_key 0 serial=0 token_present=0
03-21 17:10:29.150  1593  1636 D CryptdConnector: RCV <- {200 2 Command succeeded}
03-21 17:10:29.151  1593  1634 D MountService: Thinking about reset, mSystemReady=true, mDaemonConnected=true
03-21 17:10:29.154  1593  1593 E WallpaperManagerService: Invalid wallpaper data
03-21 17:10:29.154  1593  1593 E WallpaperManagerService: Unable to apply new wallpaper
03-21 17:10:29.155  1593  1634 D VoldConnector: SND -> {3 volume reset}
03-21 17:10:29.155  1593  1635 D VoldConnector: RCV <- {651 emulated 7}
03-21 17:10:29.156  1593  1635 D VoldConnector: RCV <- {659 emulated}
03-21 17:10:29.156  1593  1635 D VoldConnector: RCV <- {650 emulated 2 "" ""}
03-21 17:10:29.156  1593  1635 D VoldConnector: RCV <- {651 emulated 0}
03-21 17:10:29.156  1593  1635 D VoldConnector: RCV <- {200 3 Command succeeded}
03-21 17:10:29.159  1593  1612 V MountService: Found primary storage at VolumeInfo{emulated}:
03-21 17:10:29.159  1593  1612 V MountService:     type=EMULATED diskId=null partGuid=null mountFlags=0 mountUserId=-1 
03-21 17:10:29.159  1593  1612 V MountService:     state=UNMOUNTED 
03-21 17:10:29.159  1593  1612 V MountService:     fsType=null fsUuid=null fsLabel=null 
03-21 17:10:29.159  1593  1612 V MountService:     path=null internalPath=null 
03-21 17:10:29.159  1593  1634 D VoldConnector: SND -> {4 volume user_added 0 0}
03-21 17:10:29.159  1593  1635 D VoldConnector: RCV <- {200 4 Command succeeded}
03-21 17:10:29.161  1593  1607 I ActivityManager: Force stopping com.android.providers.media appid=10010 user=-1: vold reset
03-21 17:10:29.161  1593  1634 D VoldConnector: SND -> {5 volume mount emulated 3 -1}
03-21 17:10:29.162  1254  1288 V vold    : Waiting for FUSE to spin up...
03-21 17:10:29.162  1593  1635 D VoldConnector: RCV <- {651 emulated 1}
03-21 17:10:29.202  1593  1635 D VoldConnector: RCV <- {656 emulated /data/media}
03-21 17:10:29.203  1593  1635 D VoldConnector: RCV <- {655 emulated /storage/emulated}
03-21 17:10:29.265  1254  1288 V vold    : Waiting for FUSE to spin up...
03-21 17:10:29.273  1593  1593 W ActivityManager: Slow operation: 100ms so far, now at startProcess: returned from zygote!
03-21 17:10:29.273  1593  1593 W ActivityManager: Slow operation: 100ms so far, now at startProcess: done updating battery stats
03-21 17:10:29.273  1593  1593 W ActivityManager: Slow operation: 100ms so far, now at startProcess: building log message
03-21 17:10:29.273  1593  1593 I ActivityManager: Start proc 1669:com.android.systemui/u0a26 for service com.android.systemui/.ImageWallpaper
03-21 17:10:29.273  1593  1593 W ActivityManager: Slow operation: 100ms so far, now at startProcess: starting to update pids map
03-21 17:10:29.274  1593  1593 W ActivityManager: Slow operation: 101ms so far, now at startProcess: done updating pids map
03-21 17:10:29.274  1593  1593 W ActivityManager: Slow operation: 102ms so far, now at startProcess: done starting proc!
03-21 17:10:29.295  1593  1593 I SystemServer: WebViewFactory preparation
03-21 17:10:29.339  1593  1635 D VoldConnector: RCV <- {651 emulated 2}
03-21 17:10:29.344  1593  1635 D VoldConnector: RCV <- {200 5 Command succeeded}
03-21 17:10:29.627  1593  1593 W ActivityManager: Slow operation: 192ms so far, now at startProcess: returned from zygote!
03-21 17:10:29.628  1593  1593 W ActivityManager: Slow operation: 193ms so far, now at startProcess: done updating battery stats
03-21 17:10:29.628  1593  1593 W ActivityManager: Slow operation: 193ms so far, now at startProcess: building log message
03-21 17:10:29.628  1593  1593 I ActivityManager: Start proc 1705:WebViewLoader-x86/1037 [android.webkit.WebViewFactory$RelroFileCreator] for 
03-21 17:10:29.628  1593  1593 W ActivityManager: Slow operation: 193ms so far, now at startProcess: starting to update pids map
03-21 17:10:29.628  1593  1593 W ActivityManager: Slow operation: 193ms so far, now at startProcess: done updating pids map
03-21 17:10:29.628  1593  1593 W ActivityManager: Slow operation: 194ms so far, now at startProcess: done starting proc!
03-21 17:10:29.655  1593  1593 I ActivityManager: Start proc 1710:WebViewLoader-x86_64/1037 [android.webkit.WebViewFactory$RelroFileCreator] for 
03-21 17:10:29.705  1593  1608 W WindowManager: Keyguard drawn timeout. Setting mKeyguardDrawComplete
03-21 17:10:29.821  1593  1593 D NetworkManagement: enabling bandwidth control
03-21 17:10:30.987  1593  1593 E NetdConnector: NDC Command {3 strict enable} took too long (503ms)
03-21 17:10:31.478  1593  1593 I NetworkPolicy: adding default package com.android.providers.downloads (uid 10010 for user 0) to restrict background whitelist
03-21 17:10:31.478  1593  1593 I NetworkPolicy: adding default package com.google.android.gms (uid 10013 for user 0) to restrict background whitelist
03-21 17:10:31.684  1593  1593 D NetworkPolicy: setRestrictBackgroundLocked(): false
03-21 17:10:31.887  1593  1593 I SystemServiceManager: Starting phase 600
03-21 17:10:31.917  1663  1778 E ActivityThread: Failed to find provider info for com.android.contacts
03-21 17:10:31.949  1593  1593 D SensorNotificationService: Cannot obtain dynamic meta sensor, not supported.
03-21 17:10:31.989  1663  1778 E ActivityThread: Failed to find provider info for com.android.contacts
03-21 17:10:32.031  1663  1778 E ActivityThread: Failed to find provider info for com.android.contacts
03-21 17:10:32.064  1593  1593 W LocationProviderProxy-network: Odd, no component found for service com.android.location.service.v3.NetworkLocationProvider
03-21 17:10:32.115  1593  1593 W GeocoderProxy: Odd, no component found for service com.android.location.service.GeocodeProvider
03-21 17:10:32.118  1593  1593 D LocationManagerService: FLP HAL not supported
03-21 17:10:32.121  1593  1593 W GeofenceProxy: Odd, no component found for service com.android.location.service.GeofenceProvider
03-21 17:10:32.123  1593  1593 D LocationManagerService: Hardware Activity-Recognition not supported.
03-21 17:10:32.124  1593  1593 W ActivityRecognitionProxy: Odd, no component found for service com.android.location.service.ActivityRecognitionProvider
03-21 17:10:32.141  1663  1778 E ActivityThread: Failed to find provider info for user_dictionary
03-21 17:10:32.318  1593  1593 I MmsServiceBroker: Delay connecting to MmsService until an API is called
03-21 17:10:32.477  1593  1593 I ActivityManager: Start proc 1808:com.android.phone/1001 for added application com.android.phone
03-21 17:10:32.480  1593  1593 I ActivityManager: START u0 {act=android.intent.action.MAIN cat=[android.intent.category.HOME] flg=0x10000100 cmp=com.android.settings/.FallbackHome} from uid 0 on display 0
03-21 17:10:32.512  1593  1593 I ActivityManager: Loaded persisted task ids for user 0
03-21 17:10:32.558  1593  1593 I ActivityManager: Start proc 1815:com.android.settings/1000 for activity com.android.settings/.FallbackHome
03-21 17:10:32.753  1593  1606 W LocationProviderProxy-network: Odd, no component found for service com.android.location.service.v3.NetworkLocationProvider
03-21 17:10:32.754  1593  1606 W GeocoderProxy: Odd, no component found for service com.android.location.service.GeocodeProvider
03-21 17:10:32.754  1593  1606 W GeofenceProxy: Odd, no component found for service com.android.location.service.GeofenceProvider
03-21 17:10:32.754  1593  1606 W ActivityRecognitionProxy: Odd, no component found for service com.android.location.service.ActivityRecognitionProvider
03-21 17:10:32.762  1593  1593 I SystemServer: Enabled StrictMode for system server main thread.
03-21 17:10:32.763  1593  1593 W ContextImpl: Calling a method in the system process without a qualified user: android.app.ContextImpl.startService:1385 com.android.server.content.SyncManager$13.run:631 android.os.Handler.handleCallback:751 android.os.Handler.dispatchMessage:95 android.os.Looper.loop:154 
03-21 17:10:33.288  1593  1593 D ConditionProviders.SCP: onConnected
03-21 17:10:33.288  1593  1593 D ZenLog  : set_zen_mode: off,readXml
03-21 17:10:33.369  1593  1593 D ConditionProviders: Subscribing to condition://android/schedule?days=1.2.3.4.5&start=22.0&end=7.0&exitAtAlarm=false with ComponentInfo{android/com.android.server.notification.ScheduleConditionProvider}
03-21 17:10:33.369  1593  1593 D ZenLog  : subscribe: condition://android/schedule?days=1.2.3.4.5&start=22.0&end=7.0&exitAtAlarm=false,ok
03-21 17:10:33.370  1593  1593 D ConditionProviders: Subscribing to condition://android/schedule?days=6.7&start=23.30&end=10.0&exitAtAlarm=false with ComponentInfo{android/com.android.server.notification.ScheduleConditionProvider}
03-21 17:10:33.370  1593  1593 D ZenLog  : subscribe: condition://android/schedule?days=6.7&start=23.30&end=10.0&exitAtAlarm=false,ok
03-21 17:10:33.371  1593  1593 D ConditionProviders: Subscribing to condition://android/event?userId=-10000&calendar=&reply=1 with ComponentInfo{android/com.android.server.notification.EventConditionProvider}
03-21 17:10:33.371  1593  1593 D ZenLog  : subscribe: condition://android/event?userId=-10000&calendar=&reply=1,ok
03-21 17:10:33.610  1593  1593 D ZenLog  : set_zen_mode: off,cleanUpZenRules
03-21 17:10:34.350  1593  1593 I Telecom : SystemStateProvider: Registering car mode receiver: android.content.IntentFilter@87b8ee1: TS.init@AAA
03-21 17:10:34.496  1593  1865 I Telecom : Telecom: Non-call EVENT: AUDIO_ROUTE, Entering state QuiescentEarpieceRoute
03-21 17:10:34.565  1593  1866 I Telecom : CallAudioModeStateMachine: Message received: null.: TS.init->CAMSM.pM_1@AAA_0
03-21 17:10:34.789  1593  1868 E ActivityThread: Failed to find provider info for call_log
03-21 17:10:34.891  1593  1605 I StatusBarManagerService: registerStatusBar bar=com.android.internal.statusbar.IStatusBar$Stub$Proxy@d52baab
03-21 17:10:35.023  1593  1593 I Telecom : Class: TelecomSystem.INSTANCE being set
03-21 17:10:35.026  1593  1607 W KeyguardServiceDelegate: onScreenTurningOn(): no keyguard service!
03-21 17:10:35.091  1593  1614 I WindowManager: Screen frozen for +2s261ms due to AppWindowToken{18f665d token=Token{8f7f07 ActivityRecord{cbf3146 u0 com.android.settings/.FallbackHome t0}}}
03-21 17:10:36.026  1593  1608 W WindowManager: Keyguard drawn timeout. Setting mKeyguardDrawComplete
03-21 17:10:36.377  1593  1593 V WiredAccessoryManager: notifyWiredAccessoryChanged: when=0 bits= mask=54
03-21 17:10:36.377  1593  1593 V WiredAccessoryManager: newName=h2w newState=0 headsetState=0 prev headsetState=0
03-21 17:10:36.378  1593  1593 V WiredAccessoryManager: init()
03-21 17:10:36.762  1593  1647 D ConnectivityService: Got NetworkFactory Messenger for PhoneSwitcherNetworkRequstListener
03-21 17:10:36.782  1593  1647 D ConnectivityService: Got NetworkFactory Messenger for TelephonyNetworkFactory[0]
03-21 17:10:37.089  1593  1606 I SyncManager: Got SyncJobService instance.
03-21 17:10:37.092  1593  1593 D ConditionProviders.SCP: onSubscribe condition://android/schedule?days=1.2.3.4.5&start=22.0&end=7.0&exitAtAlarm=false
03-21 17:10:37.094  1593  1593 D ConditionProviders.SCP: setRegistered true
03-21 17:10:37.109  1593  1593 D ConditionProviders.SCP: notifyCondition condition://android/schedule?days=1.2.3.4.5&start=22.0&end=7.0&exitAtAlarm=false STATE_FALSE reason=!meetsSchedule
03-21 17:10:37.112  1593  1593 D ConditionProviders.SCP: Scheduling evaluate for Tue Mar 21 22:00:00 GMT+00:00 2017 (1490133600000), in +4h49m22s892ms, now=Tue Mar 21 17:10:37 GMT+00:00 2017 (1490116237108)
03-21 17:10:37.113  1593  1593 D ConditionProviders.SCP: onSubscribe condition://android/schedule?days=6.7&start=23.30&end=10.0&exitAtAlarm=false
03-21 17:10:37.114  1593  1593 D ConditionProviders.SCP: notifyCondition condition://android/schedule?days=6.7&start=23.30&end=10.0&exitAtAlarm=false STATE_FALSE reason=!meetsSchedule
03-21 17:10:37.114  1593  1593 D ConditionProviders.SCP: notifyCondition condition://android/schedule?days=1.2.3.4.5&start=22.0&end=7.0&exitAtAlarm=false STATE_FALSE reason=!meetsSchedule
03-21 17:10:37.114  1593  1593 D ConditionProviders.SCP: Scheduling evaluate for Tue Mar 21 22:00:00 GMT+00:00 2017 (1490133600000), in +4h49m22s887ms, now=Tue Mar 21 17:10:37 GMT+00:00 2017 (1490116237113)
03-21 17:10:37.181  1593  1593 I Telecom : WiredHeadsetManager: ACTION_HEADSET_PLUG event, plugged in: false, : WHC.oADA@AAE
03-21 17:10:37.248  1593  1653 E ActivityThread: Failed to find provider info for com.android.calendar
03-21 17:10:37.260  1593  1653 E ActivityThread: Failed to find provider info for com.android.calendar
03-21 17:10:37.265  1593  1593 I ActivityManager: user 0 is still locked. Cannot load recents
03-21 17:10:38.351  1593  1593 D ConditionProviders.SCP: onReceive android.intent.action.TIME_SET
03-21 17:10:38.351  1593  1593 D ConditionProviders.SCP: notifyCondition condition://android/schedule?days=6.7&start=23.30&end=10.0&exitAtAlarm=false STATE_FALSE reason=!meetsSchedule
03-21 17:10:38.351  1593  1593 D ConditionProviders.SCP: notifyCondition condition://android/schedule?days=1.2.3.4.5&start=22.0&end=7.0&exitAtAlarm=false STATE_FALSE reason=!meetsSchedule
03-21 17:10:38.352  1593  1593 D ConditionProviders.SCP: Scheduling evaluate for Tue Mar 21 22:00:00 GMT+00:00 2017 (1490133600000), in +4h49m21s649ms, now=Tue Mar 21 17:10:38 GMT+00:00 2017 (1490116238351)
03-21 17:10:38.376  1593  1653 E ActivityThread: Failed to find provider info for com.android.calendar
03-21 17:10:38.376  1593  1653 E ActivityThread: Failed to find provider info for com.android.calendar
03-21 17:10:38.440  1808  1924 E ActivityThread: Failed to find provider info for com.android.contacts
03-21 17:10:38.879  1593  1605 W ActivityManager: Slow operation: 161ms so far, now at startProcess: returned from zygote!
03-21 17:10:38.879  1593  1605 W ActivityManager: Slow operation: 162ms so far, now at startProcess: done updating battery stats
03-21 17:10:38.879  1593  1605 W ActivityManager: Slow operation: 162ms so far, now at startProcess: building log message
03-21 17:10:38.879  1593  1605 I ActivityManager: Start proc 1930:com.android.deskclock/u0a38 for broadcast com.android.deskclock/.AlarmInitReceiver
03-21 17:10:38.879  1593  1605 W ActivityManager: Slow operation: 162ms so far, now at startProcess: starting to update pids map
03-21 17:10:38.880  1593  1605 W ActivityManager: Slow operation: 162ms so far, now at startProcess: done updating pids map
03-21 17:10:38.880  1593  1605 W ActivityManager: Slow operation: 162ms so far, now at startProcess: done starting proc!
03-21 17:10:39.128  1808  1808 D MccTable: updateMccMncConfiguration mccmnc='310260' fromServiceState=true
03-21 17:10:39.129  1808  1808 D MccTable: updateMccMncConfiguration defaultMccMnc=
03-21 17:10:39.129  1808  1808 D MccTable: updateMccMncConfiguration: mcc=310, mnc=260
03-21 17:10:39.129  1808  1808 D MccTable: WIFI_COUNTRY_CODE set to us
03-21 17:10:39.130  1593  1656 I WifiService: WifiService trying to set country code to us with persist set to true
03-21 17:10:39.411  1593  1699 I Telecom : PhoneAccountRegistrar: New phone account registered: [[ ] PhoneAccount: ComponentInfo{com.android.phone/com.android.services.telephony.TelephonyConnectionService}, [e0184adedf913b076626646d3f52c3b49c39ad6d], UserHandle{0} Capabilities: CallProvider MultiUser PlaceEmerg SimSub  Schemes: tel voicemail  Extras: null]: TSI.rPA@AAI
03-21 17:10:39.462  1593  1699 I Telecom : : Sending phone-account registered intent as user: TSI.rPA@AAI
03-21 17:10:39.494  1593  1604 I Telecom : : Sending phone-account unregistered intent as user: TSI.uPA@AAQ
03-21 17:10:39.873  1808  1808 D MccTable: updateMccMncConfiguration mccmnc='310260' fromServiceState=false
03-21 17:10:39.874  1808  1808 D MccTable: updateMccMncConfiguration defaultMccMnc=
03-21 17:10:39.874  1808  1808 D MccTable: updateMccMncConfiguration: mcc=310, mnc=260
03-21 17:10:39.874  1808  1808 D MccTable: updateMccMncConfiguration updateConfig config={1.0 310mcc260mnc ?localeList ?layoutDir ?swdp ?wdp ?hdp ?density ?lsize ?long ?orien ?uimode ?night ?touch ?keyb/?/? ?nav/?}
03-21 17:10:39.876  1593  1656 I ActivityManager: Config changes=3 {1.0 310mcc260mnc [en_US] ldltr sw320dp w320dp h456dp 160dpi nrml port finger -keyb/v/h tball/v s.5}
03-21 17:10:40.052  1593  1699 I WindowManager: Destroying surface Surface(name=com.android.settings/com.android.settings.FallbackHome) called by com.android.server.wm.WindowStateAnimator.destroySurface:2014 com.android.server.wm.WindowStateAnimator.destroySurfaceLocked:881 com.android.server.wm.WindowState.removeLocked:1449 com.android.server.wm.WindowManagerService.removeWindowInnerLocked:2478 com.android.server.wm.WindowManagerService.removeWindowLocked:2436 com.android.server.wm.WindowManagerService.removeWindowLocked:2305 com.android.server.wm.WindowManagerService.removeWindow:2300 com.android.server.wm.Session.remove:193 
03-21 17:10:40.302  1669  1970 E ActivityThread: Failed to find provider info for com.android.contacts
03-21 17:10:40.354  1593  1929 I Telecom : PhoneAccountRegistrar: [ComponentInfo{com.android.phone/com.android.services.telephony.TelephonyConnectionService}, [e0184adedf913b076626646d3f52c3b49c39ad6d], UserHandle{0}(addr: tel:*********** -> tel:)(icon: Icon(typ=BITMAP size=19x24) -> Icon(typ=BITMAP size=19x24))(subAddr: tel:*********** -> tel:)]: TSI.rPA@AAk
03-21 17:10:40.355  1593  1929 I Telecom : : Sending phone-account registered intent as user: TSI.rPA@AAk
03-21 17:10:40.402  1593  1614 I WindowManager: Screen frozen for +513ms due to AppWindowToken{18f665d token=Token{8f7f07 ActivityRecord{cbf3146 u0 com.android.settings/.FallbackHome t0}}}
03-21 17:10:40.455  1593  1605 I Telecom : PhoneAccountRegistrar: [ComponentInfo{com.android.phone/com.android.services.telephony.TelephonyConnectionService}, [e0184adedf913b076626646d3f52c3b49c39ad6d], UserHandle{0}(icon: Icon(typ=BITMAP size=19x24) -> Icon(typ=BITMAP size=19x24))]: TSI.rPA@AA0
03-21 17:10:40.459  1593  1605 I Telecom : : Sending phone-account registered intent as user: TSI.rPA@AA0
03-21 17:10:40.848  1808  1808 D MccTable: updateMccMncConfiguration mccmnc='310260' fromServiceState=false
03-21 17:10:40.853  1808  1808 D MccTable: updateMccMncConfiguration defaultMccMnc=310260
03-21 17:10:40.853  1808  1808 D MccTable: updateMccMncConfiguration: mcc=310, mnc=260
03-21 17:10:40.853  1808  1808 D MccTable: updateMccMncConfiguration updateConfig config={1.0 310mcc260mnc ?localeList ?layoutDir ?swdp ?wdp ?hdp ?density ?lsize ?long ?orien ?uimode ?night ?touch ?keyb/?/? ?nav/?}
03-21 17:10:41.227  1808  1808 D MccTable: updateMccMncConfiguration mccmnc='310260' fromServiceState=false
03-21 17:10:41.228  1808  1808 D MccTable: updateMccMncConfiguration defaultMccMnc=310260
03-21 17:10:41.228  1808  1808 D MccTable: updateMccMncConfiguration: mcc=310, mnc=260
03-21 17:10:41.228  1808  1808 D MccTable: updateMccMncConfiguration updateConfig config={1.0 310mcc260mnc ?localeList ?layoutDir ?swdp ?wdp ?hdp ?density ?lsize ?long ?orien ?uimode ?night ?touch ?keyb/?/? ?nav/?}
03-21 17:10:41.454  1593  1605 I Telecom : PhoneAccountRegistrar: New phone account registered: [[ ] PhoneAccount: ComponentInfo{com.android.phone/com.android.services.telephony.TelephonyConnectionService}, [e2f7d48dd2b5ca523e7313cf4ba0f6ea830b6281], UserHandle{0} Capabilities: CallProvider MultiUser PlaceEmerg SimSub  Schemes: tel voicemail  Extras: null]: TSI.rPA@ABE
03-21 17:10:41.456  1593  1605 I Telecom : : Sending phone-account registered intent as user: TSI.rPA@ABE
03-21 17:10:41.461  1593  1969 I Telecom : : Sending phone-account unregistered intent as user: TSI.uPA@ABM
03-21 17:10:41.782  1593  1605 I Telecom : PhoneAccountRegistrar: [ComponentInfo{com.android.phone/com.android.services.telephony.TelephonyConnectionService}, [e2f7d48dd2b5ca523e7313cf4ba0f6ea830b6281], UserHandle{0}(icon: Icon(typ=BITMAP size=19x24) -> Icon(typ=BITMAP size=19x24))]: TSI.rPA@ABU
03-21 17:10:41.783  1593  1605 I Telecom : : Sending phone-account registered intent as user: TSI.rPA@ABU
03-21 17:10:41.810  1593  1614 I SystemServiceManager: Starting phase 1000
03-21 17:10:41.823  1593  1929 I Telecom : PhoneAccountRegistrar: [ComponentInfo{com.android.phone/com.android.services.telephony.TelephonyConnectionService}, [e2f7d48dd2b5ca523e7313cf4ba0f6ea830b6281], UserHandle{0}(icon: Icon(typ=BITMAP size=19x24) -> Icon(typ=BITMAP size=19x24))]: TSI.rPA@ABg
03-21 17:10:41.824  1593  1929 I Telecom : : Sending phone-account registered intent as user: TSI.rPA@ABg
03-21 17:10:41.828  1593  1614 I ActivityManager: Start proc 1983:com.google.android.ext.services/u0a14 for on-hold
03-21 17:10:41.829  1593  1614 D ActivityManager: Finishing user boot 0
03-21 17:10:41.830  1593  1614 D CryptdConnector: SND -> {3 cryptfs prepare_user_storage ! 0 0 2}
03-21 17:10:41.831  1254  1289 D vold    : e4crypt_prepare_user_storage for volume null, user 0, serial 0, flags 2
03-21 17:10:41.831  1254  1289 D vold    : Preparing: /data/system_ce/0
03-21 17:10:41.831  1254  1289 D vold    : Preparing: /data/misc_ce/0
03-21 17:10:41.831  1254  1289 D vold    : Preparing: /data/media/0
03-21 17:10:41.831  1254  1289 D vold    : Preparing: /data/data
03-21 17:10:41.831  1593  1636 D CryptdConnector: RCV <- {200 3 Command succeeded}
03-21 17:10:41.832  1593  1614 V UserManagerService: Found /data/user/0 with serial number 0
03-21 17:10:41.832  1593  1614 V UserManagerService: Found /data/system_ce/0 with serial number 0
03-21 17:10:41.832  1593  1614 V PackageManager: reconcileAppsData for null u0 0x2
03-21 17:10:41.890  1593  1614 V PackageManager: reconcileAppsData finished 91 packages; restoreconNeeded was false
03-21 17:10:42.211  1593  1642 D WifiService: New client listening to asynchronous messages
03-21 17:10:42.222  1593  1607 D MountService: onUnlockUser 0
03-21 17:10:42.223  1593  1607 D VoldConnector: SND -> {6 volume user_started 0}
03-21 17:10:42.224  1254  1288 D vold    : Linking /storage/emulated/0 to /mnt/user/0/primary
03-21 17:10:42.225  1593  1635 D VoldConnector: RCV <- {200 6 Command succeeded}
03-21 17:10:42.234  1593  1699 I Telecom : PhoneAccountRegistrar: [ComponentInfo{com.android.phone/com.android.services.telephony.TelephonyConnectionService}, [e2f7d48dd2b5ca523e7313cf4ba0f6ea830b6281], UserHandle{0}(icon: Icon(typ=BITMAP size=19x24) -> Icon(typ=BITMAP size=19x24))]: TSI.rPA@ABs
03-21 17:10:42.235  1593  1699 I Telecom : : Sending phone-account registered intent as user: TSI.rPA@ABs
03-21 17:10:42.236  1593  1634 D MountService: Volume emulated broadcasting mounted to UserHandle{0}
03-21 17:10:42.264  1593  1605 I ActivityManager: user 0 is still locked. Cannot load recents
03-21 17:10:42.265  1593  1969 I Telecom : PhoneAccountRegistrar: [ComponentInfo{com.android.phone/com.android.services.telephony.TelephonyConnectionService}, [e2f7d48dd2b5ca523e7313cf4ba0f6ea830b6281], UserHandle{0}(icon: Icon(typ=BITMAP size=19x24) -> Icon(typ=BITMAP size=19x24))]: TSI.rPA@AB8
03-21 17:10:42.266  1593  1969 I Telecom : : Sending phone-account registered intent as user: TSI.rPA@AB8
03-21 17:10:42.318  1593  1607 V BackupManagerService: No ancestral data
03-21 17:10:42.333  1593  1614 I WindowManager: Destroying surface Surface(name=KeyguardScrim) called by com.android.server.wm.WindowStateAnimator.destroySurface:2014 com.android.server.wm.WindowStateAnimator.destroySurfaceLocked:881 com.android.server.wm.WindowState.destroyOrSaveSurface:2073 com.android.server.wm.WindowSurfacePlacer.performSurfacePlacementInner:429 com.android.server.wm.WindowSurfacePlacer.performSurfacePlacementLoop:232 com.android.server.wm.WindowSurfacePlacer.performSurfacePlacement:180 com.android.server.wm.WindowManagerService$H.handleMessage:8079 android.os.Handler.dispatchMessage:102 
03-21 17:10:42.340  1593  1608 W InputMethodManagerService: Starting input on non-focused client android.view.inputmethod.InputMethodManager$1@1d275dc (uid=1000 pid=1593)
03-21 17:10:42.553  1593  1607 V KeyValueBackupJob: Scheduling k/v pass in 247 minutes
03-21 17:10:42.577  1593  1607 V BackupManagerService: Starting with transport com.google.android.gms/.backup.BackupTransportService
03-21 17:10:42.578  1593  1607 V BackupManagerService: Found transports: 2
03-21 17:10:42.589  1593  1607 I ActivityManager: Start proc 2005:com.google.android.gms.persistent/u0a13 for service com.google.android.gms/.backup.BackupTransportService
03-21 17:10:42.589  1593  1607 I BackupManagerService: Found stale backup journal, scheduling
03-21 17:10:42.592  1593  1593 V BackupManagerService: Connected to transport ComponentInfo{android/com.android.internal.backup.LocalTransportService}
03-21 17:10:42.592  1593  1593 V BackupManagerService: Registering transport android/com.android.internal.backup.LocalTransportService::android/com.android.internal.backup.LocalTransport = android.app.backup.BackupTransport$TransportImpl@ab11147
03-21 17:10:42.603  1593  1607 I BackupManagerService: Backup enabled => false
03-21 17:10:42.697  1593  1607 I ActivityManager: Start proc 2026:com.google.android.googlequicksearchbox:interactor/u0a27 for service com.google.android.googlequicksearchbox/com.google.android.voiceinteraction.GsaVoiceInteractionService
03-21 17:10:42.697  1593  1607 I ActivityManager: Loading recents for user 0 into memory.
03-21 17:10:42.708  1593  1607 D ActivityManager: Sending BOOT_COMPLETE user #0
03-21 17:10:42.731  1593  1606 I ActivityManager: Start proc 2044:com.android.printspooler/u0a65 for service com.android.printspooler/.model.PrintSpoolerService
03-21 17:10:42.740  1593  1656 I ActivityManager: START u0 {act=android.intent.action.MAIN cat=[android.intent.category.HOME] flg=0x10000100 cmp=com.android.launcher3/.Launcher} from uid 0 on display 0
03-21 17:10:42.818  1593  1656 W ActivityManager: Slow operation: 71ms so far, now at startProcess: returned from zygote!
03-21 17:10:42.818  1593  1656 W ActivityManager: Slow operation: 72ms so far, now at startProcess: done updating battery stats
03-21 17:10:42.818  1593  1656 W ActivityManager: Slow operation: 72ms so far, now at startProcess: building log message
03-21 17:10:42.818  1593  1656 I ActivityManager: Start proc 2058:com.android.launcher3/u0a19 for activity com.android.launcher3/.Launcher
03-21 17:10:42.818  1593  1656 W ActivityManager: Slow operation: 72ms so far, now at startProcess: starting to update pids map
03-21 17:10:42.819  1593  1656 W ActivityManager: Slow operation: 72ms so far, now at startProcess: done updating pids map
03-21 17:10:42.819  1593  1656 W ActivityManager: Slow operation: 72ms so far, now at startProcess: done starting proc!
03-21 17:10:43.992  1593  1969 I ActivityManager: Start proc 2088:com.google.process.gapps/u0a13 for content provider com.google.android.gsf/.gservices.GservicesProvider
03-21 17:10:44.111  1593  1655 W ActivityManager: Slow operation: 63ms so far, now at startProcess: returned from zygote!
03-21 17:10:44.111  1593  1655 W ActivityManager: Slow operation: 63ms so far, now at startProcess: done updating battery stats
03-21 17:10:44.111  1593  1655 W ActivityManager: Slow operation: 63ms so far, now at startProcess: building log message
03-21 17:10:44.111  1593  1655 I ActivityManager: Start proc 2094:com.android.keychain/1000 for service com.android.keychain/.KeyChainService
03-21 17:10:44.111  1593  1655 W ActivityManager: Slow operation: 63ms so far, now at startProcess: starting to update pids map
03-21 17:10:44.111  1593  1655 W ActivityManager: Slow operation: 64ms so far, now at startProcess: done updating pids map
03-21 17:10:44.111  1593  1655 W ActivityManager: Slow operation: 64ms so far, now at startProcess: done starting proc!
03-21 17:10:44.717  1593  1656 I ActivityManager: Start proc 2119:com.google.android.googlequicksearchbox:search/u0a27 for service com.google.android.googlequicksearchbox/com.google.android.hotword.service.HotwordService
03-21 17:10:46.147  1593  1605 I Telecom : PhoneAccountRegistrar: [ComponentInfo{com.android.phone/com.android.services.telephony.TelephonyConnectionService}, [e2f7d48dd2b5ca523e7313cf4ba0f6ea830b6281], UserHandle{0}(icon: Icon(typ=BITMAP size=19x24) -> Icon(typ=BITMAP size=19x24))]: TSI.rPA@ACA
03-21 17:10:46.150  1593  1605 I Telecom : : Sending phone-account registered intent as user: TSI.rPA@ACA
03-21 17:10:47.280  1593  1929 I Telecom : PhoneAccountRegistrar: [ComponentInfo{com.android.phone/com.android.services.telephony.TelephonyConnectionService}, [e2f7d48dd2b5ca523e7313cf4ba0f6ea830b6281], UserHandle{0}(icon: Icon(typ=BITMAP size=19x24) -> Icon(typ=BITMAP size=19x24))]: TSI.rPA@ACM
03-21 17:10:47.284  1593  1929 I Telecom : : Sending phone-account registered intent as user: TSI.rPA@ACM
03-21 17:10:47.425  1593  1969 I Telecom : PhoneAccountRegistrar: [ComponentInfo{com.android.phone/com.android.services.telephony.TelephonyConnectionService}, [e2f7d48dd2b5ca523e7313cf4ba0f6ea830b6281], UserHandle{0}(icon: Icon(typ=BITMAP size=19x24) -> Icon(typ=BITMAP size=19x24))]: TSI.rPA@ACc
03-21 17:10:47.432  1593  1969 I Telecom : : Sending phone-account registered intent as user: TSI.rPA@ACc
03-21 17:10:47.449  1593  1604 I Telecom : PhoneAccountRegistrar: [ComponentInfo{com.android.phone/com.android.services.telephony.TelephonyConnectionService}, [e2f7d48dd2b5ca523e7313cf4ba0f6ea830b6281], UserHandle{0}(icon: Icon(typ=BITMAP size=19x24) -> Icon(typ=BITMAP size=19x24))]: TSI.rPA@ACk
03-21 17:10:47.450  1593  1604 I Telecom : : Sending phone-account registered intent as user: TSI.rPA@ACk
03-21 17:10:47.453  1593  1656 I Telecom : PhoneAccountRegistrar: [ComponentInfo{com.android.phone/com.android.services.telephony.TelephonyConnectionService}, [e2f7d48dd2b5ca523e7313cf4ba0f6ea830b6281], UserHandle{0}(icon: Icon(typ=BITMAP size=19x24) -> Icon(typ=BITMAP size=19x24))]: TSI.rPA@ACs
03-21 17:10:47.454  1593  1656 I Telecom : : Sending phone-account registered intent as user: TSI.rPA@ACs
03-21 17:10:47.495  1593  1593 I Telecom : PhoneAccountRegistrar: SimCallManager queried, returning: null: TSI.gSCMFU@ACw
03-21 17:10:47.843  1593  1969 I Telecom : PhoneAccountRegistrar: [ComponentInfo{com.android.phone/com.android.services.telephony.TelephonyConnectionService}, [e2f7d48dd2b5ca523e7313cf4ba0f6ea830b6281], UserHandle{0}(icon: Icon(typ=BITMAP size=19x24) -> Icon(typ=BITMAP size=19x24))]: TSI.rPA@AC4
03-21 17:10:47.862  1593  1969 I Telecom : : Sending phone-account registered intent as user: TSI.rPA@AC4
03-21 17:10:47.890  1593  1604 I Telecom : PhoneAccountRegistrar: [ComponentInfo{com.android.phone/com.android.services.telephony.TelephonyConnectionService}, [e2f7d48dd2b5ca523e7313cf4ba0f6ea830b6281], UserHandle{0}(icon: Icon(typ=BITMAP size=19x24) -> Icon(typ=BITMAP size=19x24))]: TSI.rPA@ADA
03-21 17:10:47.893  1593  1604 I Telecom : : Sending phone-account registered intent as user: TSI.rPA@ADA
03-21 17:10:48.554  2026  2026 W KeyphraseEnrollmentInfo: No Enrollment application supports the given keyphrase/locale
03-21 17:10:48.740  1593  1656 D ConnectivityService: registerNetworkAgent NetworkAgentInfo{ ni{[type: MOBILE[LTE], state: CONNECTED/CONNECTED, reason: connected, extra: epc.tmobile.com, failover: false, available: true, roaming: false, metered: false]}  network{100}  nethandle{429513165534}  lp{{InterfaceName: eth0 LinkAddresses: [10.0.2.15/32,]  Routes: [0.0.0.0/0 -> 10.0.2.2 eth0,] DnsAddresses: [10.0.2.3,] Domains: null MTU: 1500 TcpBufferSizes: 524288,1048576,2097152,262144,524288,1048576}}  nc{[ Transports: CELLULAR Capabilities: MMS&SUPL&FOTA&IMS&CBS&IA&INTERNET&NOT_RESTRICTED&TRUSTED&NOT_VPN LinkUpBandwidth>=51200Kbps LinkDnBandwidth>=102400Kbps Specifier: <1>]}  Score{10}  everValidated{false}  lastValidated{false}  created{false} lingering{false} explicitlySelected{false} acceptUnvalidated{false} everCaptivePortalDetected{false} lastCaptivePortalDetected{false} }
03-21 17:10:48.742  1593  1647 D ConnectivityService: NetworkAgentInfo [MOBILE (LTE) - 100] EVENT_NETWORK_INFO_CHANGED, going from null to CONNECTED
03-21 17:10:48.745  1593  1647 D ConnectivityService: Adding iface eth0 to network 100
03-21 17:10:48.887  1593  1647 D ConnectivityService: Setting DNS servers for network 100 to [/10.0.2.3]
03-21 17:10:48.906  1593  1647 D ConnectivityService: Switching to new default network: NetworkAgentInfo{ ni{[type: MOBILE[LTE], state: CONNECTED/CONNECTED, reason: connected, extra: epc.tmobile.com, failover: false, available: true, roaming: false, metered: false]}  network{100}  nethandle{429513165534}  lp{{InterfaceName: eth0 LinkAddresses: [10.0.2.15/32,]  Routes: [0.0.0.0/0 -> 10.0.2.2 eth0,] DnsAddresses: [10.0.2.3,] Domains: null MTU: 1500 TcpBufferSizes: 524288,1048576,2097152,262144,524288,1048576}}  nc{[ Transports: CELLULAR Capabilities: MMS&SUPL&FOTA&IMS&CBS&IA&INTERNET&NOT_RESTRICTED&TRUSTED&NOT_VPN LinkUpBandwidth>=51200Kbps LinkDnBandwidth>=102400Kbps Specifier: <1>]}  Score{10}  everValidated{false}  lastValidated{false}  created{true} lingering{false} explicitlySelected{false} acceptUnvalidated{false} everCaptivePortalDetected{false} lastCaptivePortalDetected{false} }
03-21 17:10:48.932  1593  1593 V BackupManagerService: Connected to transport ComponentInfo{com.google.android.gms/com.google.android.gms.backup.BackupTransportService}
03-21 17:10:48.932  1593  1593 V BackupManagerService: Registering transport com.google.android.gms/.backup.BackupTransportService::com.google.android.gms/.backup.BackupTransportService = com.android.internal.backup.IBackupTransport$Stub$Proxy@b6238ab
03-21 17:10:49.046  1593  1604 I ActivityManager: Start proc 2179:com.google.android.partnersetup/u0a18 for content provider com.google.android.partnersetup/.RlzAppProvider
03-21 17:10:49.091  1593  1647 D ConnectivityService: Sending CONNECTED broadcast for type 0 NetworkAgentInfo [MOBILE (LTE) - 100] isDefaultNetwork=true
03-21 17:10:49.108  1593  1647 D ConnectivityService: NetworkAgentInfo [MOBILE (LTE) - 100] validation passed
03-21 17:10:50.074  1593  1640 E NetdConnector: NDC Command {29 bandwidth setiquota eth0 9223372036854775807} took too long (918ms)
03-21 17:10:50.673  1593  1656 I WindowManager: Destroying surface Surface(name=com.android.settings/com.android.settings.FallbackHome) called by com.android.server.wm.WindowStateAnimator.destroySurface:2014 com.android.server.wm.WindowStateAnimator.destroySurfaceLocked:881 com.android.server.wm.WindowState.removeLocked:1449 com.android.server.wm.WindowManagerService.removeWindowInnerLocked:2478 com.android.server.wm.WindowManagerService.removeWindowLocked:2436 com.android.server.wm.WindowManagerService.removeWindowLocked:2305 com.android.server.wm.WindowManagerService.removeWindow:2300 com.android.server.wm.Session.remove:193 
03-21 17:10:50.674  1593  1969 I ActivityManager: Start proc 2239:android.process.acore/u0a1 for broadcast com.android.providers.contacts/.PhoneAccountRegistrationReceiver
03-21 17:10:51.416  1593  1699 I ActivityManager: Start proc 2277:android.process.media/u0a10 for broadcast com.android.providers.downloads/.DownloadReceiver
03-21 17:10:52.235  1593  1929 I ActivityManager: Start proc 2298:com.google.android.music:main/u0a57 for broadcast com.google.android.music/.store.MediaStoreImportService$Receiver
03-21 17:10:52.734  1593  1607 V ActivityManager: Attempted to start a foreground service (ComponentInfo{com.google.android.music/com.google.android.music.download.cache.StorageMigrationService}) with a broken notification (no icon: Notification(pri=0 contentView=null vibrate=null sound=null defaults=0x0 flags=0x40 color=0x00000000 vis=PRIVATE))
03-21 17:10:52.953  1593  1699 I ActivityManager: Start proc 2338:com.google.android.gms/u0a13 for service com.google.android.gms/.ads.identifier.service.AdvertisingIdService
03-21 17:10:53.197  1593  2352 I BootReceiver: Copying audit failures to DropBox
03-21 17:10:53.197  1593  2352 I BootReceiver: Checking for fsck errors
03-21 17:10:53.238  1593  1604 I ActivityManager: Start proc 2353:com.android.dialer/u0a8 for broadcast com.android.dialer/.calllog.CallLogReceiver
03-21 17:10:53.511  1593  1647 D ConnectivityService: Got NetworkFactory Messenger for WIFI
03-21 17:10:53.511  1593  1647 D ConnectivityService: Got NetworkFactory Messenger for WIFI_UT
03-21 17:10:53.542  1593  1593 I Telecom : PhoneAccountRegistrar: SimCallManager queried, returning: null: TSI.gSCMFU@ADY
03-21 17:10:53.632  1593  1656 I ActivityManager: Start proc 2375:com.android.managedprovisioning/u0a20 for broadcast com.android.managedprovisioning/.BootReminder
03-21 17:10:53.796  1593  1968 I ActivityManager: Start proc 2393:com.android.providers.calendar/u0a2 for broadcast com.android.providers.calendar/.CalendarReceiver
03-21 17:10:54.216  1593  1604 I ActivityManager: Start proc 2411:com.google.android.apps.maps/u0a56 for broadcast com.google.android.apps.maps/com.google.android.apps.gmm.navigation.service.detection.StartDetectionReceiver
03-21 17:10:55.182  1593  1604 I ActivityManager: Start proc 2435:com.google.android.apps.messaging/u0a63 for broadcast com.google.android.apps.messaging/.shared.receiver.BootAndPackageReplacedReceiver
03-21 17:10:55.618  1593  1969 I ActivityManager: Start proc 2456:com.google.android.apps.photos/u0a62 for broadcast com.google.android.apps.photos/.camerashortcut.CameraShortcutBroadcastReceiver
03-21 17:10:56.138  1593  1605 D MmsServiceBroker: getCarrierConfigValues() by com.google.android.apps.messaging
03-21 17:10:56.138  1593  1605 W MmsServiceBroker: MmsService not connected. Try connecting...
03-21 17:10:56.138  1593  1593 I MmsServiceBroker: Connecting to MmsService
03-21 17:10:56.139  1593  1593 W ContextImpl: Calling a method in the system process without a qualified user: android.app.ContextImpl.bindService:1449 com.android.server.MmsServiceBroker.tryConnecting:240 com.android.server.MmsServiceBroker.-wrap3:-1 com.android.server.MmsServiceBroker$1.handleMessage:82 android.os.Handler.dispatchMessage:102 
03-21 17:10:56.383  1593  1593 I MmsServiceBroker: MmsService connected
03-21 17:10:56.516  1593  1699 D MmsServiceBroker: getCarrierConfigValues() by com.google.android.apps.messaging
03-21 17:10:57.602  1593  1699 I ActivityManager: Start proc 2517:com.google.android.apps.photos:CameraShortcut/u0a62 for service com.google.android.apps.photos/.camerashortcut.CameraShortcutServiceImpl
03-21 17:10:57.892  1593  1969 I ActivityManager: Start proc 2538:com.google.android.calendar/u0a32 for broadcast com.google.android.calendar/com.android.calendar.alerts.AlertReceiver
03-21 17:10:57.904  1593  1604 D CountryDetector: The first listener is added
03-21 17:10:58.348  1593  1699 D MmsServiceBroker: getCarrierConfigValues() by com.google.android.apps.messaging
03-21 17:10:58.416  1593  1969 W ActivityManager: Unable to start service Intent { act=com.google.android.gms.playlog.service.START pkg=com.google.android.gms } U=0: not found
03-21 17:10:58.417  1593  1699 W ActivityManager: Unbind failed: could not find connection for android.os.BinderProxy@26f3429
03-21 17:10:58.516  1593  1968 I ActivityManager: Start proc 2577:com.google.android.configupdater/u0a4 for broadcast com.google.android.configupdater/.CertPin.CertPinUpdateRequestReceiver
