03-21 17:10:58.808  1593  1604 I ActivityManager: Start proc 2606:com.google.android.gm/u0a64 for broadcast com.google.android.gm/.GoogleMailDeviceStartupReceiver
03-21 17:10:59.052  2606  2624 D ActivityThread: Loading provider com.google.android.gmail.provider;com.android.mail.notifier;com.google.android.gm.email.provider;com.google.android.gm.email.notifier: com.android.email.provider.EmailProvider
03-21 17:10:59.895  1593  1604 W ActivityManager: Unable to start service Intent { cmp=com.google.android.gm/com.android.email.service.AttachmentService } U=0: not found
03-21 17:10:59.972  1593  1929 W ActivityManager: Unable to start service Intent { cmp=com.google.android.gm.exchange/com.android.exchange.service.EasService } U=0: not found
03-21 17:11:00.518  1593  1929 W ActivityManager: Unable to start service Intent { cmp=com.google.android.gm.exchange/com.android.exchange.service.EasService } U=0: not found
03-21 17:11:00.576  2606  2606 E ActivityThread: Service com.android.email.service.EmailBroadcastProcessorService has leaked ServiceConnection bie@4f3664f that was originally bound here
03-21 17:11:00.576  2606  2606 E ActivityThread: android.app.ServiceConnectionLeaked: Service com.android.email.service.EmailBroadcastProcessorService has leaked ServiceConnection bie@4f3664f that was originally bound here
03-21 17:11:00.576  2606  2606 E ActivityThread: 	at android.app.LoadedApk$ServiceDispatcher.<init>(LoadedApk.java:1336)
03-21 17:11:00.576  2606  2606 E ActivityThread: 	at android.app.LoadedApk.getServiceDispatcher(LoadedApk.java:1231)
03-21 17:11:00.576  2606  2606 E ActivityThread: 	at android.app.ContextImpl.bindServiceCommon(ContextImpl.java:1478)
03-21 17:11:00.576  2606  2606 E ActivityThread: 	at android.app.ContextImpl.bindService(ContextImpl.java:1450)
03-21 17:11:00.576  2606  2606 E ActivityThread: 	at android.content.ContextWrapper.bindService(ContextWrapper.java:636)
03-21 17:11:00.576  2606  2606 E ActivityThread: 	at bic.a(SourceFile:243)
03-21 17:11:00.576  2606  2606 E ActivityThread: 	at bic.d(SourceFile:286)
03-21 17:11:00.576  2606  2606 E ActivityThread: 	at bcf.c(SourceFile:175)
03-21 17:11:00.576  2606  2606 E ActivityThread: 	at bac.a(SourceFile:203)
03-21 17:11:00.576  2606  2606 E ActivityThread: 	at bac.a(SourceFile:147)
03-21 17:11:00.576  2606  2606 E ActivityThread: 	at com.android.email.service.EmailBroadcastProcessorService.c(SourceFile:343)
03-21 17:11:00.576  2606  2606 E ActivityThread: 	at com.android.email.service.EmailBroadcastProcessorService.onHandleIntent(SourceFile:1328)
03-21 17:11:00.576  2606  2606 E ActivityThread: 	at android.app.IntentService$ServiceHandler.handleMessage(IntentService.java:67)
03-21 17:11:00.576  2606  2606 E ActivityThread: 	at android.os.Handler.dispatchMessage(Handler.java:102)
03-21 17:11:00.576  2606  2606 E ActivityThread: 	at android.os.Looper.loop(Looper.java:154)
03-21 17:11:00.576  2606  2606 E ActivityThread: 	at android.os.HandlerThread.run(HandlerThread.java:61)
03-21 17:11:01.309  1593  1604 I ActivityManager: Start proc 2681:com.google.android.gms.unstable/u0a13 for service com.google.android.gms/.droidguard.DroidGuardService
03-21 17:11:02.283  1593  1699 I ActivityManager: Start proc 2720:com.google.android.gms.ui/u0a13 for service com.google.android.gms/.chimera.UiIntentOperationService
03-21 17:11:03.300  1593  1604 I ActivityManager: Start proc 2767:com.google.android.onetimeinitializer/u0a16 for broadcast com.google.android.onetimeinitializer/.OneTimeInitializerReceiver
03-21 17:11:04.242  1593  1969 I ActivityManager: Start proc 2820:com.google.process.gapps/u0a46 for broadcast com.google.android.syncadapters.contacts/.ContactsSyncAdapterBroadcastReceiver
03-21 17:11:05.197  1593  1929 I ActivityManager: Start proc 2867:com.google.android.talk/u0a51 for broadcast com.google.android.talk/com.google.android.apps.hangouts.service.BootReceiver
03-21 17:11:06.672  1593  1656 I ActivityManager: Start proc 2910:com.google.android.youtube/u0a69 for broadcast com.google.android.youtube/com.google.android.libraries.youtube.upload.service.UploadService$BootReceiver
03-21 17:11:07.889  1593  1969 I ActivityManager: Killing 2094:com.android.keychain/1000 (adj 906): empty #17
03-21 17:11:08.061  1593  1969 D ActivityManager: cleanUpApplicationRecord -- 2094
03-21 17:11:08.457  1593  1604 W ActivityManager: Permission Denial: Accessing service ComponentInfo{com.google.android.music/com.google.android.music.dial.DialMediaRouteProviderService} from pid=2910, uid=10069 that is not exported from uid 10057
03-21 17:11:09.478  2338  3028 E ActivityThread: Failed to find provider info for com.google.android.wearable.settings
03-21 17:11:09.981  1593  1605 I BroadcastQueue: Delay finish: com.google.android.gm/.MailIntentReceiver
03-21 17:11:09.981  1593  1969 I BroadcastQueue: Resuming delayed broadcast
03-21 17:11:10.248  1593  3063 I ActivityManager: Start proc 3071:com.google.android.talk:matchstick/u0a51 for broadcast com.google.android.talk/com.google.android.libraries.matchstick.net.MatchstickInProcessReceiver
03-21 17:11:10.812  1593  1969 I ActivityManager: Killing 2044:com.android.printspooler/u0a65 (adj 906): empty #17
03-21 17:11:10.951  1593  3062 D ActivityManager: cleanUpApplicationRecord -- 2044
03-21 17:11:11.543  2338  3028 E ActivityThread: Failed to find provider info for com.google.android.wearable.settings
03-21 17:11:12.214  1593  1605 I ActivityManager: Killing 2353:com.android.dialer/u0a8 (adj 906): empty #17
03-21 17:11:12.280  1593  1929 D ActivityManager: cleanUpApplicationRecord -- 2353
03-21 17:11:12.765  1593  1968 W ActivityManager: Permission Denial: Accessing service ComponentInfo{com.google.android.music/com.google.android.music.dial.DialMediaRouteProviderService} from pid=2910, uid=10069 that is not exported from uid 10057
03-21 17:11:12.952  1593  1606 I ActivityManager: Start proc 3111:com.android.printspooler/u0a65 for service com.android.printspooler/.model.PrintSpoolerService
03-21 17:11:13.520  1593  1607 I ActivityManager: Waited long enough for: ServiceRecord{83fb2c8 u0 com.google.android.calendar/com.android.calendar.alerts.InitAlarmsService}
03-21 17:11:16.295  1593  1604 I ActivityManager: Killing 1930:com.android.deskclock/u0a38 (adj 906): empty #17
03-21 17:11:16.370  1593  3062 D ActivityManager: cleanUpApplicationRecord -- 1930
03-21 17:11:17.146  1593  1699 I ActivityManager: Killing 2375:com.android.managedprovisioning/u0a20 (adj 906): empty #17
03-21 17:11:17.210  1593  1605 D ActivityManager: cleanUpApplicationRecord -- 2375
03-21 17:11:18.034  1593  1968 I ActivityManager: Killing 2411:com.google.android.apps.maps/u0a56 (adj 906): empty #17
03-21 17:11:18.091  1593  3062 D ActivityManager: cleanUpApplicationRecord -- 2411
03-21 17:11:21.567  1593  3062 I Telecom : PhoneAccountRegistrar: SimCallManager queried, returning: null: TSI.gSCM@AEM
03-21 17:11:21.642  1593  1656 I Telecom : PhoneAccountRegistrar: SimCallManager queried, returning: null: TSI.gSCM@AEU
03-21 17:11:22.724  1593  1607 I ActivityManager: Waited long enough for: ServiceRecord{ef73f91 u0 com.google.android.youtube/com.google.android.libraries.youtube.upload.service.UploadService}
03-21 17:11:28.570  1593  1699 I ActivityManager: Killing 2435:com.google.android.apps.messaging/u0a63 (adj 906): empty #17
03-21 17:11:28.584  1593  1605 I ActivityManager: Killing 2517:com.google.android.apps.photos:CameraShortcut/u0a62 (adj 906): empty #17
03-21 17:11:28.661  1593  1969 D ActivityManager: cleanUpApplicationRecord -- 2517
03-21 17:11:28.681  1593  1605 D ActivityManager: cleanUpApplicationRecord -- 2435
03-21 17:11:31.326  1593  1969 I ActivityManager: Killing 2456:com.google.android.apps.photos/u0a62 (adj 906): empty #17
03-21 17:11:31.381  1593  3062 D ActivityManager: cleanUpApplicationRecord -- 2456
03-21 17:11:33.254  1593  1699 I ActivityManager: Killing 2577:com.google.android.configupdater/u0a4 (adj 906): empty #17
03-21 17:11:33.311  1593  1929 D ActivityManager: cleanUpApplicationRecord -- 2577
03-21 17:11:34.763  1593  2707 E RecoverySystemService: Timed out connecting to uncrypt socket
03-21 17:11:34.763  1593  2707 E RecoverySystemService: Failed to connect to uncrypt socket
03-21 17:12:04.820  1593  1605 E RecoverySystemService: Timed out connecting to uncrypt socket
03-21 17:12:04.820  1593  1605 E RecoverySystemService: Failed to connect to uncrypt socket
03-21 17:12:11.413  1593  2707 I ActivityManager: Killing 2720:com.google.android.gms.ui/u0a13 (adj 906): empty #17
03-21 17:12:11.468  1593  1969 D ActivityManager: cleanUpApplicationRecord -- 2720
03-21 17:22:33.637  1593  1619 I ActivityManager: Start proc 3332:com.android.defcontainer/u0a7 for service com.android.defcontainer/.DefaultContainerService
03-21 17:22:34.092  1593  1607 I ActivityManager: Force stopping com.wire.reader appid=10082 user=-1: installPackageLI
03-21 17:22:34.127  1593  1619 I PackageManager: Package com.wire.reader codePath changed from /data/app/com.wire.reader-1 to /data/app/com.wire.reader-2; Retaining data and using new
03-21 17:22:34.127  1593  1619 W PackageManager: Code path for com.wire.reader changing from /data/app/com.wire.reader-1 to /data/app/com.wire.reader-2
03-21 17:22:34.127  1593  1619 W PackageManager: Resource path for com.wire.reader changing from /data/app/com.wire.reader-1 to /data/app/com.wire.reader-2
03-21 17:22:34.234  1593  1619 I ActivityManager: Force stopping com.wire.reader appid=10082 user=0: pkg removed
03-21 17:22:34.297  1593  1607 I ActivityManager: Start proc 3351:com.android.gallery3d/u0a45 for broadcast com.android.gallery3d/.app.PackagesMonitor
03-21 17:22:34.455  1593  1604 W ActivityManager: Permission Denial: Accessing service ComponentInfo{com.google.android.music/com.google.android.music.dial.DialMediaRouteProviderService} from pid=2910, uid=10069 that is not exported from uid 10057
03-21 17:22:34.464  1593  1699 W ActivityManager: Permission Denial: Accessing service ComponentInfo{com.google.android.music/com.google.android.music.dial.DialMediaRouteProviderService} from pid=2910, uid=10069 that is not exported from uid 10057
03-21 17:22:34.467  1593  1968 W ActivityManager: Permission Denial: Accessing service ComponentInfo{com.google.android.music/com.google.android.music.dial.DialMediaRouteProviderService} from pid=2910, uid=10069 that is not exported from uid 10057
03-21 17:22:34.473  1593  1593 V KeyValueBackupJob: Scheduling k/v pass in 243 minutes
03-21 17:22:34.696  1593  3063 I ActivityManager: Start proc 3371:com.android.keychain/1000 for broadcast com.android.keychain/.KeyChainBroadcastReceiver
03-21 17:22:34.752  3371  3371 W ContextImpl: Calling a method in the system process without a qualified user: android.app.ContextImpl.startService:1385 android.content.ContextWrapper.startService:613 android.content.ContextWrapper.startService:613 com.android.keychain.KeyChainBroadcastReceiver.onReceive:12 android.app.ActivityThread.handleReceiver:3011 
03-21 17:22:34.776  1593  3063 I ActivityManager: Start proc 3386:com.google.android.apps.docs/u0a40 for broadcast com.google.android.apps.docs/.receivers.AppPackageAddRemoveReceiver
03-21 17:22:34.782  1593  1656 I ActivityManager: Killing 2767:com.google.android.onetimeinitializer/u0a16 (adj 906): empty #17
03-21 17:22:34.830  1593  3062 D ActivityManager: cleanUpApplicationRecord -- 2767
03-21 17:22:35.561  1593  1656 I ActivityManager: Killing 2179:com.google.android.partnersetup/u0a18 (adj 906): empty #17
03-21 17:22:35.679  1593  1604 D ActivityManager: cleanUpApplicationRecord -- 2179
03-21 17:22:36.084  1593  2707 I ActivityManager: Start proc 3428:com.google.android.partnersetup/u0a18 for broadcast com.google.android.partnersetup/.RlzPingBroadcastReceiver
03-21 17:22:36.378  1593  1969 I ActivityManager: Start proc 3448:com.google.android.apps.photos/u0a62 for broadcast com.google.android.apps.photos/.experiments.phenotype.AppUpgradeBroadcastReceiver
03-21 17:22:44.939  1593  3062 I ActivityManager: Killing 2820:com.google.process.gapps/u0a46 (adj 906): empty #17
03-21 17:22:45.033  1593  1969 D ActivityManager: cleanUpApplicationRecord -- 2820
03-21 17:23:00.004  1593  1593 I ActivityManager: Killing 2538:com.google.android.calendar/u0a32 (adj 906): empty #17
03-21 17:23:00.009  1593  1593 I ActivityManager: Killing 1815:com.android.settings/1000 (adj 906): empty #18
03-21 17:23:00.061  1593  2707 D ActivityManager: cleanUpApplicationRecord -- 2538
03-21 17:23:00.168  1593  1699 D ActivityManager: cleanUpApplicationRecord -- 1815
03-21 17:23:00.179  1593  1656 I ActivityManager: Killing 2277:android.process.media/u0a10 (adj 906): empty #17
03-21 17:23:00.295  1593  3062 D ActivityManager: cleanUpApplicationRecord -- 2277
03-21 17:23:09.620  1593  1619 V BackupManagerService: restoreAtInstall pkg=com.wire.reader.instrumentTest token=2 restoreSet=0
03-21 17:23:09.620  1593  1619 V BackupManagerService: Finishing install immediately
03-21 17:23:09.694  1593  2707 W ActivityManager: Permission Denial: Accessing service ComponentInfo{com.google.android.music/com.google.android.music.dial.DialMediaRouteProviderService} from pid=2910, uid=10069 that is not exported from uid 10057
03-21 17:23:10.251  1593  1656 I ActivityManager: Force stopping com.wire.reader appid=10082 user=0: start instr
03-21 17:23:10.261  1593  1656 I ActivityManager: Start proc 3559:com.wire.reader/u0a82 for added application com.wire.reader
03-21 17:23:10.815  1593  2707 I ActivityManager: START u0 {act=android.intent.action.MAIN flg=0x14000000 cmp=com.wire.reader/.MainActivity} from uid 10082 on display 0
03-21 17:23:12.940  1593  1614 I WindowManager: Destroying surface Surface(name=Starting com.wire.reader) called by com.android.server.wm.WindowStateAnimator.destroySurface:2014 com.android.server.wm.WindowStateAnimator.destroySurfaceLocked:881 com.android.server.wm.WindowState.destroyOrSaveSurface:2073 com.android.server.wm.AppWindowToken.destroySurfaces:363 com.android.server.wm.WindowStateAnimator.finishExit:565 com.android.server.wm.WindowStateAnimator.stepAnimationLocked:491 com.android.server.wm.WindowAnimator.updateWindowsLocked:303 com.android.server.wm.WindowAnimator.animateLocked:704 
03-21 17:23:13.476  1593  1699 I ActivityManager: Activity reported stop, but no longer stopping: ActivityRecord{876f272 u0 com.android.launcher3/.Launcher t388}
03-21 17:23:13.545  1593  1929 D WindowManager: relayoutVisibleWindow: Window{a2bd6a7 u0 com.android.launcher3/com.android.launcher3.Launcher EXITING} mAnimatingExit=true, mRemoveOnExit=false, mDestroying=true
03-21 17:23:13.634  1593  2707 I ActivityManager: START u0 {act=android.intent.action.MAIN flg=0x10000000 cmp=com.wire.reader/.MainActivity} from uid 10082 on display 0
03-21 17:23:14.940  1593  1929 I WindowManager: Destroying surface Surface(name=com.wire.reader/com.wire.reader.MainActivity) called by com.android.server.wm.WindowStateAnimator.destroySurface:2014 com.android.server.wm.WindowStateAnimator.destroySurfaceLocked:881 com.android.server.wm.WindowState.removeLocked:1449 com.android.server.wm.WindowManagerService.removeWindowInnerLocked:2478 com.android.server.wm.WindowManagerService.removeWindowLocked:2436 com.android.server.wm.WindowManagerService.removeWindowLocked:2305 com.android.server.wm.WindowManagerService.removeWindow:2300 com.android.server.wm.Session.remove:193 
03-21 17:23:14.979  1593  1614 I WindowManager: Destroying surface Surface(name=Starting com.wire.reader) called by com.android.server.wm.WindowStateAnimator.destroySurface:2014 com.android.server.wm.WindowStateAnimator.destroySurfaceLocked:881 com.android.server.wm.WindowState.destroyOrSaveSurface:2073 com.android.server.wm.AppWindowToken.destroySurfaces:363 com.android.server.wm.WindowStateAnimator.finishExit:565 com.android.server.wm.WindowStateAnimator.stepAnimationLocked:491 com.android.server.wm.WindowAnimator.updateWindowsLocked:303 com.android.server.wm.WindowAnimator.animateLocked:704 
03-21 17:23:15.112  1593  3063 I WindowManager: Destroying surface Surface(name=com.android.launcher3/com.android.launcher3.Launcher) called by com.android.server.wm.WindowStateAnimator.destroySurface:2014 com.android.server.wm.WindowStateAnimator.destroySurfaceLocked:881 com.android.server.wm.WindowState.destroyOrSaveSurface:2073 com.android.server.wm.AppWindowToken.destroySurfaces:363 com.android.server.wm.AppWindowToken.notifyAppStopped:389 com.android.server.wm.WindowManagerService.notifyAppStopped:4456 com.android.server.am.ActivityStack.activityStoppedLocked:1252 com.android.server.am.ActivityManagerService.activityStopped:6902 
03-21 17:23:16.096  1593  1969 W ActivityManager: Finishing task with all activities already finished
03-21 17:23:16.096  1593  1969 W ActivityManager: Duplicate finish request for ActivityRecord{b2a3802 u0 com.wire.reader/.MainActivity t390 f}
03-21 17:23:16.313  1593  1968 I ActivityManager: START u0 {act=android.intent.action.MAIN flg=0x10000000 cmp=com.wire.reader/.MainActivity} from uid 10082 on display 0
03-21 17:23:17.095  1593  3062 I WindowManager: Destroying surface Surface(name=com.android.launcher3/com.android.launcher3.Launcher) called by com.android.server.wm.WindowStateAnimator.destroySurface:2014 com.android.server.wm.WindowStateAnimator.destroySurfaceLocked:881 com.android.server.wm.WindowState.destroyOrSaveSurface:2073 com.android.server.wm.AppWindowToken.destroySurfaces:363 com.android.server.wm.AppWindowToken.notifyAppStopped:389 com.android.server.wm.WindowManagerService.notifyAppStopped:4456 com.android.server.am.ActivityStack.activityStoppedLocked:1252 com.android.server.am.ActivityManagerService.activityStopped:6902 
03-21 17:23:17.387  1593  1968 I WindowManager: Destroying surface Surface(name=com.wire.reader/com.wire.reader.MainActivity) called by com.android.server.wm.WindowStateAnimator.destroySurface:2014 com.android.server.wm.WindowStateAnimator.destroySurfaceLocked:881 com.android.server.wm.WindowState.removeLocked:1449 com.android.server.wm.WindowManagerService.removeWindowInnerLocked:2478 com.android.server.wm.WindowManagerService.removeWindowLocked:2436 com.android.server.wm.WindowManagerService.removeWindowLocked:2305 com.android.server.wm.WindowManagerService.removeWindow:2300 com.android.server.wm.Session.remove:193 
03-21 17:23:17.733  1593  1614 I WindowManager: Destroying surface Surface(name=Starting com.wire.reader) called by com.android.server.wm.WindowStateAnimator.destroySurface:2014 com.android.server.wm.WindowStateAnimator.destroySurfaceLocked:881 com.android.server.wm.WindowState.destroyOrSaveSurface:2073 com.android.server.wm.AppWindowToken.destroySurfaces:363 com.android.server.wm.WindowStateAnimator.finishExit:565 com.android.server.wm.WindowStateAnimator.stepAnimationLocked:491 com.android.server.wm.WindowAnimator.updateWindowsLocked:303 com.android.server.wm.WindowAnimator.animateLocked:704 
03-21 17:23:17.878  1593  3062 I ActivityManager: START u0 {cmp=com.wire.reader/.PreferencesActivity} from uid 10082 on display 0
03-21 17:23:20.625  1593  1656 I WindowManager: Destroying surface Surface(name=com.wire.reader/com.wire.reader.MainActivity) called by com.android.server.wm.WindowStateAnimator.destroySurface:2014 com.android.server.wm.WindowStateAnimator.destroySurfaceLocked:881 com.android.server.wm.WindowState.removeLocked:1449 com.android.server.wm.WindowManagerService.removeWindowInnerLocked:2478 com.android.server.wm.WindowManagerService.removeWindowLocked:2436 com.android.server.wm.WindowManagerService.removeWindowLocked:2305 com.android.server.wm.WindowManagerService.removeWindow:2300 com.android.server.wm.Session.remove:193 
03-21 17:23:20.993  1593  1604 I ActivityManager: START u0 {act=android.intent.action.MAIN flg=0x10000000 cmp=com.wire.reader/.MainActivity} from uid 10082 on display 0
03-21 17:23:21.053  1593  1969 I WindowManager: Destroying surface Surface(name=com.wire.reader/com.wire.reader.PreferencesActivity) called by com.android.server.wm.WindowStateAnimator.destroySurface:2014 com.android.server.wm.WindowStateAnimator.destroySurfaceLocked:881 com.android.server.wm.WindowState.removeLocked:1449 com.android.server.wm.WindowManagerService.removeWindowInnerLocked:2478 com.android.server.wm.WindowManagerService.removeWindowLocked:2436 com.android.server.wm.WindowManagerService.removeWindowLocked:2305 com.android.server.wm.WindowManagerService.removeWindow:2300 com.android.server.wm.Session.remove:193 
03-21 17:23:21.484  1593  1969 I WindowManager: Destroying surface Surface(name=com.android.launcher3/com.android.launcher3.Launcher) called by com.android.server.wm.WindowStateAnimator.destroySurface:2014 com.android.server.wm.WindowStateAnimator.destroySurfaceLocked:881 com.android.server.wm.WindowState.destroyOrSaveSurface:2073 com.android.server.wm.WindowManagerService.tryStartExitingAnimation:3017 com.android.server.wm.WindowManagerService.relayoutWindow:2897 com.android.server.wm.Session.relayout:215 android.view.IWindowSession$Stub.onTransact:286 com.android.server.wm.Session.onTransact:136 
03-21 17:23:22.254  1593  1614 I WindowManager: Destroying surface Surface(name=Starting com.wire.reader) called by com.android.server.wm.WindowStateAnimator.destroySurface:2014 com.android.server.wm.WindowStateAnimator.destroySurfaceLocked:881 com.android.server.wm.WindowState.destroyOrSaveSurface:2073 com.android.server.wm.AppWindowToken.destroySurfaces:363 com.android.server.wm.WindowStateAnimator.finishExit:565 com.android.server.wm.WindowStateAnimator.stepAnimationLocked:491 com.android.server.wm.WindowAnimator.updateWindowsLocked:303 com.android.server.wm.WindowAnimator.animateLocked:704 
03-21 17:23:25.192  1593  1968 I ActivityManager: Force stopping com.wire.reader appid=10082 user=0: finished inst
03-21 17:23:25.192  1593  1968 I ActivityManager: Killing 3559:com.wire.reader/u0a82 (adj 0): stop com.wire.reader
03-21 17:23:25.193  1593  1968 D ActivityManager: cleanUpApplicationRecord -- 3559
03-21 17:23:25.236  1593  1614 I WindowManager: Destroying surface Surface(name=com.wire.reader/com.wire.reader.MainActivity) called by com.android.server.wm.WindowStateAnimator.destroySurface:2014 com.android.server.wm.WindowStateAnimator.destroySurfaceLocked:881 com.android.server.wm.WindowState.removeLocked:1449 com.android.server.wm.WindowManagerService.removeWindowInnerLocked:2478 com.android.server.wm.AppWindowToken.destroySurfaces:365 com.android.server.wm.WindowStateAnimator.finishExit:565 com.android.server.wm.WindowStateAnimator.stepAnimationLocked:491 com.android.server.wm.WindowAnimator.updateWindowsLocked:303 
03-21 17:23:25.765  1593  1607 I ActivityManager: Force stopping com.wire.reader.instrumentTest appid=10070 user=-1: deletePackageX
03-21 17:23:25.894  1593  1619 I ActivityManager: Force stopping com.wire.reader.instrumentTest appid=10070 user=0: pkg removed
03-21 17:23:25.955  1593  1619 E KernelUidCpuTimeReader: failed to remove uid from uid_cputime module
03-21 17:23:25.955  1593  1619 E KernelUidCpuTimeReader: java.io.FileNotFoundException: /proc/uid_cputime/remove_uid_range (No such file or directory)
03-21 17:23:25.955  1593  1619 E KernelUidCpuTimeReader: 	at java.io.FileOutputStream.open(Native Method)
03-21 17:23:25.955  1593  1619 E KernelUidCpuTimeReader: 	at java.io.FileOutputStream.<init>(FileOutputStream.java:221)
03-21 17:23:25.955  1593  1619 E KernelUidCpuTimeReader: 	at java.io.FileOutputStream.<init>(FileOutputStream.java:108)
03-21 17:23:25.955  1593  1619 E KernelUidCpuTimeReader: 	at java.io.FileWriter.<init>(FileWriter.java:63)
03-21 17:23:25.955  1593  1619 E KernelUidCpuTimeReader: 	at com.android.internal.os.KernelUidCpuTimeReader.removeUid(KernelUidCpuTimeReader.java:158)
03-21 17:23:25.955  1593  1619 E KernelUidCpuTimeReader: 	at com.android.internal.os.BatteryStatsImpl.removeUidStatsLocked(BatteryStatsImpl.java:9805)
03-21 17:23:25.955  1593  1619 E KernelUidCpuTimeReader: 	at com.android.server.am.BatteryStatsService.removeUid(BatteryStatsService.java:291)
03-21 17:23:25.955  1593  1619 E KernelUidCpuTimeReader: 	at com.android.server.am.ActivityManagerService.broadcastIntentLocked(ActivityManagerService.java:17805)
03-21 17:23:25.955  1593  1619 E KernelUidCpuTimeReader: 	at com.android.server.am.ActivityManagerService.broadcastIntent(ActivityManagerService.java:18294)
03-21 17:23:25.955  1593  1619 E KernelUidCpuTimeReader: 	at com.android.server.pm.PackageManagerService$8.run(PackageManagerService.java:11407)
03-21 17:23:25.955  1593  1619 E KernelUidCpuTimeReader: 	at android.os.Handler.handleCallback(Handler.java:751)
03-21 17:23:25.955  1593  1619 E KernelUidCpuTimeReader: 	at android.os.Handler.dispatchMessage(Handler.java:95)
03-21 17:23:25.955  1593  1619 E KernelUidCpuTimeReader: 	at android.os.Looper.loop(Looper.java:154)
03-21 17:23:25.955  1593  1619 E KernelUidCpuTimeReader: 	at android.os.HandlerThread.run(HandlerThread.java:61)
03-21 17:23:25.955  1593  1619 E KernelUidCpuTimeReader: 	at com.android.server.ServiceThread.run(ServiceThread.java:46)
03-21 17:23:25.978  3371  3371 W ContextImpl: Calling a method in the system process without a qualified user: android.app.ContextImpl.startService:1385 android.content.ContextWrapper.startService:613 android.content.ContextWrapper.startService:613 com.android.keychain.KeyChainBroadcastReceiver.onReceive:12 android.app.ActivityThread.handleReceiver:3011 
03-21 17:23:25.982  1593  2707 W ActivityManager: Permission Denial: Accessing service ComponentInfo{com.google.android.music/com.google.android.music.dial.DialMediaRouteProviderService} from pid=2910, uid=10069 that is not exported from uid 10057
03-21 17:23:26.225  1593  1699 I ActivityManager: Start proc 3625:com.android.documentsui/u0a9 for broadcast com.android.documentsui/.PackageReceiver
03-21 17:23:27.071  1593  3063 I ActivityManager: Start proc 3653:com.android.externalstorage/u0a12 for content provider com.android.externalstorage/.ExternalStorageProvider
03-21 17:23:27.096  1593  1604 I ActivityManager: Start proc 3665:android.process.media/u0a10 for broadcast com.android.providers.downloads/.DownloadReceiver
03-21 17:23:27.286  1593  1969 I ActivityManager: Start proc 3684:com.android.mtp/u0a10 for content provider com.android.mtp/.MtpDocumentsProvider
03-21 17:23:27.406  1593  1968 D VoldConnector: SND -> {7 appfuse mount 10010 3684 MtpDocumentsProvider}
03-21 17:23:27.443  1593  1635 D VoldConnector: RCV <- {200 7 AppFuse command succeeded}
03-21 17:23:27.487  1593  2707 I ActivityManager: Killing 2606:com.google.android.gm/u0a64 (adj 906): empty #17
03-21 17:23:27.574  1593  1604 D ActivityManager: cleanUpApplicationRecord -- 2606
03-21 17:23:31.272  1593  3062 I ActivityManager: Killing 2298:com.google.android.music:main/u0a57 (adj 906): empty #17
03-21 17:23:31.322  1593  2707 D ActivityManager: cleanUpApplicationRecord -- 2298
03-21 17:23:49.101  1593  2707 I ActivityManager: Killing 2393:com.android.providers.calendar/u0a2 (adj 906): empty #17
03-21 17:23:49.101  1593  2707 I ActivityManager: Killing 3071:com.google.android.talk:matchstick/u0a51 (adj 906): empty #18
03-21 17:23:49.168  1593  1969 D ActivityManager: cleanUpApplicationRecord -- 3071
03-21 17:23:49.183  1593  1929 D ActivityManager: cleanUpApplicationRecord -- 2393
03-21 17:24:20.799  1593  1607 I ActivityManager: Force stopping com.wire.reader appid=10082 user=-1: installPackageLI
03-21 17:24:20.830  1593  1619 I PackageManager: Package com.wire.reader codePath changed from /data/app/com.wire.reader-2 to /data/app/com.wire.reader-1; Retaining data and using new
03-21 17:24:20.831  1593  1619 W PackageManager: Code path for com.wire.reader changing from /data/app/com.wire.reader-2 to /data/app/com.wire.reader-1
03-21 17:24:20.831  1593  1619 W PackageManager: Resource path for com.wire.reader changing from /data/app/com.wire.reader-2 to /data/app/com.wire.reader-1
03-21 17:24:20.956  1593  1619 I ActivityManager: Force stopping com.wire.reader appid=10082 user=0: pkg removed
03-21 17:24:21.076  1593  3062 W ActivityManager: Permission Denial: Accessing service ComponentInfo{com.google.android.music/com.google.android.music.dial.DialMediaRouteProviderService} from pid=2910, uid=10069 that is not exported from uid 10057
03-21 17:24:21.079  3371  3371 W ContextImpl: Calling a method in the system process without a qualified user: android.app.ContextImpl.startService:1385 android.content.ContextWrapper.startService:613 android.content.ContextWrapper.startService:613 com.android.keychain.KeyChainBroadcastReceiver.onReceive:12 android.app.ActivityThread.handleReceiver:3011 
03-21 17:24:21.125  1593  1969 W ActivityManager: Permission Denial: Accessing service ComponentInfo{com.google.android.music/com.google.android.music.dial.DialMediaRouteProviderService} from pid=2910, uid=10069 that is not exported from uid 10057
03-21 17:24:21.154  1593  2707 W ActivityManager: Permission Denial: Accessing service ComponentInfo{com.google.android.music/com.google.android.music.dial.DialMediaRouteProviderService} from pid=2910, uid=10069 that is not exported from uid 10057
03-21 17:24:21.611  1593  1605 I ActivityManager: START u0 {flg=0x10000000 cmp=com.wire.reader/.MainActivity} from uid 2000 on display 0
03-21 17:24:21.683  1593  2707 W ActivityManager: Slow operation: 56ms so far, now at startProcess: returned from zygote!
03-21 17:24:21.683  1593  2707 W ActivityManager: Slow operation: 56ms so far, now at startProcess: done updating battery stats
03-21 17:24:21.683  1593  2707 W ActivityManager: Slow operation: 57ms so far, now at startProcess: building log message
03-21 17:24:21.683  1593  2707 I ActivityManager: Start proc 3788:com.wire.reader/u0a82 for activity com.wire.reader/.MainActivity
03-21 17:24:21.683  1593  2707 W ActivityManager: Slow operation: 57ms so far, now at startProcess: starting to update pids map
03-21 17:24:21.683  1593  2707 W ActivityManager: Slow operation: 57ms so far, now at startProcess: done updating pids map
03-21 17:24:21.683  1593  2707 W ActivityManager: Slow operation: 58ms so far, now at startProcess: done starting proc!
03-21 17:24:23.575  1593  1605 I WindowManager: Destroying surface Surface(name=com.android.launcher3/com.android.launcher3.Launcher) called by com.android.server.wm.WindowStateAnimator.destroySurface:2014 com.android.server.wm.WindowStateAnimator.destroySurfaceLocked:881 com.android.server.wm.WindowState.destroyOrSaveSurface:2073 com.android.server.wm.AppWindowToken.destroySurfaces:363 com.android.server.wm.AppWindowToken.notifyAppStopped:389 com.android.server.wm.WindowManagerService.notifyAppStopped:4456 com.android.server.am.ActivityStack.activityStoppedLocked:1252 com.android.server.am.ActivityManagerService.activityStopped:6902 
03-21 17:24:23.620  1593  1614 I WindowManager: Destroying surface Surface(name=Starting com.wire.reader) called by com.android.server.wm.WindowStateAnimator.destroySurface:2014 com.android.server.wm.WindowStateAnimator.destroySurfaceLocked:881 com.android.server.wm.WindowState.destroyOrSaveSurface:2073 com.android.server.wm.AppWindowToken.destroySurfaces:363 com.android.server.wm.WindowStateAnimator.finishExit:565 com.android.server.wm.WindowStateAnimator.stepAnimationLocked:491 com.android.server.wm.WindowAnimator.updateWindowsLocked:303 com.android.server.wm.WindowAnimator.animateLocked:704 
--------- beginning of crash
03-21 17:24:36.258  3788  3788 E AndroidRuntime: FATAL EXCEPTION: main
03-21 17:24:36.258  3788  3788 E AndroidRuntime: Process: com.wire.reader, PID: 3788
03-21 17:24:36.258  3788  3788 E AndroidRuntime: java.lang.ClassCastException: com.wire.reader.Message cannot be cast to macroid.contrib.Layouts$VerticalLinearLayout
03-21 17:24:36.258  3788  3788 E AndroidRuntime: 	at com.wire.reader.MainActivity$$anonfun$16$$anon$6$$anonfun$onItemClick$1.apply(MainActivity.scala:98)
03-21 17:24:36.258  3788  3788 E AndroidRuntime: 	at com.wire.reader.MainActivity$$anonfun$16$$anon$6$$anonfun$onItemClick$1.apply(MainActivity.scala:96)
03-21 17:24:36.258  3788  3788 E AndroidRuntime: 	at com.wire.reader.MainActivity$$anonfun$16$$anon$6.onItemClick(MainActivity.scala:95)
03-21 17:24:36.258  3788  3788 E AndroidRuntime: 	at android.widget.AdapterView.performItemClick(AdapterView.java:310)
03-21 17:24:36.258  3788  3788 E AndroidRuntime: 	at android.widget.AbsListView.performItemClick(AbsListView.java:1155)
03-21 17:24:36.258  3788  3788 E AndroidRuntime: 	at android.widget.AbsListView$PerformClick.run(AbsListView.java:3120)
03-21 17:24:36.258  3788  3788 E AndroidRuntime: 	at android.widget.AbsListView$3.run(AbsListView.java:4035)
03-21 17:24:36.258  3788  3788 E AndroidRuntime: 	at android.os.Handler.handleCallback(Handler.java:751)
03-21 17:24:36.258  3788  3788 E AndroidRuntime: 	at android.os.Handler.dispatchMessage(Handler.java:95)
03-21 17:24:36.258  3788  3788 E AndroidRuntime: 	at android.os.Looper.loop(Looper.java:154)
03-21 17:24:36.258  3788  3788 E AndroidRuntime: 	at android.app.ActivityThread.main(ActivityThread.java:6077)
03-21 17:24:36.258  3788  3788 E AndroidRuntime: 	at java.lang.reflect.Method.invoke(Native Method)
03-21 17:24:36.258  3788  3788 E AndroidRuntime: 	at com.android.internal.os.ZygoteInit$MethodAndArgsCaller.run(ZygoteInit.java:865)
03-21 17:24:36.258  3788  3788 E AndroidRuntime: 	at com.android.internal.os.ZygoteInit.main(ZygoteInit.java:755)
03-21 17:24:36.297  1593  1656 W ActivityManager:   Force finishing activity com.wire.reader/.MainActivity
03-21 17:24:36.712  1593  3824 F libc    : Fatal signal 11 (SIGSEGV), code 2, fault addr 0x79f40bb6e010 in tid 3824 (RenderThread)
03-21 17:24:36.847  3826  3826 F DEBUG   : *** *** *** *** *** *** *** *** *** *** *** *** *** *** *** ***
03-21 17:24:36.848  3826  3826 F DEBUG   : Build fingerprint: 'Android/sdk_google_phone_x86_64/generic_x86_64:7.0/NYC/3761695:userdebug/dev-keys'
03-21 17:24:36.848  3826  3826 F DEBUG   : Revision: '0'
03-21 17:24:36.848  3826  3826 F DEBUG   : ABI: 'x86_64'
03-21 17:24:36.848  3826  3826 F DEBUG   : pid: 1593, tid: 3824, name: RenderThread  >>> system_server <<<
03-21 17:24:36.848  3826  3826 F DEBUG   : signal 11 (SIGSEGV), code 2 (SEGV_ACCERR), fault addr 0x79f40bb6e010
03-21 17:24:36.848  3826  3826 F DEBUG   :     rax 0000000000000001  rbx 0000000000000000  rcx 0000000000000000  rdx 0000000000000000
03-21 17:24:36.848  3826  3826 F DEBUG   :     rsi 000000000000017d  rdi 000079f4120ff9a8
03-21 17:24:36.848  3826  3826 F DEBUG   :     r8  0000000000000004  r9  000079f4120fef60  r10 000079f40bfcf000  r11 000079f40ba091f8
03-21 17:24:36.848  3826  3826 F DEBUG   :     r12 000079f4120ffa00  r13 000079f40bfd2a01  r14 000079f40c7fcb00  r15 000079f4120ffac8
03-21 17:24:36.848  3826  3826 F DEBUG   :     cs  0000000000000033  ss  000000000000002b
03-21 17:24:36.848  3826  3826 F DEBUG   :     rip 000079f40bb6e010  rbp 00000000000000d2  rsp 000079f4120ff948  eflags 0000000000000202
03-21 17:24:36.848  3826  3826 F DEBUG   : 
03-21 17:24:36.848  3826  3826 F DEBUG   : backtrace:
03-21 17:24:36.848  3826  3826 F DEBUG   :     #00 pc 000000000016e010  [anon:libc_malloc:000079f40ba00000]
03-21 17:24:41.293  1808  1808 E AndroidRuntime: FATAL EXCEPTION: main
03-21 17:24:41.293  1808  1808 E AndroidRuntime: Process: com.android.phone, PID: 1808
03-21 17:24:41.293  1808  1808 E AndroidRuntime: DeadSystemException: The system died; earlier logs will point to the root cause
03-21 17:24:44.909  4056  4056 I chatty  : uid=1000 system_server expire 239 lines
03-21 17:24:45.009  4056  4070 I chatty  : uid=1000 system_server expire 1 line
03-21 17:24:45.010  4056  4071 I chatty  : uid=1000 system_server expire 1 line
03-21 17:24:45.222  4056  4077 I chatty  : uid=1000 system_server expire 5 lines
03-21 17:24:45.233  4056  4079 I chatty  : uid=1000 system_server expire 1 line
03-21 17:24:47.781  4056  4090 I chatty  : uid=1000 system_server expire 1 line
03-21 17:24:48.081  4056  4069 I chatty  : uid=1000 system_server expire 1 line
03-21 17:24:48.139  4056  4099 I chatty  : uid=1000 system_server expire 23 lines
03-21 17:24:48.145  4056  4101 I chatty  : uid=1000 system_server expire 1 line
03-21 17:24:48.148  4056  4100 I chatty  : uid=1000 system_server expire 1 line
03-21 17:24:48.151  4056  4099 W PackageManager: Unknown permission com.android.vending.setup.PLAY_SETUP_SERVICE in package com.google.android.setupwizard
03-21 17:24:48.152  4056  4099 W PackageManager: Unknown permission android.permission.WRITE_SYNC_STATS in package com.google.android.apps.docs
03-21 17:24:48.152  4056  4099 W PackageManager: Not granting permission android.permission.INTERACT_ACROSS_USERS to package com.google.android.syncadapters.contacts (protectionLevel=50 flags=0x38883e45)
03-21 17:24:48.152  4056  4099 W PackageManager: Unknown permission com.google.android.syncadapters.contacts.permission.GAL_SEARCH in package com.google.android.syncadapters.contacts
03-21 17:24:48.152  4056  4099 W PackageManager: Unknown permission com.chrome.permission.DEVICE_EXTRAS in package com.android.chrome
03-21 17:24:48.152  4056  4099 W PackageManager: Unknown permission com.sec.enterprise.knox.MDM_CONTENT_PROVIDER in package com.android.chrome
03-21 17:24:48.153  4056  4099 W PackageManager: Unknown permission com.google.android.permission.INSTALL_WEARABLE_PACKAGES in package com.google.android.packageinstaller
03-21 17:24:48.153  4056  4099 W PackageManager: Unknown permission com.google.android.apps.enterprise.dmagent.permission.AutoSyncPermission in package com.google.android.gms
03-21 17:24:48.153  4056  4099 W PackageManager: Unknown permission android.permission.CONNECTIVITY_USE_RESTRICTED_NETWORKS in package com.google.android.gms
03-21 17:24:48.153  4056  4099 W PackageManager: Unknown permission com.google.android.wearable.READ_SETTINGS in package com.google.android.gms
03-21 17:24:48.153  4056  4099 W PackageManager: Unknown permission com.android.vending.setup.PLAY_SETUP_SERVICE in package com.google.android.gms
03-21 17:24:48.153  4056  4099 W PackageManager: Unknown permission com.google.android.vending.verifier.ACCESS_VERIFIER in package com.google.android.gms
03-21 17:24:48.153  4056  4099 W PackageManager: Unknown permission com.android.launcher.permission.PRELOAD_WORKSPACE in package com.google.android.partnersetup
03-21 17:24:48.153  4056  4099 W PackageManager: Not granting permission com.google.android.googleapps.permission.GOOGLE_AUTH to package com.google.android.videos (protectionLevel=2 flags=0x38dbbe45)
03-21 17:24:48.153  4056  4099 W PackageManager: Unknown permission android.permission.RUN_INSTRUMENTATION in package org.chromium.webview_shell
03-21 17:24:48.154  4056  4099 W PackageManager: Unknown permission com.google.android.gallery3d.permission.PICASA_STORE in package com.google.android.apps.photos
03-21 17:24:48.154  4056  4099 W PackageManager: Not granting permission android.permission.WRITE_MEDIA_STORAGE to package com.google.android.apps.photos (protectionLevel=18 flags=0x38d8be45)
03-21 17:24:48.154  4056  4099 W PackageManager: Unknown permission com.google.android.gm.exchange.BIND in package com.google.android.calendar
03-21 17:24:48.154  4056  4099 W PackageManager: Not granting permission android.permission.CONTROL_KEYGUARD to package com.google.android.gsf.login (protectionLevel=2 flags=0x30c8be45)
03-21 17:24:48.154  4056  4099 W PackageManager: Unknown permission com.android.vending.billing.BILLING_ACCOUNT_SERVICE in package com.google.android.gsf.login
03-21 17:24:48.155  4056  4099 W PackageManager: Unknown permission com.android.vending.billing.ADD_CREDIT_CARD in package com.google.android.gsf.login
03-21 17:24:48.155  4056  4099 W PackageManager: Unknown permission com.android.vending.billing.IBillingAccountService.BIND2 in package com.google.android.gsf.login
03-21 17:24:48.155  4056  4099 W PackageManager: Unknown permission com.android.vending.TOS_ACKED in package com.google.android.gsf.login
03-21 17:24:48.156  4056  4099 W PackageManager: Unknown permission com.android.launcher.permission.READ_SETTINGS in package com.android.settings
03-21 17:24:48.156  4056  4099 W PackageManager: Unknown permission com.android.launcher.permission.WRITE_SETTINGS in package com.android.settings
03-21 17:24:48.156  4056  4099 W PackageManager: Not granting permission android.permission.REGISTER_CONNECTION_MANAGER to package com.google.android.talk (protectionLevel=18 flags=0x30c9be45)
03-21 17:24:48.156  4056  4099 W PackageManager: Unknown permission com.android.smspush.WAPPUSH_MANAGER_BIND in package com.android.phone
03-21 17:24:48.157  4056  4056 I SystemServiceManager: Starting com.android.server.DeviceIdleController
03-21 17:24:48.194  4056  4056 E DeviceIdleController: Bad device idle settings
03-21 17:24:48.194  4056  4056 E DeviceIdleController: java.lang.IllegalArgumentException: 'null' in 'null' is not a valid key-value pair
03-21 17:24:48.194  4056  4056 E DeviceIdleController: 	at android.util.KeyValueListParser.setString(KeyValueListParser.java:57)
03-21 17:24:48.194  4056  4056 E DeviceIdleController: 	at com.android.server.DeviceIdleController$Constants.updateConstants(DeviceIdleController.java:788)
03-21 17:24:48.194  4056  4056 E DeviceIdleController: 	at com.android.server.DeviceIdleController$Constants.<init>(DeviceIdleController.java:777)
03-21 17:24:48.194  4056  4056 E DeviceIdleController: 	at com.android.server.DeviceIdleController.onStart(DeviceIdleController.java:1329)
03-21 17:24:48.194  4056  4056 E DeviceIdleController: 	at com.android.server.SystemServiceManager.startService(SystemServiceManager.java:112)
03-21 17:24:48.194  4056  4056 E DeviceIdleController: 	at com.android.server.SystemServer.startOtherServices(SystemServer.java:746)
03-21 17:24:48.194  4056  4056 E DeviceIdleController: 	at com.android.server.SystemServer.run(SystemServer.java:324)
03-21 17:24:48.194  4056  4056 E DeviceIdleController: 	at com.android.server.SystemServer.main(SystemServer.java:209)
03-21 17:24:48.194  4056  4056 E DeviceIdleController: 	at java.lang.reflect.Method.invoke(Native Method)
03-21 17:24:48.194  4056  4056 E DeviceIdleController: 	at com.android.internal.os.ZygoteInit$MethodAndArgsCaller.run(ZygoteInit.java:865)
03-21 17:24:48.194  4056  4056 E DeviceIdleController: 	at com.android.internal.os.ZygoteInit.main(ZygoteInit.java:755)
03-21 17:24:48.196  4056  4056 I SystemServiceManager: Starting com.android.server.devicepolicy.DevicePolicyManagerService$Lifecycle
03-21 17:24:48.201  4056  4099 W MountService: No primary storage mounted!
03-21 17:24:48.201  4056  4099 D VoldConnector: SND -> {2 asec list}
03-21 17:24:48.201  4056  4100 D VoldConnector: RCV <- {200 2 asec operation succeeded}
03-21 17:24:48.202  4056  4056 I SystemServer: StartStatusBarManagerService
03-21 17:24:48.203  4056  4056 I SystemServer: StartClipboardService
03-21 17:24:48.205  4056  4056 I SystemServer: StartNetworkManagementService
03-21 17:24:48.207  4056  4103 I NetworkManagement: onDaemonConnected()
03-21 17:24:48.208  4056  4056 I SystemServiceManager: Starting com.android.server.TextServicesManagerService$Lifecycle
03-21 17:24:48.256  4056  4056 I SystemServer: StartNetworkScoreService
03-21 17:24:48.262  4056  4097 I ActivityManager: Config changes=68 {1.0 ?mcc?mnc [en_US] ldltr sw320dp w320dp h456dp 160dpi nrml port finger -keyb/v/h tball/v s.5}
03-21 17:24:48.265  4056  4056 I SystemServer: StartNetworkStatsService
03-21 17:24:48.279  4056  4056 I SystemServer: StartNetworkPolicyManagerService
03-21 17:24:48.285  4056  4056 I SystemServer: No Wi-Fi NAN Service (NAN support Not Present)
03-21 17:24:48.292  4056  4056 I SystemServiceManager: Starting com.android.server.wifi.p2p.WifiP2pService
03-21 17:24:48.341  4056  4056 I SystemServiceManager: Starting com.android.server.wifi.WifiService
03-21 17:24:48.654  4056  4056 I SystemServiceManager: Starting com.android.server.wifi.scanner.WifiScanningService
03-21 17:24:48.657  4056  4056 I SystemServiceManager: Starting com.android.server.wifi.RttService
03-21 17:24:48.658  4056  4056 I SystemServer: StartConnectivityService
03-21 17:24:48.665  4056  4056 D ConnectivityService: ConnectivityService starting up
03-21 17:24:48.669  4056  4056 D ConnectivityService: wifiOnly=false
03-21 17:24:48.674  4056  4056 I SystemServer: StartNsdService
03-21 17:24:48.677  4056  4056 I SystemServer: StartUpdateLockService
03-21 17:24:48.678  4056  4056 I SystemServiceManager: Starting com.android.server.RecoverySystemService
03-21 17:24:48.679  4056  4056 I SystemServiceManager: Starting com.android.server.notification.NotificationManagerService
03-21 17:24:48.689  4056  4056 D ConditionProviders.SCP: new ScheduleConditionProvider()
03-21 17:24:48.694  4056  4056 D ZenLog  : config: readXml,ZenModeConfig[user=0,allowCalls=true,allowRepeatCallers=false,allowMessages=false,allowCallsFrom=contacts,allowMessagesFrom=contacts,allowReminders=true,allowEvents=true,allowWhenScreenOff=true,allowWhenScreenOn=true,automaticRules={cd18baa493d1429dbcab88024d69f6d3=ZenRule[enabled=false,snoozing=false,name=Weeknight,zenMode=ZEN_MODE_ALARMS,conditionId=condition://android/schedule?days=1.2.3.4.5&start=22.0&end=7.0&exitAtAlarm=false,condition=Condition[id=condition://android/schedule?days=1.2.3.4.5&start=22.0&end=7.0&exitAtAlarm=false,summary=...,line1=...,line2=...,icon=0,state=STATE_FALSE,flags=2],component=ComponentInfo{android/com.android.server.notification.ScheduleConditionProvider},id=cd18baa493d1429dbcab88024d69f6d3,creationTime=1489518819262], eb372a19285f4a8bb33dcc574cb6a615=ZenRule[enabled=false,snoozing=false,name=Weekend,zenMode=ZEN_MODE_ALARMS,conditionId=condition://android/schedule?days=6.7&start=23.30&end=10.0&exitAtAlarm=false,condition=Condition[id=condition://android/schedule?days=6.7&start=23.30&end=10.0&exitAtAlarm=false,summary=...,line1=...,line2=...,icon=0,state=STATE_FALSE,flags=2],component=ComponentInfo{android/com.android.server.notification.ScheduleConditionProvider},id=eb372a19285f4a8bb33dcc574cb6a615,creationTime=1489518819262], 6628f2f8f0a24775a92fa4715cb24925=ZenRule[enabled=false,snoozing=false,name=Event,zenMode=ZEN_MODE_ALARMS,conditionId=condition://android/event?userId=-10000&calendar=&reply=1,condition=Condition[id=condition://android/event?userId=-10000&calendar=&reply=1,summary=...,line1=...,line2=...,icon=0,state=STATE_FALSE,flags=2],component=ComponentInfo{android/com.android.server.notification.EventConditionProvider},id=6628f2f8f0a24775a92fa4715cb24925,creationTime=1489518819262]},manualRule=null],Diff[automaticRule[eb2101bcaabf4413a16dc3ecedaef656]:delete,automaticRule[cd18baa493d1429dbcab88024d69f6d3]:insert,automaticRule[eb372a19285f4a8bb33dcc574cb6a615]:insert,automaticRule[1d4088d94b4e4824afd4e4ea999cd545]:delete,automaticRule[6628f2f8f0a24775a92fa4715cb24925]:insert,automaticRule[5f4d829c2a8940b4897e2c52c0ff2fe0]:delete]
03-21 17:24:48.740  4056  4056 D ZenLog  : set_zen_mode: off,init
03-21 17:24:48.744  4056  4056 I SystemServiceManager: Starting com.android.server.storage.DeviceStorageMonitorService
03-21 17:24:48.746  4056  4056 I SystemServer: StartLocationManagerService
03-21 17:24:48.748  4056  4056 I SystemServer: StartCountryDetectorService
03-21 17:24:48.749  4056  4056 I SystemServer: StartSearchManagerService
03-21 17:24:48.749  4056  4056 I SystemServiceManager: Starting com.android.server.search.SearchManagerService$Lifecycle
03-21 17:24:48.751  4056  4056 I SystemServiceManager: Starting com.android.server.DropBoxManagerService
03-21 17:24:48.752  4056  4056 I SystemServer: StartWallpaperManagerService
03-21 17:24:48.752  4056  4056 I SystemServiceManager: Starting com.android.server.wallpaper.WallpaperManagerService$Lifecycle
03-21 17:24:48.754  4056  4056 E WallpaperManagerService: Invalid wallpaper data
03-21 17:24:48.754  4056  4056 E WallpaperManagerService: Unable to apply new wallpaper
03-21 17:24:48.757  4056  4056 I SystemServer: StartAudioService
03-21 17:24:48.757  4056  4056 I SystemServiceManager: Starting com.android.server.audio.AudioService$Lifecycle
03-21 17:24:48.784  4056  4056 I SystemServiceManager: Starting com.android.server.DockObserver
03-21 17:24:48.784  4056  4056 W DockObserver: This kernel does not have dock station support
03-21 17:24:48.786  4056  4056 I SystemServer: StartWiredAccessoryManager
03-21 17:24:48.787  4056  4056 W WiredAccessoryManager: This kernel does not have usb audio support
03-21 17:24:48.787  4056  4056 W WiredAccessoryManager: This kernel does not have HDMI audio support
03-21 17:24:48.787  4056  4056 I SystemServiceManager: Starting com.android.server.midi.MidiService$Lifecycle
03-21 17:24:48.826  4056  4056 I SystemServer: StartSerialService
03-21 17:24:48.830  4056  4056 I SystemServiceManager: Starting com.android.server.twilight.TwilightService
03-21 17:24:48.834  4056  4056 I SystemServiceManager: Starting com.android.server.job.JobSchedulerService
03-21 17:24:48.842  4056  4056 I SystemServiceManager: Starting com.android.server.soundtrigger.SoundTriggerService
03-21 17:24:48.843  4056  4056 I SystemServiceManager: Starting com.android.server.backup.BackupManagerService$Lifecycle
03-21 17:24:48.844  4056  4056 I SystemServiceManager: Starting com.android.server.appwidget.AppWidgetService
03-21 17:24:48.854  4056  4056 I SystemServiceManager: Starting com.android.server.voiceinteraction.VoiceInteractionManagerService
03-21 17:24:48.858  4056  4056 I SystemServer: Gesture Launcher Service
03-21 17:24:48.858  4056  4056 I SystemServiceManager: Starting com.android.server.GestureLauncherService
03-21 17:24:48.858  4056  4056 I SystemServiceManager: Starting com.android.server.SensorNotificationService
03-21 17:24:48.859  4056  4056 I SystemServiceManager: Starting com.android.server.ContextHubSystemService
03-21 17:24:48.859  4056  4056 I SystemServer: StartDiskStatsService
03-21 17:24:48.860  4056  4056 I SystemServer: StartSamplingProfilerService
